<?xml version="1.0"?>
<link_info>
   <banner>TMS320C6x Linker PC v7.4.2</banner>
   <copyright>Copyright (c) 1996-2012 Texas Instruments Incorporated</copyright>
   <link_time>0x5487ecdd</link_time>
   <output_file>kdsp.out</output_file>
   <entry_point>
      <name>_c_int00</name>
      <address>0x9911b420</address>
   </entry_point>
   <input_file_list>
      <input_file id="fl-3">
         <path>E:\CNC\SKK\CNCK\kdsp\Debug\configPkg\package\cfg\</path>
         <kind>object</kind>
         <file>Dsp_p674.o674</file>
         <name>Dsp_p674.o674</name>
      </input_file>
      <input_file id="fl-b">
         <path>.\src\</path>
         <kind>object</kind>
         <file>struct.obj</file>
         <name>struct.obj</name>
      </input_file>
      <input_file id="fl-c">
         <path>.\src\</path>
         <kind>object</kind>
         <file>spi.obj</file>
         <name>spi.obj</name>
      </input_file>
      <input_file id="fl-d">
         <path>.\src\</path>
         <kind>object</kind>
         <file>sharemem.obj</file>
         <name>sharemem.obj</name>
      </input_file>
      <input_file id="fl-e">
         <path>.\src\</path>
         <kind>object</kind>
         <file>sci.obj</file>
         <name>sci.obj</name>
      </input_file>
      <input_file id="fl-f">
         <path>.\src\</path>
         <kind>object</kind>
         <file>run_nc.obj</file>
         <name>run_nc.obj</name>
      </input_file>
      <input_file id="fl-10">
         <path>.\src\</path>
         <kind>object</kind>
         <file>main_dsp.obj</file>
         <name>main_dsp.obj</name>
      </input_file>
      <input_file id="fl-11">
         <path>.\src\</path>
         <kind>object</kind>
         <file>int_code.obj</file>
         <name>int_code.obj</name>
      </input_file>
      <input_file id="fl-12">
         <path>.\src\</path>
         <kind>object</kind>
         <file>cputimer.obj</file>
         <name>cputimer.obj</name>
      </input_file>
      <input_file id="fl-13">
         <path>.\src\</path>
         <kind>object</kind>
         <file>cpld.obj</file>
         <name>cpld.obj</name>
      </input_file>
      <input_file id="fl-14">
         <path>.\src\</path>
         <kind>object</kind>
         <file>area_control_extend3.obj</file>
         <name>area_control_extend3.obj</name>
      </input_file>
      <input_file id="fl-15">
         <path>.\src\</path>
         <kind>object</kind>
         <file>area_control_extend1.obj</file>
         <name>area_control_extend1.obj</name>
      </input_file>
      <input_file id="fl-16">
         <path>.\src\</path>
         <kind>object</kind>
         <file>area_control.obj</file>
         <name>area_control.obj</name>
      </input_file>
      <input_file id="fl-17">
         <path>.\src\</path>
         <kind>object</kind>
         <file>area_code_rec.obj</file>
         <name>area_code_rec.obj</name>
      </input_file>
      <input_file id="fl-18">
         <path>.\src\</path>
         <kind>object</kind>
         <file>Uart.obj</file>
         <name>Uart.obj</name>
      </input_file>
      <input_file id="fl-1d">
         <path>C:\ti\ipc_1_25_03_15\packages\ti\sdo\ipc\lib\ipc\nonInstrumented\</path>
         <kind>archive</kind>
         <file>ipc.a674</file>
         <name>Ipc.obj</name>
      </input_file>
      <input_file id="fl-1e">
         <path>C:\ti\bios_6_35_01_29\packages\ti\sysbios\lib\sysbios\nonInstrumented\</path>
         <kind>archive</kind>
         <file>sysbios.a674</file>
         <name>BIOS.obj</name>
      </input_file>
      <input_file id="fl-1f">
         <path>C:\ti\bios_6_35_01_29\packages\ti\sysbios\lib\sysbios\nonInstrumented\</path>
         <kind>archive</kind>
         <file>sysbios.a674</file>
         <name>c64p_Hwi_disp_always.obj</name>
      </input_file>
      <input_file id="fl-20">
         <path>C:\ti\bios_6_35_01_29\packages\ti\sysbios\lib\sysbios\nonInstrumented\</path>
         <kind>archive</kind>
         <file>sysbios.a674</file>
         <name>c64p_Hwi_asm.obj</name>
      </input_file>
      <input_file id="fl-21">
         <path>C:\ti\bios_6_35_01_29\packages\ti\sysbios\lib\sysbios\nonInstrumented\</path>
         <kind>archive</kind>
         <file>sysbios.a674</file>
         <name>c64p_Hwi_asm_switch.obj</name>
      </input_file>
      <input_file id="fl-22">
         <path>C:\ti\bios_6_35_01_29\packages\ti\sysbios\lib\sysbios\nonInstrumented\</path>
         <kind>archive</kind>
         <file>sysbios.a674</file>
         <name>c64p_Exception_asm.obj</name>
      </input_file>
      <input_file id="fl-23">
         <path>C:\ti\bios_6_35_01_29\packages\ti\sysbios\lib\sysbios\nonInstrumented\</path>
         <kind>archive</kind>
         <file>sysbios.a674</file>
         <name>c62_TaskSupport_asm.obj</name>
      </input_file>
      <input_file id="fl-24">
         <path>C:\ti\bios_6_35_01_29\packages\ti\sysbios\lib\sysbios\nonInstrumented\</path>
         <kind>archive</kind>
         <file>sysbios.a674</file>
         <name>timer64_Timer_asm.obj</name>
      </input_file>
      <input_file id="fl-25">
         <path>C:\ti\bios_6_35_01_29\packages\ti\sysbios\lib\sysbios\nonInstrumented\</path>
         <kind>archive</kind>
         <file>sysbios.a674</file>
         <name>dmtimer_Timer_asm.obj</name>
      </input_file>
      <input_file id="fl-26">
         <path>C:\ti\uia_1_03_00_02\packages\ti\uia\runtime\lib\release\</path>
         <kind>archive</kind>
         <file>ti.uia.runtime.a674</file>
         <name>LoggerSM.o674</name>
      </input_file>
      <input_file id="fl-27">
         <path>C:\ti\xdctools_3_25_00_48\packages\ti\targets\rts6000\lib\</path>
         <kind>archive</kind>
         <file>ti.targets.rts6000.a674</file>
         <name>Core-mem.o674</name>
      </input_file>
      <input_file id="fl-28">
         <path>C:\ti\xdctools_3_25_00_48\packages\ti\targets\rts6000\lib\</path>
         <kind>archive</kind>
         <file>ti.targets.rts6000.a674</file>
         <name>Core-label.o674</name>
      </input_file>
      <input_file id="fl-29">
         <path>C:\ti\xdctools_3_25_00_48\packages\ti\targets\rts6000\lib\</path>
         <kind>archive</kind>
         <file>ti.targets.rts6000.a674</file>
         <name>Core-params.o674</name>
      </input_file>
      <input_file id="fl-2a">
         <path>C:\ti\xdctools_3_25_00_48\packages\ti\targets\rts6000\lib\</path>
         <kind>archive</kind>
         <file>ti.targets.rts6000.a674</file>
         <name>Diags.o674</name>
      </input_file>
      <input_file id="fl-2b">
         <path>C:\ti\xdctools_3_25_00_48\packages\ti\targets\rts6000\lib\</path>
         <kind>archive</kind>
         <file>ti.targets.rts6000.a674</file>
         <name>Error.o674</name>
      </input_file>
      <input_file id="fl-2c">
         <path>C:\ti\xdctools_3_25_00_48\packages\ti\targets\rts6000\lib\</path>
         <kind>archive</kind>
         <file>ti.targets.rts6000.a674</file>
         <name>Gate.o674</name>
      </input_file>
      <input_file id="fl-2d">
         <path>C:\ti\xdctools_3_25_00_48\packages\ti\targets\rts6000\lib\</path>
         <kind>archive</kind>
         <file>ti.targets.rts6000.a674</file>
         <name>GateNull.o674</name>
      </input_file>
      <input_file id="fl-2e">
         <path>C:\ti\xdctools_3_25_00_48\packages\ti\targets\rts6000\lib\</path>
         <kind>archive</kind>
         <file>ti.targets.rts6000.a674</file>
         <name>Log.o674</name>
      </input_file>
      <input_file id="fl-2f">
         <path>C:\ti\xdctools_3_25_00_48\packages\ti\targets\rts6000\lib\</path>
         <kind>archive</kind>
         <file>ti.targets.rts6000.a674</file>
         <name>Memory.o674</name>
      </input_file>
      <input_file id="fl-30">
         <path>C:\ti\xdctools_3_25_00_48\packages\ti\targets\rts6000\lib\</path>
         <kind>archive</kind>
         <file>ti.targets.rts6000.a674</file>
         <name>Registry.o674</name>
      </input_file>
      <input_file id="fl-31">
         <path>C:\ti\xdctools_3_25_00_48\packages\ti\targets\rts6000\lib\</path>
         <kind>archive</kind>
         <file>ti.targets.rts6000.a674</file>
         <name>Startup.o674</name>
      </input_file>
      <input_file id="fl-32">
         <path>C:\ti\xdctools_3_25_00_48\packages\ti\targets\rts6000\lib\</path>
         <kind>archive</kind>
         <file>ti.targets.rts6000.a674</file>
         <name>System.o674</name>
      </input_file>
      <input_file id="fl-33">
         <path>C:\ti\xdctools_3_25_00_48\packages\ti\targets\rts6000\lib\</path>
         <kind>archive</kind>
         <file>ti.targets.rts6000.a674</file>
         <name>SysMin.o674</name>
      </input_file>
      <input_file id="fl-34">
         <path>C:\ti\xdctools_3_25_00_48\packages\ti\targets\rts6000\lib\</path>
         <kind>archive</kind>
         <file>ti.targets.rts6000.a674</file>
         <name>Text.o674</name>
      </input_file>
      <input_file id="fl-35">
         <path>C:\ti\xdctools_3_25_00_48\packages\ti\targets\rts6000\lib\</path>
         <kind>archive</kind>
         <file>ti.targets.rts6000.a674</file>
         <name>Timestamp.o674</name>
      </input_file>
      <input_file id="fl-36">
         <path>C:\ti\xdctools_3_25_00_48\packages\ti\targets\rts6000\lib\</path>
         <kind>archive</kind>
         <file>ti.targets.rts6000.a674</file>
         <name>xdc_noinit.o674</name>
      </input_file>
      <input_file id="fl-37">
         <path>C:\ti\xdctools_3_25_00_48\packages\ti\targets\rts6000\lib\</path>
         <kind>archive</kind>
         <file>ti.targets.rts6000.a674</file>
         <name>GateThread.o674</name>
      </input_file>
      <input_file id="fl-38">
         <path>C:\ti\xdctools_3_25_00_48\packages\ti\targets\rts6000\lib\</path>
         <kind>archive</kind>
         <file>ti.targets.rts6000.a674</file>
         <name>Assert.o674</name>
      </input_file>
      <input_file id="fl-39">
         <path>C:\ti\xdctools_3_25_00_48\packages\ti\targets\rts6000\lib\</path>
         <kind>archive</kind>
         <file>boot.a674</file>
         <name>boot.o674</name>
      </input_file>
      <input_file id="fl-3a">
         <path>C:\ti\xdctools_3_25_00_48\packages\ti\targets\rts6000\lib\</path>
         <kind>archive</kind>
         <file>boot.a674</file>
         <name>autoinit.o674</name>
      </input_file>
      <input_file id="fl-3e">
         <path>C:\ti\mathlib_c674x_3_1_0_0\packages\ti\mathlib\lib\</path>
         <kind>archive</kind>
         <file>mathlib.a674</file>
         <name>acosdp.o674</name>
      </input_file>
      <input_file id="fl-3f">
         <path>C:\ti\mathlib_c674x_3_1_0_0\packages\ti\mathlib\lib\</path>
         <kind>archive</kind>
         <file>mathlib.a674</file>
         <name>atan2dp.o674</name>
      </input_file>
      <input_file id="fl-40">
         <path>C:\ti\mathlib_c674x_3_1_0_0\packages\ti\mathlib\lib\</path>
         <kind>archive</kind>
         <file>mathlib.a674</file>
         <name>atandp.o674</name>
      </input_file>
      <input_file id="fl-41">
         <path>C:\ti\mathlib_c674x_3_1_0_0\packages\ti\mathlib\lib\</path>
         <kind>archive</kind>
         <file>mathlib.a674</file>
         <name>cosdp.o674</name>
      </input_file>
      <input_file id="fl-42">
         <path>C:\ti\mathlib_c674x_3_1_0_0\packages\ti\mathlib\lib\</path>
         <kind>archive</kind>
         <file>mathlib.a674</file>
         <name>divdp.o674</name>
      </input_file>
      <input_file id="fl-43">
         <path>C:\ti\mathlib_c674x_3_1_0_0\packages\ti\mathlib\lib\</path>
         <kind>archive</kind>
         <file>mathlib.a674</file>
         <name>expdp.o674</name>
      </input_file>
      <input_file id="fl-44">
         <path>C:\ti\mathlib_c674x_3_1_0_0\packages\ti\mathlib\lib\</path>
         <kind>archive</kind>
         <file>mathlib.a674</file>
         <name>logdp.o674</name>
      </input_file>
      <input_file id="fl-45">
         <path>C:\ti\mathlib_c674x_3_1_0_0\packages\ti\mathlib\lib\</path>
         <kind>archive</kind>
         <file>mathlib.a674</file>
         <name>powdp.o674</name>
      </input_file>
      <input_file id="fl-46">
         <path>C:\ti\mathlib_c674x_3_1_0_0\packages\ti\mathlib\lib\</path>
         <kind>archive</kind>
         <file>mathlib.a674</file>
         <name>recipdp.o674</name>
      </input_file>
      <input_file id="fl-47">
         <path>C:\ti\mathlib_c674x_3_1_0_0\packages\ti\mathlib\lib\</path>
         <kind>archive</kind>
         <file>mathlib.a674</file>
         <name>sindp.o674</name>
      </input_file>
      <input_file id="fl-48">
         <path>C:\ti\mathlib_c674x_3_1_0_0\packages\ti\mathlib\lib\</path>
         <kind>archive</kind>
         <file>mathlib.a674</file>
         <name>sqrtdp.o674</name>
      </input_file>
      <input_file id="fl-c0">
         <path>c:\Ti\ccsv5\tools\compiler\c6000_7.4.2\lib\</path>
         <kind>archive</kind>
         <file>rts6740.lib</file>
         <name>_lock.obj</name>
      </input_file>
      <input_file id="fl-c1">
         <path>c:\Ti\ccsv5\tools\compiler\c6000_7.4.2\lib\</path>
         <kind>archive</kind>
         <file>rts6740.lib</file>
         <name>args_main.obj</name>
      </input_file>
      <input_file id="fl-c2">
         <path>c:\Ti\ccsv5\tools\compiler\c6000_7.4.2\lib\</path>
         <kind>archive</kind>
         <file>rts6740.lib</file>
         <name>atexit.obj</name>
      </input_file>
      <input_file id="fl-c3">
         <path>c:\Ti\ccsv5\tools\compiler\c6000_7.4.2\lib\</path>
         <kind>archive</kind>
         <file>rts6740.lib</file>
         <name>divd.obj</name>
      </input_file>
      <input_file id="fl-c4">
         <path>c:\Ti\ccsv5\tools\compiler\c6000_7.4.2\lib\</path>
         <kind>archive</kind>
         <file>rts6740.lib</file>
         <name>divi.obj</name>
      </input_file>
      <input_file id="fl-c5">
         <path>c:\Ti\ccsv5\tools\compiler\c6000_7.4.2\lib\</path>
         <kind>archive</kind>
         <file>rts6740.lib</file>
         <name>divu.obj</name>
      </input_file>
      <input_file id="fl-c6">
         <path>c:\Ti\ccsv5\tools\compiler\c6000_7.4.2\lib\</path>
         <kind>archive</kind>
         <file>rts6740.lib</file>
         <name>errno.obj</name>
      </input_file>
      <input_file id="fl-c7">
         <path>c:\Ti\ccsv5\tools\compiler\c6000_7.4.2\lib\</path>
         <kind>archive</kind>
         <file>rts6740.lib</file>
         <name>exit.obj</name>
      </input_file>
      <input_file id="fl-c8">
         <path>c:\Ti\ccsv5\tools\compiler\c6000_7.4.2\lib\</path>
         <kind>archive</kind>
         <file>rts6740.lib</file>
         <name>fixdli.obj</name>
      </input_file>
      <input_file id="fl-c9">
         <path>c:\Ti\ccsv5\tools\compiler\c6000_7.4.2\lib\</path>
         <kind>archive</kind>
         <file>rts6740.lib</file>
         <name>fixdu.obj</name>
      </input_file>
      <input_file id="fl-ca">
         <path>c:\Ti\ccsv5\tools\compiler\c6000_7.4.2\lib\</path>
         <kind>archive</kind>
         <file>rts6740.lib</file>
         <name>fltlid.obj</name>
      </input_file>
      <input_file id="fl-cb">
         <path>c:\Ti\ccsv5\tools\compiler\c6000_7.4.2\lib\</path>
         <kind>archive</kind>
         <file>rts6740.lib</file>
         <name>frcmpyd_div.obj</name>
      </input_file>
      <input_file id="fl-cc">
         <path>c:\Ti\ccsv5\tools\compiler\c6000_7.4.2\lib\</path>
         <kind>archive</kind>
         <file>rts6740.lib</file>
         <name>imath64.obj</name>
      </input_file>
      <input_file id="fl-cd">
         <path>c:\Ti\ccsv5\tools\compiler\c6000_7.4.2\lib\</path>
         <kind>archive</kind>
         <file>rts6740.lib</file>
         <name>llshift.obj</name>
      </input_file>
      <input_file id="fl-ce">
         <path>c:\Ti\ccsv5\tools\compiler\c6000_7.4.2\lib\</path>
         <kind>archive</kind>
         <file>rts6740.lib</file>
         <name>memcpy64.obj</name>
      </input_file>
      <input_file id="fl-cf">
         <path>c:\Ti\ccsv5\tools\compiler\c6000_7.4.2\lib\</path>
         <kind>archive</kind>
         <file>rts6740.lib</file>
         <name>memset.obj</name>
      </input_file>
      <input_file id="fl-d0">
         <path>c:\Ti\ccsv5\tools\compiler\c6000_7.4.2\lib\</path>
         <kind>archive</kind>
         <file>rts6740.lib</file>
         <name>negll.obj</name>
      </input_file>
      <input_file id="fl-d1">
         <path>c:\Ti\ccsv5\tools\compiler\c6000_7.4.2\lib\</path>
         <kind>archive</kind>
         <file>rts6740.lib</file>
         <name>qsort.obj</name>
      </input_file>
      <input_file id="fl-d2">
         <path>c:\Ti\ccsv5\tools\compiler\c6000_7.4.2\lib\</path>
         <kind>archive</kind>
         <file>rts6740.lib</file>
         <name>remi.obj</name>
      </input_file>
      <input_file id="fl-d3">
         <path>c:\Ti\ccsv5\tools\compiler\c6000_7.4.2\lib\</path>
         <kind>archive</kind>
         <file>rts6740.lib</file>
         <name>remu.obj</name>
      </input_file>
      <input_file id="fl-d4">
         <path>c:\Ti\ccsv5\tools\compiler\c6000_7.4.2\lib\</path>
         <kind>archive</kind>
         <file>rts6740.lib</file>
         <name>sinit.obj</name>
      </input_file>
      <input_file id="fl-d5">
         <path>c:\Ti\ccsv5\tools\compiler\c6000_7.4.2\lib\</path>
         <kind>archive</kind>
         <file>rts6740.lib</file>
         <name>strasg.obj</name>
      </input_file>
      <input_file id="fl-d6">
         <path>c:\Ti\ccsv5\tools\compiler\c6000_7.4.2\lib\</path>
         <kind>archive</kind>
         <file>rts6740.lib</file>
         <name>strcpy.obj</name>
      </input_file>
      <input_file id="fl-d7">
         <path>c:\Ti\ccsv5\tools\compiler\c6000_7.4.2\lib\</path>
         <kind>archive</kind>
         <file>rts6740.lib</file>
         <name>strpbrk.obj</name>
      </input_file>
      <input_file id="fl-d8">
         <path>c:\Ti\ccsv5\tools\compiler\c6000_7.4.2\lib\</path>
         <kind>archive</kind>
         <file>rts6740.lib</file>
         <name>trgdrv.obj</name>
      </input_file>
      <input_file id="fl-d9">
         <path>c:\Ti\ccsv5\tools\compiler\c6000_7.4.2\lib\</path>
         <kind>archive</kind>
         <file>rts6740.lib</file>
         <name>trgmsg.obj</name>
      </input_file>
      <input_file id="fl-da">
         <path>c:\Ti\ccsv5\tools\compiler\c6000_7.4.2\lib\</path>
         <kind>archive</kind>
         <file>rts6740.lib</file>
         <name>abs.obj</name>
      </input_file>
   </input_file_list>
   <object_component_list>
      <object_component id="oc-33">
         <name>ti_sdo_ipc_init</name>
         <load_address>0x99147c00</load_address>
         <run_address>0x99147c00</run_address>
         <size>0x8c</size>
         <input_file_ref idref="fl-3"/>
      </object_component>
      <object_component id="oc-2cc">
         <name>.text</name>
         <load_address>0x990d1360</load_address>
         <run_address>0x990d1360</run_address>
         <size>0x159e0</size>
         <input_file_ref idref="fl-14"/>
      </object_component>
      <object_component id="oc-278">
         <name>.text</name>
         <load_address>0x990e6d40</load_address>
         <run_address>0x990e6d40</run_address>
         <size>0xe460</size>
         <input_file_ref idref="fl-16"/>
      </object_component>
      <object_component id="oc-1f9">
         <name>.text</name>
         <load_address>0x990f51a0</load_address>
         <run_address>0x990f51a0</run_address>
         <size>0x8800</size>
         <input_file_ref idref="fl-e"/>
      </object_component>
      <object_component id="oc-2cd">
         <name>.text</name>
         <load_address>0x990fd9a0</load_address>
         <run_address>0x990fd9a0</run_address>
         <size>0x4860</size>
         <input_file_ref idref="fl-15"/>
      </object_component>
      <object_component id="oc-271">
         <name>.text</name>
         <load_address>0x99102200</load_address>
         <run_address>0x99102200</run_address>
         <size>0x3d60</size>
         <input_file_ref idref="fl-17"/>
      </object_component>
      <object_component id="oc-275">
         <name>.text</name>
         <load_address>0x99105f60</load_address>
         <run_address>0x99105f60</run_address>
         <size>0x3960</size>
         <input_file_ref idref="fl-f"/>
      </object_component>
      <object_component id="oc-202">
         <name>.text</name>
         <load_address>0x991098c0</load_address>
         <run_address>0x991098c0</run_address>
         <size>0x3420</size>
         <input_file_ref idref="fl-13"/>
      </object_component>
      <object_component id="oc-192">
         <name>.text</name>
         <load_address>0x9910cce0</load_address>
         <run_address>0x9910cce0</run_address>
         <size>0x2e80</size>
         <input_file_ref idref="fl-10"/>
      </object_component>
      <object_component id="oc-1f7">
         <name>.text</name>
         <load_address>0x9910fb60</load_address>
         <run_address>0x9910fb60</run_address>
         <size>0xca0</size>
         <input_file_ref idref="fl-c"/>
      </object_component>
      <object_component id="oc-2ac">
         <name>.text:_xdc_runtime_System_doPrint__I</name>
         <load_address>0x99110800</load_address>
         <run_address>0x99110800</run_address>
         <size>0x8c0</size>
         <input_file_ref idref="fl-32"/>
      </object_component>
      <object_component id="oc-18e">
         <name>.text:_ti_sysbios_family_c64p_Exception_handler__I</name>
         <load_address>0x991110c0</load_address>
         <run_address>0x991110c0</run_address>
         <size>0x880</size>
         <input_file_ref idref="fl-1e"/>
      </object_component>
      <object_component id="oc-2cb">
         <name>.text:optci</name>
         <load_address>0x99111940</load_address>
         <run_address>0x99111940</run_address>
         <size>0x5c0</size>
         <input_file_ref idref="fl-3e"/>
      </object_component>
      <object_component id="oc-270">
         <name>.text:__divd</name>
         <load_address>0x99111f00</load_address>
         <run_address>0x99111f00</run_address>
         <size>0x5a0</size>
         <input_file_ref idref="fl-c3"/>
      </object_component>
      <object_component id="oc-1fb">
         <name>.text</name>
         <load_address>0x991124a0</load_address>
         <run_address>0x991124a0</run_address>
         <size>0x4c0</size>
         <input_file_ref idref="fl-11"/>
      </object_component>
      <object_component id="oc-23f">
         <name>.text:_ti_uia_runtime_LoggerSM_write__I</name>
         <load_address>0x99112960</load_address>
         <run_address>0x99112960</run_address>
         <size>0x440</size>
         <input_file_ref idref="fl-26"/>
      </object_component>
      <object_component id="oc-31a">
         <name>.text:_xdc_runtime_System_printfExtend__I</name>
         <load_address>0x99112da0</load_address>
         <run_address>0x99112da0</run_address>
         <size>0x440</size>
         <input_file_ref idref="fl-3"/>
      </object_component>
      <object_component id="oc-3a4">
         <name>.text:_ti_sysbios_timers_dmtimer_Timer_deviceConfig__I</name>
         <load_address>0x991131e0</load_address>
         <run_address>0x991131e0</run_address>
         <size>0x340</size>
         <input_file_ref idref="fl-1e"/>
      </object_component>
      <object_component id="oc-21c">
         <name>.text:_ti_sysbios_knl_Semaphore_pend__E</name>
         <load_address>0x99113520</load_address>
         <run_address>0x99113520</run_address>
         <size>0x300</size>
         <input_file_ref idref="fl-1e"/>
      </object_component>
      <object_component id="oc-269">
         <name>.text:_ti_sysbios_knl_Task_Instance_finalize__F</name>
         <load_address>0x99113820</load_address>
         <run_address>0x99113820</run_address>
         <size>0x300</size>
         <input_file_ref idref="fl-1e"/>
      </object_component>
      <object_component id="oc-3a3">
         <name>.text:_ti_sysbios_timers_dmtimer_Timer_checkFreq__I</name>
         <load_address>0x99113b20</load_address>
         <run_address>0x99113b20</run_address>
         <size>0x2c0</size>
         <input_file_ref idref="fl-1e"/>
      </object_component>
      <object_component id="oc-ef">
         <name>.text:optasm</name>
         <load_address>0x99113de0</load_address>
         <run_address>0x99113de0</run_address>
         <size>0x2c0</size>
         <input_file_ref idref="fl-3f"/>
      </object_component>
      <object_component id="oc-3c6">
         <name>.text:_ti_sysbios_timers_dmtimer_Timer_setPeriodMicroSecs__E</name>
         <load_address>0x991140a0</load_address>
         <run_address>0x991140a0</run_address>
         <size>0x280</size>
         <input_file_ref idref="fl-1e"/>
      </object_component>
      <object_component id="oc-1e5">
         <name>.text:_xdc_runtime_Error_raiseX__F</name>
         <load_address>0x99114320</load_address>
         <run_address>0x99114320</run_address>
         <size>0x280</size>
         <input_file_ref idref="fl-2b"/>
      </object_component>
      <object_component id="oc-1f8">
         <name>.text</name>
         <load_address>0x991145a0</load_address>
         <run_address>0x991145a0</run_address>
         <size>0x280</size>
         <input_file_ref idref="fl-d"/>
      </object_component>
      <object_component id="oc-3c4">
         <name>.text:__divull</name>
         <load_address>0x99114820</load_address>
         <run_address>0x99114820</run_address>
         <size>0x260</size>
         <input_file_ref idref="fl-cc"/>
      </object_component>
      <object_component id="oc-1df">
         <name>.text:_ti_sysbios_family_c64p_Exception_internalHandler__I</name>
         <load_address>0x99114a80</load_address>
         <run_address>0x99114a80</run_address>
         <size>0x260</size>
         <input_file_ref idref="fl-1e"/>
      </object_component>
      <object_component id="oc-2f4">
         <name>.text:_xdc_runtime_Startup_startMods__I</name>
         <load_address>0x99114ce0</load_address>
         <run_address>0x99114ce0</run_address>
         <size>0x260</size>
         <input_file_ref idref="fl-31"/>
      </object_component>
      <object_component id="oc-1cf">
         <name>.text:_ti_uia_runtime_LoggerSM_write8__E</name>
         <load_address>0x99114f40</load_address>
         <run_address>0x99114f40</run_address>
         <size>0x240</size>
         <input_file_ref idref="fl-26"/>
      </object_component>
      <object_component id="oc-2b7">
         <name>.text:_ti_sysbios_family_c64p_Hwi_reconfig__E</name>
         <load_address>0x99115180</load_address>
         <run_address>0x99115180</run_address>
         <size>0x220</size>
         <input_file_ref idref="fl-1e"/>
      </object_component>
      <object_component id="oc-1af">
         <name>.text:_ti_sysbios_gates_GateMutexPri_enter__E</name>
         <load_address>0x991153a0</load_address>
         <run_address>0x991153a0</run_address>
         <size>0x220</size>
         <input_file_ref idref="fl-1e"/>
      </object_component>
      <object_component id="oc-213">
         <name>.text:_xdc_runtime_Core_createObject__I</name>
         <load_address>0x991155c0</load_address>
         <run_address>0x991155c0</run_address>
         <size>0x220</size>
         <input_file_ref idref="fl-27"/>
      </object_component>
      <object_component id="oc-18d">
         <name>.text:_ti_sysbios_family_c64p_Hwi_dispatchAlways</name>
         <load_address>0x991157e0</load_address>
         <run_address>0x991157e0</run_address>
         <size>0x200</size>
         <input_file_ref idref="fl-1f"/>
      </object_component>
      <object_component id="oc-1e0">
         <name>.text:_ti_sysbios_family_c64p_Exception_externalHandler__I</name>
         <load_address>0x991159e0</load_address>
         <run_address>0x991159e0</run_address>
         <size>0x1e0</size>
         <input_file_ref idref="fl-1e"/>
      </object_component>
      <object_component id="oc-268">
         <name>.text:_ti_sysbios_knl_Task_Instance_init__F</name>
         <load_address>0x99115bc0</load_address>
         <run_address>0x99115bc0</run_address>
         <size>0x1e0</size>
         <input_file_ref idref="fl-1e"/>
      </object_component>
      <object_component id="oc-307">
         <name>.text:_ti_sysbios_knl_Task_checkStacks__E</name>
         <load_address>0x99115da0</load_address>
         <run_address>0x99115da0</run_address>
         <size>0x1e0</size>
         <input_file_ref idref="fl-1e"/>
      </object_component>
      <object_component id="oc-1cb">
         <name>.text:_ti_uia_runtime_LoggerSM_write0__E</name>
         <load_address>0x99115f80</load_address>
         <run_address>0x99115f80</run_address>
         <size>0x1e0</size>
         <input_file_ref idref="fl-26"/>
      </object_component>
      <object_component id="oc-1cc">
         <name>.text:_ti_uia_runtime_LoggerSM_write1__E</name>
         <load_address>0x99116160</load_address>
         <run_address>0x99116160</run_address>
         <size>0x1e0</size>
         <input_file_ref idref="fl-26"/>
      </object_component>
      <object_component id="oc-1ce">
         <name>.text:_ti_uia_runtime_LoggerSM_write4__E</name>
         <load_address>0x99116340</load_address>
         <run_address>0x99116340</run_address>
         <size>0x1e0</size>
         <input_file_ref idref="fl-26"/>
      </object_component>
      <object_component id="oc-f4">
         <name>.text:optasm</name>
         <load_address>0x99116520</load_address>
         <run_address>0x99116520</run_address>
         <size>0x1e0</size>
         <input_file_ref idref="fl-40"/>
      </object_component>
      <object_component id="oc-326">
         <name>.text:_ti_sysbios_family_c64p_Cache_block__I</name>
         <load_address>0x99116700</load_address>
         <run_address>0x99116700</run_address>
         <size>0x1c0</size>
         <input_file_ref idref="fl-1e"/>
      </object_component>
      <object_component id="oc-24f">
         <name>.text:_ti_sysbios_family_c64p_Exception_decodeMpfsr__I</name>
         <load_address>0x991168c0</load_address>
         <run_address>0x991168c0</run_address>
         <size>0x1c0</size>
         <input_file_ref idref="fl-1e"/>
      </object_component>
      <object_component id="oc-2ff">
         <name>.text:_ti_sysbios_knl_Task_exit__E</name>
         <load_address>0x99116a80</load_address>
         <run_address>0x99116a80</run_address>
         <size>0x1c0</size>
         <input_file_ref idref="fl-1e"/>
      </object_component>
      <object_component id="oc-2bf">
         <name>.text:_ti_sysbios_knl_Task_postInit__I</name>
         <load_address>0x99116c40</load_address>
         <run_address>0x99116c40</run_address>
         <size>0x1c0</size>
         <input_file_ref idref="fl-1e"/>
      </object_component>
      <object_component id="oc-1cd">
         <name>.text:_ti_uia_runtime_LoggerSM_write2__E</name>
         <load_address>0x99116e00</load_address>
         <run_address>0x99116e00</run_address>
         <size>0x1c0</size>
         <input_file_ref idref="fl-26"/>
      </object_component>
      <object_component id="oc-352">
         <name>.text:_xdc_runtime_Text_putSite__F</name>
         <load_address>0x99116fc0</load_address>
         <run_address>0x99116fc0</run_address>
         <size>0x1c0</size>
         <input_file_ref idref="fl-34"/>
      </object_component>
      <object_component id="oc-107">
         <name>.text:optasm</name>
         <load_address>0x99117180</load_address>
         <run_address>0x99117180</run_address>
         <size>0x1c0</size>
         <input_file_ref idref="fl-44"/>
      </object_component>
      <object_component id="oc-1bb">
         <name>.text:_ti_sysbios_heaps_HeapMem_alloc__E</name>
         <load_address>0x99117340</load_address>
         <run_address>0x99117340</run_address>
         <size>0x180</size>
         <input_file_ref idref="fl-1e"/>
      </object_component>
      <object_component id="oc-236">
         <name>.text:_ti_sysbios_knl_Swi_schedule__I</name>
         <load_address>0x991174c0</load_address>
         <run_address>0x991174c0</run_address>
         <size>0x180</size>
         <input_file_ref idref="fl-1e"/>
      </object_component>
      <object_component id="oc-224">
         <name>.text:_ti_sysbios_knl_Task_setPri__E</name>
         <load_address>0x99117640</load_address>
         <run_address>0x99117640</run_address>
         <size>0x180</size>
         <input_file_ref idref="fl-1e"/>
      </object_component>
      <object_component id="oc-2e6">
         <name>.text:_xdc_runtime_Registry_findById__E</name>
         <load_address>0x991177c0</load_address>
         <run_address>0x991177c0</run_address>
         <size>0x180</size>
         <input_file_ref idref="fl-3"/>
      </object_component>
      <object_component id="oc-f9">
         <name>.text:optasm</name>
         <load_address>0x99117940</load_address>
         <run_address>0x99117940</run_address>
         <size>0x180</size>
         <input_file_ref idref="fl-41"/>
      </object_component>
      <object_component id="oc-102">
         <name>.text:optasm</name>
         <load_address>0x99117ac0</load_address>
         <run_address>0x99117ac0</run_address>
         <size>0x180</size>
         <input_file_ref idref="fl-43"/>
      </object_component>
      <object_component id="oc-115">
         <name>.text:optasm</name>
         <load_address>0x99117c40</load_address>
         <run_address>0x99117c40</run_address>
         <size>0x180</size>
         <input_file_ref idref="fl-47"/>
      </object_component>
      <object_component id="oc-90">
         <name>.text</name>
         <load_address>0x99117dc0</load_address>
         <run_address>0x99117dc0</run_address>
         <size>0x180</size>
         <input_file_ref idref="fl-22"/>
      </object_component>
      <object_component id="oc-3bd">
         <name>.text:_ti_sdo_ipc_Notify_Instance_init__F</name>
         <load_address>0x99117f40</load_address>
         <run_address>0x99117f40</run_address>
         <size>0x160</size>
         <input_file_ref idref="fl-1d"/>
      </object_component>
      <object_component id="oc-297">
         <name>.text:_ti_sysbios_knl_Task_schedule__I</name>
         <load_address>0x991180a0</load_address>
         <run_address>0x991180a0</run_address>
         <size>0x160</size>
         <input_file_ref idref="fl-1e"/>
      </object_component>
      <object_component id="oc-20f">
         <name>.text:_ti_sysbios_knl_Task_startCore__E</name>
         <load_address>0x99118200</load_address>
         <run_address>0x99118200</run_address>
         <size>0x160</size>
         <input_file_ref idref="fl-1e"/>
      </object_component>
      <object_component id="oc-2d2">
         <name>.text:_ti_sysbios_timers_dmtimer_Timer_start__E</name>
         <load_address>0x99118360</load_address>
         <run_address>0x99118360</run_address>
         <size>0x160</size>
         <input_file_ref idref="fl-1e"/>
      </object_component>
      <object_component id="oc-1bc">
         <name>.text:_ti_sysbios_heaps_HeapMem_free__E</name>
         <load_address>0x991184c0</load_address>
         <run_address>0x991184c0</run_address>
         <size>0x140</size>
         <input_file_ref idref="fl-1e"/>
      </object_component>
      <object_component id="oc-375">
         <name>.text:_ti_sysbios_knl_Task_Module_startup__F</name>
         <load_address>0x99118600</load_address>
         <run_address>0x99118600</run_address>
         <size>0x140</size>
         <input_file_ref idref="fl-1e"/>
      </object_component>
      <object_component id="oc-279">
         <name>.text:_ti_sysbios_knl_Task_sleep__E</name>
         <load_address>0x99118740</load_address>
         <run_address>0x99118740</run_address>
         <size>0x140</size>
         <input_file_ref idref="fl-1e"/>
      </object_component>
      <object_component id="oc-351">
         <name>.text:_xdc_runtime_Text_putLab__F</name>
         <load_address>0x99118880</load_address>
         <run_address>0x99118880</run_address>
         <size>0x140</size>
         <input_file_ref idref="fl-34"/>
      </object_component>
      <object_component id="oc-10c">
         <name>.text:optasm</name>
         <load_address>0x991189c0</load_address>
         <run_address>0x991189c0</run_address>
         <size>0x140</size>
         <input_file_ref idref="fl-45"/>
      </object_component>
      <object_component id="oc-179">
         <name>.text:__auto_init</name>
         <load_address>0x99118b00</load_address>
         <run_address>0x99118b00</run_address>
         <size>0x120</size>
         <input_file_ref idref="fl-3a"/>
      </object_component>
      <object_component id="oc-377">
         <name>.text:_ti_sdo_ipc_MessageQ_Module_startup__F</name>
         <load_address>0x99118c20</load_address>
         <run_address>0x99118c20</run_address>
         <size>0x120</size>
         <input_file_ref idref="fl-1d"/>
      </object_component>
      <object_component id="oc-36d">
         <name>.text:_ti_sysbios_family_c64p_Exception_Module_startup__F</name>
         <load_address>0x99118d40</load_address>
         <run_address>0x99118d40</run_address>
         <size>0x120</size>
         <input_file_ref idref="fl-1e"/>
      </object_component>
      <object_component id="oc-185">
         <name>.text:_ti_sysbios_knl_Clock_workFunc__E</name>
         <load_address>0x99118e60</load_address>
         <run_address>0x99118e60</run_address>
         <size>0x120</size>
         <input_file_ref idref="fl-1e"/>
      </object_component>
      <object_component id="oc-379">
         <name>.text:_ti_sysbios_timers_dmtimer_Timer_Module_startup__F</name>
         <load_address>0x99118f80</load_address>
         <run_address>0x99118f80</run_address>
         <size>0x120</size>
         <input_file_ref idref="fl-1e"/>
      </object_component>
      <object_component id="oc-3c5">
         <name>.text:_ti_sysbios_timers_dmtimer_Timer_initDevice__I</name>
         <load_address>0x991190a0</load_address>
         <run_address>0x991190a0</run_address>
         <size>0x120</size>
         <input_file_ref idref="fl-1e"/>
      </object_component>
      <object_component id="oc-1d0">
         <name>.text:_ti_uia_runtime_LoggerSM_setFilterLevel__E</name>
         <load_address>0x991191c0</load_address>
         <run_address>0x991191c0</run_address>
         <size>0x120</size>
         <input_file_ref idref="fl-26"/>
      </object_component>
      <object_component id="oc-2a6">
         <name>.text:_xdc_runtime_Text_putMod__F</name>
         <load_address>0x991192e0</load_address>
         <run_address>0x991192e0</run_address>
         <size>0x120</size>
         <input_file_ref idref="fl-34"/>
      </object_component>
      <object_component id="oc-277">
         <name>.text</name>
         <load_address>0x99119400</load_address>
         <run_address>0x99119400</run_address>
         <size>0x100</size>
         <input_file_ref idref="fl-18"/>
      </object_component>
      <object_component id="oc-342">
         <name>.text:_call_dtors</name>
         <load_address>0x99119500</load_address>
         <run_address>0x99119500</run_address>
         <size>0x100</size>
         <input_file_ref idref="fl-d4"/>
      </object_component>
      <object_component id="oc-3be">
         <name>.text:_ti_sdo_ipc_Notify_Instance_finalize__F</name>
         <load_address>0x99119600</load_address>
         <run_address>0x99119600</run_address>
         <size>0x100</size>
         <input_file_ref idref="fl-1d"/>
      </object_component>
      <object_component id="oc-3a0">
         <name>.text:_ti_sdo_ipc_Notify_Object__create__S</name>
         <load_address>0x99119700</load_address>
         <run_address>0x99119700</run_address>
         <size>0x100</size>
         <input_file_ref idref="fl-3"/>
      </object_component>
      <object_component id="oc-36e">
         <name>.text:_ti_sysbios_family_c64p_Hwi_Module_startup__F</name>
         <load_address>0x99119800</load_address>
         <run_address>0x99119800</run_address>
         <size>0x100</size>
         <input_file_ref idref="fl-1e"/>
      </object_component>
      <object_component id="oc-1ea">
         <name>.text:_ti_sysbios_family_c64p_Hwi_Object__create__S</name>
         <load_address>0x99119900</load_address>
         <run_address>0x99119900</run_address>
         <size>0x100</size>
         <input_file_ref idref="fl-3"/>
      </object_component>
      <object_component id="oc-1db">
         <name>.text:_ti_sysbios_family_c64p_Hwi_dispatchC__I</name>
         <load_address>0x99119a00</load_address>
         <run_address>0x99119a00</run_address>
         <size>0x100</size>
         <input_file_ref idref="fl-1e"/>
      </object_component>
      <object_component id="oc-1b0">
         <name>.text:_ti_sysbios_gates_GateMutexPri_leave__E</name>
         <load_address>0x99119b00</load_address>
         <run_address>0x99119b00</run_address>
         <size>0x100</size>
         <input_file_ref idref="fl-1e"/>
      </object_component>
      <object_component id="oc-293">
         <name>.text:_ti_sysbios_knl_Clock_startI__E</name>
         <load_address>0x99119c00</load_address>
         <run_address>0x99119c00</run_address>
         <size>0x100</size>
         <input_file_ref idref="fl-1e"/>
      </object_component>
      <object_component id="oc-21d">
         <name>.text:_ti_sysbios_knl_Semaphore_post__E</name>
         <load_address>0x99119d00</load_address>
         <run_address>0x99119d00</run_address>
         <size>0x100</size>
         <input_file_ref idref="fl-1e"/>
      </object_component>
      <object_component id="oc-248">
         <name>.text:_ti_sysbios_knl_Swi_restoreHwi__E</name>
         <load_address>0x99119e00</load_address>
         <run_address>0x99119e00</run_address>
         <size>0x100</size>
         <input_file_ref idref="fl-1e"/>
      </object_component>
      <object_component id="oc-334">
         <name>.text:_ti_sysbios_timers_dmtimer_Timer_setNextTick__E</name>
         <load_address>0x99119f00</load_address>
         <run_address>0x99119f00</run_address>
         <size>0x100</size>
         <input_file_ref idref="fl-1e"/>
      </object_component>
      <object_component id="oc-1d1">
         <name>.text:_ti_uia_runtime_LoggerSM_getFilterLevel__E</name>
         <load_address>0x9911a000</load_address>
         <run_address>0x9911a000</run_address>
         <size>0x100</size>
         <input_file_ref idref="fl-26"/>
      </object_component>
      <object_component id="oc-215">
         <name>.text:_xdc_runtime_Core_deleteObject__I</name>
         <load_address>0x9911a100</load_address>
         <run_address>0x9911a100</run_address>
         <size>0x100</size>
         <input_file_ref idref="fl-27"/>
      </object_component>
      <object_component id="oc-191">
         <name>.text:_xdc_runtime_Startup_exec__F</name>
         <load_address>0x9911a200</load_address>
         <run_address>0x9911a200</run_address>
         <size>0x100</size>
         <input_file_ref idref="fl-31"/>
      </object_component>
      <object_component id="oc-335">
         <name>.text:_xdc_runtime_Text_visitRope2__I</name>
         <load_address>0x9911a300</load_address>
         <run_address>0x9911a300</run_address>
         <size>0x100</size>
         <input_file_ref idref="fl-34"/>
      </object_component>
      <object_component id="oc-2a8">
         <name>.text:_LoggerSM_overwriteDecoded</name>
         <load_address>0x9911a400</load_address>
         <run_address>0x9911a400</run_address>
         <size>0xe0</size>
         <input_file_ref idref="fl-26"/>
      </object_component>
      <object_component id="oc-3a6">
         <name>.text:_LoggerSM_setupBuffer</name>
         <load_address>0x9911a4e0</load_address>
         <run_address>0x9911a4e0</run_address>
         <size>0xe0</size>
         <input_file_ref idref="fl-26"/>
      </object_component>
      <object_component id="oc-276">
         <name>.text:__divi</name>
         <load_address>0x9911a5c0</load_address>
         <run_address>0x9911a5c0</run_address>
         <size>0xe0</size>
         <input_file_ref idref="fl-c4"/>
      </object_component>
      <object_component id="oc-200">
         <name>.text:_memset</name>
         <load_address>0x9911a6a0</load_address>
         <run_address>0x9911a6a0</run_address>
         <size>0xe0</size>
         <input_file_ref idref="fl-cf"/>
      </object_component>
      <object_component id="oc-37c">
         <name>.text:_ti_sdo_ipc_gates_GateHWSpinlock_Module_startup__F</name>
         <load_address>0x9911a780</load_address>
         <run_address>0x9911a780</run_address>
         <size>0xe0</size>
         <input_file_ref idref="fl-1d"/>
      </object_component>
      <object_component id="oc-376">
         <name>.text:_ti_sdo_utils_NameServer_Module_startup__F</name>
         <load_address>0x9911a860</load_address>
         <run_address>0x9911a860</run_address>
         <size>0xe0</size>
         <input_file_ref idref="fl-1d"/>
      </object_component>
      <object_component id="oc-370">
         <name>.text:_ti_sysbios_family_c64p_Cache_Module_startup__F</name>
         <load_address>0x9911a940</load_address>
         <run_address>0x9911a940</run_address>
         <size>0xe0</size>
         <input_file_ref idref="fl-1e"/>
      </object_component>
      <object_component id="oc-265">
         <name>.text:_ti_sysbios_family_c64p_Hwi_Instance_finalize__F</name>
         <load_address>0x9911aa20</load_address>
         <run_address>0x9911aa20</run_address>
         <size>0xe0</size>
         <input_file_ref idref="fl-1e"/>
      </object_component>
      <object_component id="oc-263">
         <name>.text:_ti_sysbios_family_c64p_Hwi_Instance_init__F</name>
         <load_address>0x9911ab00</load_address>
         <run_address>0x9911ab00</run_address>
         <size>0xe0</size>
         <input_file_ref idref="fl-1e"/>
      </object_component>
      <object_component id="oc-1ec">
         <name>.text:_ti_sysbios_knl_Task_Object__create__S</name>
         <load_address>0x9911abe0</load_address>
         <run_address>0x9911abe0</run_address>
         <size>0xe0</size>
         <input_file_ref idref="fl-3"/>
      </object_component>
      <object_component id="oc-225">
         <name>.text:_ti_sysbios_knl_Task_unblockI__E</name>
         <load_address>0x9911acc0</load_address>
         <run_address>0x9911acc0</run_address>
         <size>0xe0</size>
         <input_file_ref idref="fl-1e"/>
      </object_component>
      <object_component id="oc-33b">
         <name>.text:_xdc_runtime_Error_print__F</name>
         <load_address>0x9911ada0</load_address>
         <run_address>0x9911ada0</run_address>
         <size>0xe0</size>
         <input_file_ref idref="fl-2b"/>
      </object_component>
      <object_component id="oc-2bd">
         <name>.text:_xdc_runtime_Memory_alloc__F</name>
         <load_address>0x9911ae80</load_address>
         <run_address>0x9911ae80</run_address>
         <size>0xe0</size>
         <input_file_ref idref="fl-2f"/>
      </object_component>
      <object_component id="oc-39d">
         <name>.text:_xdc_runtime_knl_GateThread_Object__create__S</name>
         <load_address>0x9911af60</load_address>
         <run_address>0x9911af60</run_address>
         <size>0xe0</size>
         <input_file_ref idref="fl-3"/>
      </object_component>
      <object_component id="oc-26e">
         <name>.text</name>
         <load_address>0x9911b040</load_address>
         <run_address>0x9911b040</run_address>
         <size>0xe0</size>
         <input_file_ref idref="fl-12"/>
      </object_component>
      <object_component id="oc-37d">
         <name>.text:_HOSTwrite</name>
         <load_address>0x9911b120</load_address>
         <run_address>0x9911b120</run_address>
         <size>0xc0</size>
         <input_file_ref idref="fl-d8"/>
      </object_component>
      <object_component id="oc-26c">
         <name>.text:__divu</name>
         <load_address>0x9911b1e0</load_address>
         <run_address>0x9911b1e0</run_address>
         <size>0xc0</size>
         <input_file_ref idref="fl-c5"/>
      </object_component>
      <object_component id="oc-274">
         <name>.text:__remi</name>
         <load_address>0x9911b2a0</load_address>
         <run_address>0x9911b2a0</run_address>
         <size>0xc0</size>
         <input_file_ref idref="fl-d2"/>
      </object_component>
      <object_component id="oc-2f6">
         <name>.text:_atexit</name>
         <load_address>0x9911b360</load_address>
         <run_address>0x9911b360</run_address>
         <size>0xc0</size>
         <input_file_ref idref="fl-c2"/>
      </object_component>
      <object_component id="oc-2b">
         <name>.text:_c_int00</name>
         <load_address>0x9911b420</load_address>
         <run_address>0x9911b420</run_address>
         <size>0xc0</size>
         <input_file_ref idref="fl-39"/>
      </object_component>
      <object_component id="oc-23e">
         <name>.text:_eraseRecords</name>
         <load_address>0x9911b4e0</load_address>
         <run_address>0x9911b4e0</run_address>
         <size>0xc0</size>
         <input_file_ref idref="fl-26"/>
      </object_component>
      <object_component id="oc-17c">
         <name>.text:_exit</name>
         <load_address>0x9911b5a0</load_address>
         <run_address>0x9911b5a0</run_address>
         <size>0xc0</size>
         <input_file_ref idref="fl-c7"/>
      </object_component>
      <object_component id="oc-399">
         <name>.text:_ti_sdo_utils_NameServer_postInit__I</name>
         <load_address>0x9911b660</load_address>
         <run_address>0x9911b660</run_address>
         <size>0xc0</size>
         <input_file_ref idref="fl-1d"/>
      </object_component>
      <object_component id="oc-1be">
         <name>.text:_ti_sysbios_heaps_HeapMem_getStats__E</name>
         <load_address>0x9911b720</load_address>
         <run_address>0x9911b720</run_address>
         <size>0xc0</size>
         <input_file_ref idref="fl-1e"/>
      </object_component>
      <object_component id="oc-2a1">
         <name>.text:_ti_sysbios_knl_Swi_run__I</name>
         <load_address>0x9911b7e0</load_address>
         <run_address>0x9911b7e0</run_address>
         <size>0xc0</size>
         <input_file_ref idref="fl-1e"/>
      </object_component>
      <object_component id="oc-2de">
         <name>.text:_ti_sysbios_knl_Task_allBlockedFunction__I</name>
         <load_address>0x9911b8a0</load_address>
         <run_address>0x9911b8a0</run_address>
         <size>0xc0</size>
         <input_file_ref idref="fl-1e"/>
      </object_component>
      <object_component id="oc-2c5">
         <name>.text:_ti_sysbios_timers_dmtimer_Timer_getExpiredCounts__E</name>
         <load_address>0x9911b960</load_address>
         <run_address>0x9911b960</run_address>
         <size>0xc0</size>
         <input_file_ref idref="fl-1e"/>
      </object_component>
      <object_component id="oc-27e">
         <name>.text:_ti_sysbios_timers_dmtimer_Timer_startup__E</name>
         <load_address>0x9911ba20</load_address>
         <run_address>0x9911ba20</run_address>
         <size>0xc0</size>
         <input_file_ref idref="fl-1e"/>
      </object_component>
      <object_component id="oc-304">
         <name>.text:_ti_sysbios_timers_dmtimer_Timer_stop__E</name>
         <load_address>0x9911bae0</load_address>
         <run_address>0x9911bae0</run_address>
         <size>0xc0</size>
         <input_file_ref idref="fl-1e"/>
      </object_component>
      <object_component id="oc-2ed">
         <name>.text:_xdc_runtime_System_formatNum__I</name>
         <load_address>0x9911bba0</load_address>
         <run_address>0x9911bba0</run_address>
         <size>0xc0</size>
         <input_file_ref idref="fl-32"/>
      </object_component>
      <object_component id="oc-119">
         <name>.text:optasm</name>
         <load_address>0x9911bc60</load_address>
         <run_address>0x9911bc60</run_address>
         <size>0xc0</size>
         <input_file_ref idref="fl-48"/>
      </object_component>
      <object_component id="oc-2ce">
         <name>.text:__fixdli</name>
         <load_address>0x9911bd20</load_address>
         <run_address>0x9911bd20</run_address>
         <size>0xa0</size>
         <input_file_ref idref="fl-c8"/>
      </object_component>
      <object_component id="oc-203">
         <name>.text:__remu</name>
         <load_address>0x9911bdc0</load_address>
         <run_address>0x9911bdc0</run_address>
         <size>0xa0</size>
         <input_file_ref idref="fl-d3"/>
      </object_component>
      <object_component id="oc-190">
         <name>.text:_memcpy</name>
         <load_address>0x9911be60</load_address>
         <run_address>0x9911be60</run_address>
         <size>0xa0</size>
         <input_file_ref idref="fl-ce"/>
      </object_component>
      <object_component id="oc-2f9">
         <name>.text:_ti_sysbios_family_c64p_Hwi_eventMap__E</name>
         <load_address>0x9911bf00</load_address>
         <run_address>0x9911bf00</run_address>
         <size>0xa0</size>
         <input_file_ref idref="fl-1e"/>
      </object_component>
      <object_component id="oc-320">
         <name>.text:_ti_sysbios_family_c64p_Hwi_getStackInfo__E</name>
         <load_address>0x9911bfa0</load_address>
         <run_address>0x9911bfa0</run_address>
         <size>0xa0</size>
         <input_file_ref idref="fl-1e"/>
      </object_component>
      <object_component id="oc-2b6">
         <name>.text:_ti_sysbios_family_c64p_Hwi_plug__E</name>
         <load_address>0x9911c040</load_address>
         <run_address>0x9911c040</run_address>
         <size>0xa0</size>
         <input_file_ref idref="fl-20"/>
      </object_component>
      <object_component id="oc-1a9">
         <name>.text:_ti_sysbios_gates_GateMutex_enter__E</name>
         <load_address>0x9911c0e0</load_address>
         <run_address>0x9911c0e0</run_address>
         <size>0xa0</size>
         <input_file_ref idref="fl-1e"/>
      </object_component>
      <object_component id="oc-2b0">
         <name>.text:_ti_sysbios_heaps_HeapMem_init__I</name>
         <load_address>0x9911c180</load_address>
         <run_address>0x9911c180</run_address>
         <size>0xa0</size>
         <input_file_ref idref="fl-1e"/>
      </object_component>
      <object_component id="oc-1c3">
         <name>.text:_ti_sysbios_knl_Idle_run__E</name>
         <load_address>0x9911c220</load_address>
         <run_address>0x9911c220</run_address>
         <size>0xa0</size>
         <input_file_ref idref="fl-1e"/>
      </object_component>
      <object_component id="oc-295">
         <name>.text:_ti_sysbios_knl_Semaphore_Object__create__S</name>
         <load_address>0x9911c2c0</load_address>
         <run_address>0x9911c2c0</run_address>
         <size>0xa0</size>
         <input_file_ref idref="fl-3"/>
      </object_component>
      <object_component id="oc-291">
         <name>.text:_ti_sysbios_knl_Semaphore_pendTimeout__I</name>
         <load_address>0x9911c360</load_address>
         <run_address>0x9911c360</run_address>
         <size>0xa0</size>
         <input_file_ref idref="fl-1e"/>
      </object_component>
      <object_component id="oc-20e">
         <name>.text:_ti_sysbios_knl_Swi_restore__E</name>
         <load_address>0x9911c400</load_address>
         <run_address>0x9911c400</run_address>
         <size>0xa0</size>
         <input_file_ref idref="fl-1e"/>
      </object_component>
      <object_component id="oc-289">
         <name>.text:_xdc_runtime_Assert_raise__I</name>
         <load_address>0x9911c4a0</load_address>
         <run_address>0x9911c4a0</run_address>
         <size>0xa0</size>
         <input_file_ref idref="fl-38"/>
      </object_component>
      <object_component id="oc-31e">
         <name>.text:_xdc_runtime_SysMin_abort__F</name>
         <load_address>0x9911c540</load_address>
         <run_address>0x9911c540</run_address>
         <size>0xa0</size>
         <input_file_ref idref="fl-33"/>
      </object_component>
      <object_component id="oc-33e">
         <name>.text:_xdc_runtime_SysMin_flush__F</name>
         <load_address>0x9911c5e0</load_address>
         <run_address>0x9911c5e0</run_address>
         <size>0xa0</size>
         <input_file_ref idref="fl-33"/>
      </object_component>
      <object_component id="oc-36a">
         <name>.text:_xdc_runtime_SysMin_output__I</name>
         <load_address>0x9911c680</load_address>
         <run_address>0x9911c680</run_address>
         <size>0xa0</size>
         <input_file_ref idref="fl-3"/>
      </object_component>
      <object_component id="oc-33d">
         <name>.text:_xdc_runtime_SysMin_putch__F</name>
         <load_address>0x9911c720</load_address>
         <run_address>0x9911c720</run_address>
         <size>0xa0</size>
         <input_file_ref idref="fl-33"/>
      </object_component>
      <object_component id="oc-2e5">
         <name>.text:_xdc_runtime_Text_xprintf__I</name>
         <load_address>0x9911c7c0</load_address>
         <run_address>0x9911c7c0</run_address>
         <size>0xa0</size>
         <input_file_ref idref="fl-34"/>
      </object_component>
      <object_component id="oc-201">
         <name>.text:__fixdu</name>
         <load_address>0x9911c860</load_address>
         <run_address>0x9911c860</run_address>
         <size>0x80</size>
         <input_file_ref idref="fl-c9"/>
      </object_component>
      <object_component id="oc-26f">
         <name>.text:__fltlid</name>
         <load_address>0x9911c8e0</load_address>
         <run_address>0x9911c8e0</run_address>
         <size>0x80</size>
         <input_file_ref idref="fl-ca"/>
      </object_component>
      <object_component id="oc-3d9">
         <name>.text:__llshl</name>
         <load_address>0x9911c960</load_address>
         <run_address>0x9911c960</run_address>
         <size>0x80</size>
         <input_file_ref idref="fl-cd"/>
      </object_component>
      <object_component id="oc-3ab">
         <name>.text:_readmsg</name>
         <load_address>0x9911c9e0</load_address>
         <run_address>0x9911c9e0</run_address>
         <size>0x80</size>
         <input_file_ref idref="fl-d9"/>
      </object_component>
      <object_component id="oc-39e">
         <name>.text:_ti_sdo_ipc_MessageQ_Object__get__S</name>
         <load_address>0x9911ca60</load_address>
         <run_address>0x9911ca60</run_address>
         <size>0x80</size>
         <input_file_ref idref="fl-3"/>
      </object_component>
      <object_component id="oc-378">
         <name>.text:_ti_sdo_ipc_Notify_Module_startup__F</name>
         <load_address>0x9911cae0</load_address>
         <run_address>0x9911cae0</run_address>
         <size>0x80</size>
         <input_file_ref idref="fl-1d"/>
      </object_component>
      <object_component id="oc-3d4">
         <name>.text:_ti_sdo_utils_List_Object__create__S</name>
         <load_address>0x9911cb60</load_address>
         <run_address>0x9911cb60</run_address>
         <size>0x80</size>
         <input_file_ref idref="fl-3"/>
      </object_component>
      <object_component id="oc-398">
         <name>.text:_ti_sdo_utils_NameServer_Object__get__S</name>
         <load_address>0x9911cbe0</load_address>
         <run_address>0x9911cbe0</run_address>
         <size>0x80</size>
         <input_file_ref idref="fl-3"/>
      </object_component>
      <object_component id="oc-2ae">
         <name>.text:_ti_sysbios_BIOS_errorRaiseHook__I</name>
         <load_address>0x9911cc60</load_address>
         <run_address>0x9911cc60</run_address>
         <size>0x80</size>
         <input_file_ref idref="fl-1e"/>
      </object_component>
      <object_component id="oc-2d5">
         <name>.text:_ti_sysbios_family_c62_TaskSupport_swap__E</name>
         <load_address>0x9911cce0</load_address>
         <run_address>0x9911cce0</run_address>
         <size>0x80</size>
         <input_file_ref idref="fl-23"/>
      </object_component>
      <object_component id="oc-1e1">
         <name>.text:_ti_sysbios_family_c64p_Exception_nmiHandler__I</name>
         <load_address>0x9911cd60</load_address>
         <run_address>0x9911cd60</run_address>
         <size>0x80</size>
         <input_file_ref idref="fl-1e"/>
      </object_component>
      <object_component id="oc-19f">
         <name>.text:_ti_sysbios_gates_GateAll_Object__create__S</name>
         <load_address>0x9911cde0</load_address>
         <run_address>0x9911cde0</run_address>
         <size>0x80</size>
         <input_file_ref idref="fl-3"/>
      </object_component>
      <object_component id="oc-1a5">
         <name>.text:_ti_sysbios_gates_GateHwi_Object__create__S</name>
         <load_address>0x9911ce60</load_address>
         <run_address>0x9911ce60</run_address>
         <size>0x80</size>
         <input_file_ref idref="fl-3"/>
      </object_component>
      <object_component id="oc-1b1">
         <name>.text:_ti_sysbios_gates_GateMutexPri_Object__create__S</name>
         <load_address>0x9911cee0</load_address>
         <run_address>0x9911cee0</run_address>
         <size>0x80</size>
         <input_file_ref idref="fl-3"/>
      </object_component>
      <object_component id="oc-1ab">
         <name>.text:_ti_sysbios_gates_GateMutex_Object__create__S</name>
         <load_address>0x9911cf60</load_address>
         <run_address>0x9911cf60</run_address>
         <size>0x80</size>
         <input_file_ref idref="fl-3"/>
      </object_component>
      <object_component id="oc-1b7">
         <name>.text:_ti_sysbios_gates_GateSwi_Object__create__S</name>
         <load_address>0x9911cfe0</load_address>
         <run_address>0x9911cfe0</run_address>
         <size>0x80</size>
         <input_file_ref idref="fl-3"/>
      </object_component>
      <object_component id="oc-233">
         <name>.text:_ti_sysbios_heaps_HeapMem_Instance_init__F</name>
         <load_address>0x9911d060</load_address>
         <run_address>0x9911d060</run_address>
         <size>0x80</size>
         <input_file_ref idref="fl-1e"/>
      </object_component>
      <object_component id="oc-1bf">
         <name>.text:_ti_sysbios_heaps_HeapMem_Object__create__S</name>
         <load_address>0x9911d0e0</load_address>
         <run_address>0x9911d0e0</run_address>
         <size>0x80</size>
         <input_file_ref idref="fl-3"/>
      </object_component>
      <object_component id="oc-2f2">
         <name>.text:_ti_sysbios_heaps_HeapMem_Object__get__S</name>
         <load_address>0x9911d160</load_address>
         <run_address>0x9911d160</run_address>
         <size>0x80</size>
         <input_file_ref idref="fl-3"/>
      </object_component>
      <object_component id="oc-373">
         <name>.text:_ti_sysbios_knl_Clock_Module_startup__F</name>
         <load_address>0x9911d1e0</load_address>
         <run_address>0x9911d1e0</run_address>
         <size>0x80</size>
         <input_file_ref idref="fl-1e"/>
      </object_component>
      <object_component id="oc-187">
         <name>.text:_ti_sysbios_knl_Clock_doTick__I</name>
         <load_address>0x9911d260</load_address>
         <run_address>0x9911d260</run_address>
         <size>0x80</size>
         <input_file_ref idref="fl-3"/>
      </object_component>
      <object_component id="oc-1f5">
         <name>.text:_ti_sysbios_knl_Clock_getTicks__E</name>
         <load_address>0x9911d2e0</load_address>
         <run_address>0x9911d2e0</run_address>
         <size>0x80</size>
         <input_file_ref idref="fl-1e"/>
      </object_component>
      <object_component id="oc-29a">
         <name>.text:_ti_sysbios_knl_Queue_Object__create__S</name>
         <load_address>0x9911d360</load_address>
         <run_address>0x9911d360</run_address>
         <size>0x80</size>
         <input_file_ref idref="fl-3"/>
      </object_component>
      <object_component id="oc-391">
         <name>.text:_ti_sysbios_knl_Swi_Object__get__S</name>
         <load_address>0x9911d3e0</load_address>
         <run_address>0x9911d3e0</run_address>
         <size>0x80</size>
         <input_file_ref idref="fl-3"/>
      </object_component>
      <object_component id="oc-1c7">
         <name>.text:_ti_sysbios_knl_Swi_post__E</name>
         <load_address>0x9911d460</load_address>
         <run_address>0x9911d460</run_address>
         <size>0x80</size>
         <input_file_ref idref="fl-1e"/>
      </object_component>
      <object_component id="oc-394">
         <name>.text:_ti_sysbios_knl_Task_Object__get__S</name>
         <load_address>0x9911d4e0</load_address>
         <run_address>0x9911d4e0</run_address>
         <size>0x80</size>
         <input_file_ref idref="fl-3"/>
      </object_component>
      <object_component id="oc-2c4">
         <name>.text:_ti_sysbios_knl_Task_processVitalTaskFlag__I</name>
         <load_address>0x9911d560</load_address>
         <run_address>0x9911d560</run_address>
         <size>0x80</size>
         <input_file_ref idref="fl-1e"/>
      </object_component>
      <object_component id="oc-24a">
         <name>.text:_ti_sysbios_knl_Task_restoreHwi__E</name>
         <load_address>0x9911d5e0</load_address>
         <run_address>0x9911d5e0</run_address>
         <size>0x80</size>
         <input_file_ref idref="fl-1e"/>
      </object_component>
      <object_component id="oc-223">
         <name>.text:_ti_sysbios_knl_Task_restore__E</name>
         <load_address>0x9911d660</load_address>
         <run_address>0x9911d660</run_address>
         <size>0x80</size>
         <input_file_ref idref="fl-1e"/>
      </object_component>
      <object_component id="oc-3e1">
         <name>.text:_ti_sysbios_xdcruntime_GateThreadSupport_Object__create__S</name>
         <load_address>0x9911d6e0</load_address>
         <run_address>0x9911d6e0</run_address>
         <size>0x80</size>
         <input_file_ref idref="fl-3"/>
      </object_component>
      <object_component id="oc-1d2">
         <name>.text:_ti_uia_runtime_LoggerSM_Object__create__S</name>
         <load_address>0x9911d760</load_address>
         <run_address>0x9911d760</run_address>
         <size>0x80</size>
         <input_file_ref idref="fl-3"/>
      </object_component>
      <object_component id="oc-216">
         <name>.text:_xdc_runtime_Core_assignLabel__I</name>
         <load_address>0x9911d7e0</load_address>
         <run_address>0x9911d7e0</run_address>
         <size>0x80</size>
         <input_file_ref idref="fl-28"/>
      </object_component>
      <object_component id="oc-261">
         <name>.text:_xdc_runtime_Core_assignParams__I</name>
         <load_address>0x9911d860</load_address>
         <run_address>0x9911d860</run_address>
         <size>0x80</size>
         <input_file_ref idref="fl-29"/>
      </object_component>
      <object_component id="oc-1d8">
         <name>.text:_xdc_runtime_GateNull_Object__create__S</name>
         <load_address>0x9911d8e0</load_address>
         <run_address>0x9911d8e0</run_address>
         <size>0x80</size>
         <input_file_ref idref="fl-3"/>
      </object_component>
      <object_component id="oc-209">
         <name>.text:_xdc_runtime_System_atexit__F</name>
         <load_address>0x9911d960</load_address>
         <run_address>0x9911d960</run_address>
         <size>0x80</size>
         <input_file_ref idref="fl-32"/>
      </object_component>
      <object_component id="oc-2eb">
         <name>.text:_xdc_runtime_System_putchar__I</name>
         <load_address>0x9911d9e0</load_address>
         <run_address>0x9911d9e0</run_address>
         <size>0x80</size>
         <input_file_ref idref="fl-32"/>
      </object_component>
      <object_component id="oc-2f5">
         <name>.text:_xdc_runtime_System_rtsExit__I</name>
         <load_address>0x9911da60</load_address>
         <run_address>0x9911da60</run_address>
         <size>0x80</size>
         <input_file_ref idref="fl-32"/>
      </object_component>
      <object_component id="oc-2e8">
         <name>.text:_xdc_runtime_Text_printVisFxn__I</name>
         <load_address>0x9911dae0</load_address>
         <run_address>0x9911dae0</run_address>
         <size>0x80</size>
         <input_file_ref idref="fl-34"/>
      </object_component>
      <object_component id="oc-fd">
         <name>.text:optasm</name>
         <load_address>0x9911db60</load_address>
         <run_address>0x9911db60</run_address>
         <size>0x80</size>
         <input_file_ref idref="fl-42"/>
      </object_component>
      <object_component id="oc-110">
         <name>.text:optasm</name>
         <load_address>0x9911dbe0</load_address>
         <run_address>0x9911dbe0</run_address>
         <size>0x80</size>
         <input_file_ref idref="fl-46"/>
      </object_component>
      <object_component id="oc-2e1">
         <name>.text:ti_sysbios_hal_Hwi_checkStack:_ti_sysbios_hal_Hwi_checkStack</name>
         <load_address>0x9911dc60</load_address>
         <run_address>0x9911dc60</run_address>
         <size>0x80</size>
         <input_file_ref idref="fl-1e"/>
      </object_component>
      <object_component id="oc-2b1">
         <name>.text:ti_sysbios_hal_Hwi_initStack:_ti_sysbios_hal_Hwi_initStack</name>
         <load_address>0x9911dce0</load_address>
         <run_address>0x9911dce0</run_address>
         <size>0x80</size>
         <input_file_ref idref="fl-1e"/>
      </object_component>
      <object_component id="oc-3da">
         <name>.text:__subcull</name>
         <load_address>0x9911dd60</load_address>
         <run_address>0x9911dd60</run_address>
         <size>0x60</size>
         <input_file_ref idref="fl-cc"/>
      </object_component>
      <object_component id="oc-273">
         <name>.text:_strcpy</name>
         <load_address>0x9911ddc0</load_address>
         <run_address>0x9911ddc0</run_address>
         <size>0x60</size>
         <input_file_ref idref="fl-d6"/>
      </object_component>
      <object_component id="oc-3d3">
         <name>.text:_ti_sdo_utils_List_Object__get__S</name>
         <load_address>0x9911de20</load_address>
         <run_address>0x9911de20</run_address>
         <size>0x60</size>
         <input_file_ref idref="fl-3"/>
      </object_component>
      <object_component id="oc-194">
         <name>.text:_ti_sysbios_BIOS_exitFunc__I</name>
         <load_address>0x9911de80</load_address>
         <run_address>0x9911de80</run_address>
         <size>0x60</size>
         <input_file_ref idref="fl-3"/>
      </object_component>
      <object_component id="oc-196">
         <name>.text:_ti_sysbios_BIOS_registerRTSLock__I</name>
         <load_address>0x9911dee0</load_address>
         <run_address>0x9911dee0</run_address>
         <size>0x60</size>
         <input_file_ref idref="fl-1e"/>
      </object_component>
      <object_component id="oc-2ef">
         <name>.text:_ti_sysbios_BIOS_removeRTSLock__I</name>
         <load_address>0x9911df40</load_address>
         <run_address>0x9911df40</run_address>
         <size>0x60</size>
         <input_file_ref idref="fl-1e"/>
      </object_component>
      <object_component id="oc-20a">
         <name>.text:_ti_sysbios_BIOS_rtsLock__I</name>
         <load_address>0x9911dfa0</load_address>
         <run_address>0x9911dfa0</run_address>
         <size>0x60</size>
         <input_file_ref idref="fl-1e"/>
      </object_component>
      <object_component id="oc-32c">
         <name>.text:_ti_sysbios_family_c62_TaskSupport_start__E</name>
         <load_address>0x9911e000</load_address>
         <run_address>0x9911e000</run_address>
         <size>0x60</size>
         <input_file_ref idref="fl-1e"/>
      </object_component>
      <object_component id="oc-327">
         <name>.text:_ti_sysbios_family_c64p_Cache_all__I</name>
         <load_address>0x9911e060</load_address>
         <run_address>0x9911e060</run_address>
         <size>0x60</size>
         <input_file_ref idref="fl-1e"/>
      </object_component>
      <object_component id="oc-383">
         <name>.text:_ti_sysbios_family_c64p_Cache_marInit__I</name>
         <load_address>0x9911e0c0</load_address>
         <run_address>0x9911e0c0</run_address>
         <size>0x60</size>
         <input_file_ref idref="fl-1e"/>
      </object_component>
      <object_component id="oc-3ad">
         <name>.text:_ti_sysbios_family_c64p_Cache_setMar__E</name>
         <load_address>0x9911e120</load_address>
         <run_address>0x9911e120</run_address>
         <size>0x60</size>
         <input_file_ref idref="fl-1e"/>
      </object_component>
      <object_component id="oc-381">
         <name>.text:_ti_sysbios_family_c64p_Cache_setSize__E</name>
         <load_address>0x9911e180</load_address>
         <run_address>0x9911e180</run_address>
         <size>0x60</size>
         <input_file_ref idref="fl-1e"/>
      </object_component>
      <object_component id="oc-34c">
         <name>.text:_ti_sysbios_family_c64p_Cache_wait__E</name>
         <load_address>0x9911e1e0</load_address>
         <run_address>0x9911e1e0</run_address>
         <size>0x60</size>
         <input_file_ref idref="fl-1e"/>
      </object_component>
      <object_component id="oc-1a1">
         <name>.text:_ti_sysbios_gates_GateAll_Handle__label__S</name>
         <load_address>0x9911e240</load_address>
         <run_address>0x9911e240</run_address>
         <size>0x60</size>
         <input_file_ref idref="fl-3"/>
      </object_component>
      <object_component id="oc-1a0">
         <name>.text:_ti_sysbios_gates_GateAll_Object__delete__S</name>
         <load_address>0x9911e2a0</load_address>
         <run_address>0x9911e2a0</run_address>
         <size>0x60</size>
         <input_file_ref idref="fl-3"/>
      </object_component>
      <object_component id="oc-19d">
         <name>.text:_ti_sysbios_gates_GateAll_enter__E</name>
         <load_address>0x9911e300</load_address>
         <run_address>0x9911e300</run_address>
         <size>0x60</size>
         <input_file_ref idref="fl-1e"/>
      </object_component>
      <object_component id="oc-19e">
         <name>.text:_ti_sysbios_gates_GateAll_leave__E</name>
         <load_address>0x9911e360</load_address>
         <run_address>0x9911e360</run_address>
         <size>0x60</size>
         <input_file_ref idref="fl-1e"/>
      </object_component>
      <object_component id="oc-1a7">
         <name>.text:_ti_sysbios_gates_GateHwi_Handle__label__S</name>
         <load_address>0x9911e3c0</load_address>
         <run_address>0x9911e3c0</run_address>
         <size>0x60</size>
         <input_file_ref idref="fl-3"/>
      </object_component>
      <object_component id="oc-1a6">
         <name>.text:_ti_sysbios_gates_GateHwi_Object__delete__S</name>
         <load_address>0x9911e420</load_address>
         <run_address>0x9911e420</run_address>
         <size>0x60</size>
         <input_file_ref idref="fl-3"/>
      </object_component>
      <object_component id="oc-1b3">
         <name>.text:_ti_sysbios_gates_GateMutexPri_Handle__label__S</name>
         <load_address>0x9911e480</load_address>
         <run_address>0x9911e480</run_address>
         <size>0x60</size>
         <input_file_ref idref="fl-3"/>
      </object_component>
      <object_component id="oc-1b2">
         <name>.text:_ti_sysbios_gates_GateMutexPri_Object__delete__S</name>
         <load_address>0x9911e4e0</load_address>
         <run_address>0x9911e4e0</run_address>
         <size>0x60</size>
         <input_file_ref idref="fl-3"/>
      </object_component>
      <object_component id="oc-1ad">
         <name>.text:_ti_sysbios_gates_GateMutex_Handle__label__S</name>
         <load_address>0x9911e540</load_address>
         <run_address>0x9911e540</run_address>
         <size>0x60</size>
         <input_file_ref idref="fl-3"/>
      </object_component>
      <object_component id="oc-21f">
         <name>.text:_ti_sysbios_gates_GateMutex_Instance_init__F</name>
         <load_address>0x9911e5a0</load_address>
         <run_address>0x9911e5a0</run_address>
         <size>0x60</size>
         <input_file_ref idref="fl-1e"/>
      </object_component>
      <object_component id="oc-1ac">
         <name>.text:_ti_sysbios_gates_GateMutex_Object__delete__S</name>
         <load_address>0x9911e600</load_address>
         <run_address>0x9911e600</run_address>
         <size>0x60</size>
         <input_file_ref idref="fl-3"/>
      </object_component>
      <object_component id="oc-1b9">
         <name>.text:_ti_sysbios_gates_GateSwi_Handle__label__S</name>
         <load_address>0x9911e660</load_address>
         <run_address>0x9911e660</run_address>
         <size>0x60</size>
         <input_file_ref idref="fl-3"/>
      </object_component>
      <object_component id="oc-1b8">
         <name>.text:_ti_sysbios_gates_GateSwi_Object__delete__S</name>
         <load_address>0x9911e6c0</load_address>
         <run_address>0x9911e6c0</run_address>
         <size>0x60</size>
         <input_file_ref idref="fl-3"/>
      </object_component>
      <object_component id="oc-1c1">
         <name>.text:_ti_sysbios_heaps_HeapMem_Handle__label__S</name>
         <load_address>0x9911e720</load_address>
         <run_address>0x9911e720</run_address>
         <size>0x60</size>
         <input_file_ref idref="fl-3"/>
      </object_component>
      <object_component id="oc-1c0">
         <name>.text:_ti_sysbios_heaps_HeapMem_Object__delete__S</name>
         <load_address>0x9911e780</load_address>
         <run_address>0x9911e780</run_address>
         <size>0x60</size>
         <input_file_ref idref="fl-3"/>
      </object_component>
      <object_component id="oc-2da">
         <name>.text:_ti_sysbios_knl_Clock_setupTimerToSkipTicks__E</name>
         <load_address>0x9911e7e0</load_address>
         <run_address>0x9911e7e0</run_address>
         <size>0x60</size>
         <input_file_ref idref="fl-1e"/>
      </object_component>
      <object_component id="oc-302">
         <name>.text:_ti_sysbios_knl_Queue_Object__get__S</name>
         <load_address>0x9911e840</load_address>
         <run_address>0x9911e840</run_address>
         <size>0x60</size>
         <input_file_ref idref="fl-3"/>
      </object_component>
      <object_component id="oc-2dc">
         <name>.text:_ti_sysbios_knl_Semaphore_Instance_init__F</name>
         <load_address>0x9911e8a0</load_address>
         <run_address>0x9911e8a0</run_address>
         <size>0x60</size>
         <input_file_ref idref="fl-1e"/>
      </object_component>
      <object_component id="oc-374">
         <name>.text:_ti_sysbios_knl_Swi_Module_startup__F</name>
         <load_address>0x9911e900</load_address>
         <run_address>0x9911e900</run_address>
         <size>0x60</size>
         <input_file_ref idref="fl-1e"/>
      </object_component>
      <object_component id="oc-32b">
         <name>.text:_ti_sysbios_knl_Task_Object__next__S</name>
         <load_address>0x9911e960</load_address>
         <run_address>0x9911e960</run_address>
         <size>0x60</size>
         <input_file_ref idref="fl-3"/>
      </object_component>
      <object_component id="oc-2fe">
         <name>.text:_ti_sysbios_knl_Task_enter__I</name>
         <load_address>0x9911e9c0</load_address>
         <run_address>0x9911e9c0</run_address>
         <size>0x60</size>
         <input_file_ref idref="fl-1e"/>
      </object_component>
      <object_component id="oc-2cf">
         <name>.text:_ti_sysbios_knl_Task_sleepTimeout__I</name>
         <load_address>0x9911ea20</load_address>
         <run_address>0x9911ea20</run_address>
         <size>0x60</size>
         <input_file_ref idref="fl-1e"/>
      </object_component>
      <object_component id="oc-3e2">
[...]
         <value>0x99120c20</value>
         <object_component_ref idref="oc-239"/>
      </symbol>
      <symbol id="sm-2463">
         <name>_xdc_runtime_Gate_enterSystem__F</name>
         <value>0x99120c00</value>
         <object_component_ref idref="oc-238"/>
      </symbol>
      <symbol id="sm-2471">
         <name>_xdc_runtime_GateNull_query__F</name>
         <value>0x99120be0</value>
         <object_component_ref idref="oc-243"/>
      </symbol>
      <symbol id="sm-2472">
         <name>_xdc_runtime_GateNull_enter__F</name>
         <value>0x99120b60</value>
         <object_component_ref idref="oc-244"/>
      </symbol>
      <symbol id="sm-2473">
         <name>_xdc_runtime_GateNull_leave__F</name>
         <value>0x99120ba0</value>
         <object_component_ref idref="oc-245"/>
      </symbol>
      <symbol id="sm-249b">
         <name>_xdc_runtime_Memory_free__F</name>
         <value>0x9911f9c0</value>
         <object_component_ref idref="oc-28b"/>
      </symbol>
      <symbol id="sm-249c">
         <name>_xdc_runtime_Memory_alloc__F</name>
         <value>0x9911ae80</value>
         <object_component_ref idref="oc-2bd"/>
      </symbol>
      <symbol id="sm-249d">
         <name>_xdc_runtime_Memory_calloc__F</name>
         <value>0x9911ecc0</value>
         <object_component_ref idref="oc-28a"/>
      </symbol>
      <symbol id="sm-24ae">
         <name>_xdc_runtime_Registry_findById__F</name>
         <value>0x9911fa00</value>
         <object_component_ref idref="oc-316"/>
      </symbol>
      <symbol id="sm-2501">
         <name>_xdc_runtime_Startup_startMods__I</name>
         <value>0x99114ce0</value>
         <object_component_ref idref="oc-2f4"/>
      </symbol>
      <symbol id="sm-2502">
         <name>_xdc_runtime_Startup_exec__F</name>
         <value>0x9911a200</value>
         <object_component_ref idref="oc-191"/>
      </symbol>
      <symbol id="sm-260c">
         <name>_xdc_runtime_System_exit__F</name>
         <value>0x99120ea0</value>
         <object_component_ref idref="oc-303"/>
      </symbol>
      <symbol id="sm-260d">
         <name>_xdc_runtime_System_avprintf__F</name>
         <value>0x9911ede0</value>
         <object_component_ref idref="oc-369"/>
      </symbol>
      <symbol id="sm-260e">
         <name>_xdc_runtime_System_doPrint__I</name>
         <value>0x99110800</value>
         <object_component_ref idref="oc-2ac"/>
      </symbol>
      <symbol id="sm-260f">
         <name>_xdc_runtime_System_Module_startup__F</name>
         <value>0x99120dc0</value>
         <object_component_ref idref="oc-36b"/>
      </symbol>
      <symbol id="sm-2610">
         <name>_xdc_runtime_System_formatNum__I</name>
         <value>0x9911bba0</value>
         <object_component_ref idref="oc-2ed"/>
      </symbol>
      <symbol id="sm-2611">
         <name>_xdc_runtime_System_atexit__F</name>
         <value>0x9911d960</value>
         <object_component_ref idref="oc-209"/>
      </symbol>
      <symbol id="sm-2612">
         <name>_xdc_runtime_System_aprintf_va__F</name>
         <value>0x9911ede0</value>
         <object_component_ref idref="oc-369"/>
      </symbol>
      <symbol id="sm-2613">
         <name>_xdc_runtime_System_snprintf_va__F</name>
         <value>0x99120ee0</value>
         <object_component_ref idref="oc-30e"/>
      </symbol>
      <symbol id="sm-2614">
         <name>_xdc_runtime_System_printf_va__F</name>
         <value>0x9911ee40</value>
         <object_component_ref idref="oc-24b"/>
      </symbol>
      <symbol id="sm-2615">
         <name>_xdc_runtime_System_putchar__I</name>
         <value>0x9911d9e0</value>
         <object_component_ref idref="oc-2eb"/>
      </symbol>
      <symbol id="sm-2616">
         <name>_xdc_runtime_System_vprintf__F</name>
         <value>0x9911ee40</value>
         <object_component_ref idref="oc-24b"/>
      </symbol>
      <symbol id="sm-2617">
         <name>_xdc_runtime_System_vsprintf__F</name>
         <value>0x99120f00</value>
         <object_component_ref idref="oc-2e2"/>
      </symbol>
      <symbol id="sm-2618">
         <name>_xdc_runtime_System_sprintf_va__F</name>
         <value>0x99120f00</value>
         <object_component_ref idref="oc-2e2"/>
      </symbol>
      <symbol id="sm-2619">
         <name>_xdc_runtime_System_asprintf_va__F</name>
         <value>0x99120e80</value>
         <object_component_ref idref="oc-2e9"/>
      </symbol>
      <symbol id="sm-261a">
         <name>_xdc_runtime_System_rtsExit__I</name>
         <value>0x9911da60</value>
         <object_component_ref idref="oc-2f5"/>
      </symbol>
      <symbol id="sm-261b">
         <name>_xdc_runtime_System_vsnprintf__F</name>
         <value>0x99120ee0</value>
         <object_component_ref idref="oc-30e"/>
      </symbol>
      <symbol id="sm-261c">
         <name>_xdc_runtime_System_lastFxn__I</name>
         <value>0x99120ec0</value>
         <object_component_ref idref="oc-2b3"/>
      </symbol>
      <symbol id="sm-261d">
         <name>_xdc_runtime_System_avsprintf__F</name>
         <value>0x99120e80</value>
         <object_component_ref idref="oc-2e9"/>
      </symbol>
      <symbol id="sm-261e">
         <name>_xdc_runtime_System_abort__F</name>
         <value>0x9911fa80</value>
         <object_component_ref idref="oc-25c"/>
      </symbol>
      <symbol id="sm-2649">
         <name>_xdc_runtime_SysMin_Module_startup__F</name>
         <value>0x9911ed20</value>
         <object_component_ref idref="oc-36c"/>
      </symbol>
      <symbol id="sm-264a">
         <name>_xdc_runtime_SysMin_exit__F</name>
         <value>0x9911ed80</value>
         <object_component_ref idref="oc-367"/>
      </symbol>
      <symbol id="sm-264b">
         <name>_xdc_runtime_SysMin_abort__F</name>
         <value>0x9911c540</value>
         <object_component_ref idref="oc-31e"/>
      </symbol>
      <symbol id="sm-264c">
         <name>_xdc_runtime_SysMin_ready__F</name>
         <value>0x99120d40</value>
         <object_component_ref idref="oc-318"/>
      </symbol>
      <symbol id="sm-264d">
         <name>_xdc_runtime_SysMin_flush__F</name>
         <value>0x9911c5e0</value>
         <object_component_ref idref="oc-33e"/>
      </symbol>
      <symbol id="sm-264e">
         <name>_xdc_runtime_SysMin_putch__F</name>
         <value>0x9911c720</value>
         <object_component_ref idref="oc-33d"/>
      </symbol>
      <symbol id="sm-26a6">
         <name>_xdc_runtime_Text_putSite__F</name>
         <value>0x99116fc0</value>
         <object_component_ref idref="oc-352"/>
      </symbol>
      <symbol id="sm-26a7">
         <name>_xdc_runtime_Text_ropeText__F</name>
         <value>0x9911fbc0</value>
         <object_component_ref idref="oc-253"/>
      </symbol>
      <symbol id="sm-26a8">
         <name>_xdc_runtime_Text_putMod__F</name>
         <value>0x991192e0</value>
         <object_component_ref idref="oc-2a6"/>
      </symbol>
      <symbol id="sm-26a9">
         <name>_xdc_runtime_Text_visitRope2__I</name>
         <value>0x9911a300</value>
         <object_component_ref idref="oc-335"/>
      </symbol>
      <symbol id="sm-26aa">
         <name>_xdc_runtime_Text_cordText__F</name>
         <value>0x9911eea0</value>
         <object_component_ref idref="oc-28e"/>
      </symbol>
      <symbol id="sm-26ab">
         <name>_xdc_runtime_Text_putLab__F</name>
         <value>0x99118880</value>
         <object_component_ref idref="oc-351"/>
      </symbol>
      <symbol id="sm-26ac">
         <name>_xdc_runtime_Text_printVisFxn__I</name>
         <value>0x9911dae0</value>
         <object_component_ref idref="oc-2e8"/>
      </symbol>
      <symbol id="sm-26ad">
         <name>_xdc_runtime_Text_xprintf__I</name>
         <value>0x9911c7c0</value>
         <object_component_ref idref="oc-2e5"/>
      </symbol>
      <symbol id="sm-26bb">
         <name>_xdc_runtime_Timestamp_get32__F</name>
         <value>0x99120fa0</value>
         <object_component_ref idref="oc-3c1"/>
      </symbol>
      <symbol id="sm-26bc">
         <name>_xdc_runtime_Timestamp_getFreq__F</name>
         <value>0x99120fc0</value>
         <object_component_ref idref="oc-3c0"/>
      </symbol>
      <symbol id="sm-26c6">
         <name>___xdc__init</name>
         <value>0x9911fd00</value>
         <object_component_ref idref="oc-18c"/>
      </symbol>
      <symbol id="sm-26de">
         <name>_xdc_runtime_knl_GateThread_query__F</name>
         <value>0x99121120</value>
         <object_component_ref idref="oc-3ea"/>
      </symbol>
      <symbol id="sm-26df">
         <name>_xdc_runtime_knl_GateThread_enter__F</name>
         <value>0x991210a0</value>
         <object_component_ref idref="oc-3eb"/>
      </symbol>
      <symbol id="sm-26e0">
         <name>_xdc_runtime_knl_GateThread_Instance_finalize__F</name>
         <value>0x9911fc40</value>
         <object_component_ref idref="oc-3ba"/>
      </symbol>
      <symbol id="sm-26e1">
         <name>_xdc_runtime_knl_GateThread_Instance_init__F</name>
         <value>0x9911fc80</value>
         <object_component_ref idref="oc-3b9"/>
      </symbol>
      <symbol id="sm-26e2">
         <name>_xdc_runtime_knl_GateThread_leave__F</name>
         <value>0x991210e0</value>
         <object_component_ref idref="oc-3ec"/>
      </symbol>
      <symbol id="sm-26f3">
         <name>_xdc_runtime_Assert_raise__I</name>
         <value>0x9911c4a0</value>
         <object_component_ref idref="oc-289"/>
      </symbol>
      <symbol id="sm-2704">
         <name>__stack</name>
         <value>0x99121160</value>
         <object_component_ref idref="oc-e6"/>
      </symbol>
      <symbol id="sm-2705">
         <name>_c_int00</name>
         <value>0x9911b420</value>
         <object_component_ref idref="oc-2b"/>
      </symbol>
      <symbol id="sm-2720">
         <name>__auto_init</name>
         <value>0x99118b00</value>
         <object_component_ref idref="oc-179"/>
      </symbol>
      <symbol id="sm-272b">
         <name>_acosdp</name>
         <value>0x99111a40</value>
         <object_component_ref idref="oc-2cb"/>
      </symbol>
      <symbol id="sm-273c">
         <name>_atan2dp</name>
         <value>0x99113fb0</value>
         <object_component_ref idref="oc-ef"/>
      </symbol>
      <symbol id="sm-273d">
         <name>Vatn2dp</name>
         <value>0x99147040</value>
         <object_component_ref idref="oc-ee"/>
      </symbol>
      <symbol id="sm-274b">
         <name>_atandp</name>
         <value>0x99116520</value>
         <object_component_ref idref="oc-f4"/>
      </symbol>
      <symbol id="sm-274c">
         <name>Vatndp</name>
         <value>0x991470c0</value>
         <object_component_ref idref="oc-f3"/>
      </symbol>
      <symbol id="sm-2758">
         <name>_HPisDP</name>
         <value>0x991471c0</value>
         <object_component_ref idref="oc-f8"/>
      </symbol>
      <symbol id="sm-2759">
         <name>_cosdp</name>
         <value>0x99117940</value>
         <object_component_ref idref="oc-f9"/>
      </symbol>
      <symbol id="sm-2761">
         <name>_divdp</name>
         <value>0x9911db60</value>
         <object_component_ref idref="oc-fd"/>
      </symbol>
      <symbol id="sm-276c">
         <name>_expdp</name>
         <value>0x99117ac0</value>
         <object_component_ref idref="oc-102"/>
      </symbol>
      <symbol id="sm-276d">
         <name>OneE2</name>
         <value>0x99146fa8</value>
         <object_component_ref idref="oc-101"/>
      </symbol>
      <symbol id="sm-277a">
         <name>_numnL2</name>
         <value>0x99147140</value>
         <object_component_ref idref="oc-106"/>
      </symbol>
      <symbol id="sm-277b">
         <name>_logdp</name>
         <value>0x99117180</value>
         <object_component_ref idref="oc-107"/>
      </symbol>
      <symbol id="sm-2788">
         <name>_powdp</name>
         <value>0x991189c0</value>
         <object_component_ref idref="oc-10c"/>
      </symbol>
      <symbol id="sm-2790">
         <name>_recipdp</name>
         <value>0x9911dbe0</value>
         <object_component_ref idref="oc-110"/>
      </symbol>
      <symbol id="sm-279c">
         <name>_sindp</name>
         <value>0x99117c58</value>
         <object_component_ref idref="oc-115"/>
      </symbol>
      <symbol id="sm-279d">
         <name>_HPisdp</name>
         <value>0x99147220</value>
         <object_component_ref idref="oc-114"/>
      </symbol>
      <symbol id="sm-27a5">
         <name>_sqrtdp</name>
         <value>0x9911bc60</value>
         <object_component_ref idref="oc-119"/>
      </symbol>
      <symbol id="sm-27b7">
         <name>__unlock</name>
         <value>0x990d1340</value>
         <object_component_ref idref="oc-11f"/>
      </symbol>
      <symbol id="sm-27b8">
         <name>__lock</name>
         <value>0x990d133c</value>
         <object_component_ref idref="oc-11f"/>
      </symbol>
      <symbol id="sm-27b9">
         <name>__register_lock</name>
         <value>0x9911fd40</value>
         <object_component_ref idref="oc-207"/>
      </symbol>
      <symbol id="sm-27ba">
         <name>__nop</name>
         <value>0x9911fd20</value>
         <object_component_ref idref="oc-18f"/>
      </symbol>
      <symbol id="sm-27bb">
         <name>__register_unlock</name>
         <value>0x9911fd60</value>
         <object_component_ref idref="oc-208"/>
      </symbol>
      <symbol id="sm-27c5">
         <name>__args_main</name>
         <value>0x9911f040</value>
         <object_component_ref idref="oc-17b"/>
      </symbol>
      <symbol id="sm-27c6">
         <name>__TI_args_main</name>
         <value>0x1</value>
      </symbol>
      <symbol id="sm-27da">
         <name>_atexit</name>
         <value>0x9911b360</value>
         <object_component_ref idref="oc-2f6"/>
      </symbol>
      <symbol id="sm-27db">
         <name>___atexit_func_id__</name>
         <value>0x990d0f10</value>
         <object_component_ref idref="oc-127"/>
      </symbol>
      <symbol id="sm-27ed">
         <name>__divd</name>
         <value>0x99111f00</value>
         <object_component_ref idref="oc-270"/>
      </symbol>
      <symbol id="sm-27f6">
         <name>__c6xabi_divi</name>
         <value>0x9911a5c0</value>
         <object_component_ref idref="oc-276"/>
      </symbol>
      <symbol id="sm-27f7">
         <name>__divi</name>
         <value>0x9911a5c0</value>
         <object_component_ref idref="oc-276"/>
      </symbol>
      <symbol id="sm-2800">
         <name>__c6xabi_divu</name>
         <value>0x9911b1e0</value>
         <object_component_ref idref="oc-26c"/>
      </symbol>
      <symbol id="sm-2801">
         <name>__divu</name>
         <value>0x9911b1e0</value>
         <object_component_ref idref="oc-26c"/>
      </symbol>
      <symbol id="sm-280b">
         <name>_errno</name>
         <value>0x990a2a9c</value>
         <object_component_ref idref="oc-135"/>
      </symbol>
      <symbol id="sm-2822">
         <name>C$$EXIT</name>
         <value>0x9911fd80</value>
         <object_component_ref idref="oc-193"/>
      </symbol>
      <symbol id="sm-2823">
         <name>_exit</name>
         <value>0x9911b5a0</value>
         <object_component_ref idref="oc-17c"/>
      </symbol>
      <symbol id="sm-2824">
         <name>___TI_enable_exit_profile_output</name>
         <value>0x990d1338</value>
         <object_component_ref idref="oc-139"/>
      </symbol>
      <symbol id="sm-2825">
         <name>_abort</name>
         <value>0x9911fd80</value>
         <object_component_ref idref="oc-193"/>
      </symbol>
      <symbol id="sm-2826">
         <name>__cleanup_ptr</name>
         <value>0x990d1330</value>
         <object_component_ref idref="oc-139"/>
      </symbol>
      <symbol id="sm-2827">
         <name>__dtors_ptr</name>
         <value>0x990d1334</value>
         <object_component_ref idref="oc-139"/>
      </symbol>
      <symbol id="sm-2834">
         <name>__fixdli</name>
         <value>0x9911bd20</value>
         <object_component_ref idref="oc-2ce"/>
      </symbol>
      <symbol id="sm-2841">
         <name>__fixdu</name>
         <value>0x9911c860</value>
         <object_component_ref idref="oc-201"/>
      </symbol>
      <symbol id="sm-284c">
         <name>__fltlid</name>
         <value>0x9911c8e0</value>
         <object_component_ref idref="oc-26f"/>
      </symbol>
      <symbol id="sm-2856">
         <name>__frcmpyd_div</name>
         <value>0x9911f080</value>
         <object_component_ref idref="oc-2c7"/>
      </symbol>
      <symbol id="sm-286a">
         <name>__subcull</name>
         <value>0x9911dd60</value>
         <object_component_ref idref="oc-3da"/>
      </symbol>
      <symbol id="sm-286b">
         <name>__divull</name>
         <value>0x99114820</value>
         <object_component_ref idref="oc-3c4"/>
      </symbol>
      <symbol id="sm-2879">
         <name>__llshl</name>
         <value>0x9911c960</value>
         <object_component_ref idref="oc-3d9"/>
      </symbol>
      <symbol id="sm-287a">
         <name>__llshru</name>
         <value>0x9911f0c0</value>
         <object_component_ref idref="oc-2c6"/>
      </symbol>
      <symbol id="sm-2882">
         <name>_memcpy</name>
         <value>0x9911be60</value>
         <object_component_ref idref="oc-190"/>
      </symbol>
      <symbol id="sm-288d">
         <name>_memset</name>
         <value>0x9911a6a0</value>
         <object_component_ref idref="oc-200"/>
      </symbol>
      <symbol id="sm-28a4">
         <name>__remi</name>
         <value>0x9911b2a0</value>
         <object_component_ref idref="oc-274"/>
      </symbol>
      <symbol id="sm-28a5">
         <name>__c6xabi_remi</name>
         <value>0x9911b2a0</value>
         <object_component_ref idref="oc-274"/>
      </symbol>
      <symbol id="sm-28ae">
         <name>__remu</name>
         <value>0x9911bdc0</value>
         <object_component_ref idref="oc-203"/>
      </symbol>
      <symbol id="sm-28af">
         <name>__c6xabi_remu</name>
         <value>0x9911bdc0</value>
         <object_component_ref idref="oc-203"/>
      </symbol>
      <symbol id="sm-28c7">
         <name>_dtors</name>
         <value>0x990c4344</value>
         <object_component_ref idref="oc-162"/>
      </symbol>
      <symbol id="sm-28c8">
         <name>_call_dtors</name>
         <value>0x99119500</value>
         <object_component_ref idref="oc-342"/>
      </symbol>
      <symbol id="sm-28c9">
         <name>___add_dtor</name>
         <value>0x9911f000</value>
         <object_component_ref idref="oc-325"/>
      </symbol>
      <symbol id="sm-28d1">
         <name>__c6xabi_strasgi_64plus</name>
         <value>0x9911f100</value>
         <object_component_ref idref="oc-272"/>
      </symbol>
      <symbol id="sm-28d2">
         <name>__strasgi_64plus</name>
         <value>0x9911f100</value>
         <object_component_ref idref="oc-272"/>
      </symbol>
      <symbol id="sm-28dd">
         <name>_strcpy</name>
         <value>0x9911ddc0</value>
         <object_component_ref idref="oc-273"/>
      </symbol>
      <symbol id="sm-28f3">
         <name>_HOSTwrite</name>
         <value>0x9911b120</value>
         <object_component_ref idref="oc-37d"/>
      </symbol>
      <symbol id="sm-2903">
         <name>C$$IO$$</name>
         <value>0x9911ebf8</value>
         <object_component_ref idref="oc-3aa"/>
      </symbol>
      <symbol id="sm-2904">
         <name>__CIOBUF_</name>
         <value>0x99147280</value>
         <object_component_ref idref="oc-173"/>
      </symbol>
      <symbol id="sm-2905">
         <name>_readmsg</name>
         <value>0x9911c9e0</value>
         <object_component_ref idref="oc-3ab"/>
      </symbol>
      <symbol id="sm-2906">
         <name>_writemsg</name>
         <value>0x9911eba0</value>
         <object_component_ref idref="oc-3aa"/>
      </symbol>
   </symbol_table>
</link_info>
