******************************************************************************
               TMS320C6x Linker PC v7.4.4                      
******************************************************************************
>> Linked Sat Jun 24 12:22:10 2017

OUTPUT FILE NAME:   <kdsppulse.out>
ENTRY POINT SYMBOL: "ti_sysbios_family_c64p_Hwi0"  address: 99401000


MEMORY CONFIGURATION

         name            origin    length      used     unused   attr    fill
----------------------  --------  ---------  --------  --------  ----  --------
  HDVICP0               00400000   00040000  00000000  00040000  RWIX
  HDVICP1               00500000   00040000  00000000  00040000  RWIX
  DSPL2RAM              00800000   00040000  00000000  00040000  RWIX
  DSPL1PRAM             00e00000   00008000  00000000  00008000  RWIX
  DSPL1DRAM             00f00000   00008000  00000000  00008000  RWIX
  OCMC_0                40300000   00040000  00000000  00040000  RW X
  OCMC_1                40400000   00040000  00000000  00040000  RW X
  SR_1                  98000000   01000000  01000000  00000000  RW X
  DSP_PROG              99000000   01000000  00401780  00bfe880  RW X
  LOGGERSM              9e400000   00200000  00200000  00000000  RW X
  SR_0                  9f700000   00200000  00200000  00000000  RW X


SEGMENT ALLOCATION MAP

run origin  load origin   length   init length attrs members
----------  ----------- ---------- ----------- ----- -------
99000000    99000000    0034d778   00000000    rw-
  99000000    99000000    0034d778   00000000    rw- .far
9934d778    9934d778    00000008   00000008    r--
  9934d778    9934d778    00000008   00000008    r-- .const.1
9934d780    9934d780    000ad860   0008d860    rwx
  9934d780    9934d780    0008d860   0008d860    rwx .text
  993dafe0    993dafe0    00020000   00000000    rw- .stack
993fafe0    993fafe0    00004398   00004398    r--
  993fafe0    993fafe0    00004398   00004398    r-- .const.2
993ff378    993ff378    000012d4   000012d4    rw-
  993ff378    993ff378    000012d4   000012d4    rw- .fardata
99400650    99400650    000000e4   000000e4    rw-
  99400650    99400650    000000e4   000000e4    rw- .bss
99400738    99400738    00000825   00000825    rw-
  99400738    99400738    00000825   00000825    rw- .neardata
99400f60    99400f60    00000090   00000090    r--
  99400f60    99400f60    00000008   00000008    r-- .rodata
  99400f68    99400f68    00000088   00000088    r-- .switch.1
99401000    99401000    000003cc   000003cc    r-x
  99401000    99401000    00000200   00000200    r-x .vecs
  99401200    99401200    000001cc   000001cc    r-- .switch.2
994013e0    994013e0    00000138   00000138    rw-
  994013e0    994013e0    00000138   00000138    rw- .data.1
99401520    99401520    000001e0   000000c0    rw-
  99401520    99401520    000000c0   000000c0    rw- .data.2
  994015e0    994015e0    00000120   00000000    rw- .cio
99401700    99401700    00000064   00000064    rw-
  99401700    99401700    00000064   00000064    rw- .args
99401800    99401800    0000004c   0000004c    r--
  99401800    99401800    0000004c   0000004c    r-- ti_sdo_ipc_init


SECTION ALLOCATION MAP

 output                                  attributes/
section   page    origin      length       input sections
--------  ----  ----------  ----------   ----------------
.cinit     0    99000000    00000000     UNINITIALIZED

.init_array 
*          0    99000000    00000000     UNINITIALIZED

.cinit     0    00800000    00000000     UNINITIALIZED

.init_array 
*          0    00800000    00000000     UNINITIALIZED

ti.sdo.ipc.SharedRegion_1 
*          0    98000000    01000000     NOLOAD SECTION
                  98000000    01000000     --HOLE--

xdc.meta   0    99000000    000000e8     COPY SECTION
                  99000000    000000e8     Dsp_pe674.oe674 (xdc.meta)

.far       0    99000000    0034d778     UNINITIALIZED
                  99000000    002fa646     RUN_NC.obj (.far)
                  992fa646    00000002     --HOLE--
                  992fa648    00020418     Dsp_pe674.oe674 (.far)
                  9931aa60    00019dd4     sci.obj (.far)
                  99334834    00000004     --HOLE--
                  99334838    000167b8     area_control.obj (.far)
                  9934aff0    00000b08     struct.obj (.far)
                  9934baf8    00000a34     cpld.obj (.far)
                  9934c52c    00000004     --HOLE--
                  9934c530    00000800     norflash.obj (.far)
                  9934cd30    00000800     Dsp_pe674.oe674 (.far:taskStackSection)
                  9934d530    000001e8     main_dsp.obj (.far)
                  9934d718    00000030     cputimer.obj (.far)
                  9934d748    00000028     sharemem.obj (.far)
                  9934d770    00000008     rts6740_elf.lib : trgdrv.obj (.far)

.const.1   0    9934d778    00000008     
                  9934d778    00000008     ti.targets.rts6000.ae674 : System.oe674 (.const:.string)

.text      0    9934d780    0008d860     
                  9934d780    00034b40     area_control.obj (.text)
                  993822c0    00015e00     cpld.obj (.text)
                  993980c0    0000d2c0     RUN_NC.obj (.text)
                  993a5380    0000cd80     sci.obj (.text)
                  993b2100    0000b060     main_dsp.obj (.text)
                  993bd160    00004c00     area_code_rec.obj (.text)
                  993c1d60    00001fa0     test.obj (.text)
                  993c3d00    00001680     int_code.obj (.text)
                  993c5380    00000c60     spi.obj (.text)
                  993c5fe0    000009a0     ti.targets.rts6000.ae674 : System.oe674 (.text:xdc_runtime_System_doPrint__I)
                  993c6980    000008a0     ti.sysbios.family.c64p.ae674 : Exception.oe674 (.text:ti_sysbios_family_c64p_Exception_handler__I)
                  993c7220    00000740     ti.sysbios.heaps.ae674 : HeapMem.oe674 (.text:ti_sysbios_heaps_HeapMem_free__E)
                  993c7960    000006c0     ti.sysbios.knl.ae674 : Task.oe674 (.text:ti_sysbios_knl_Task_Instance_init__F)
                  993c8020    00000660     ti.sysbios.heaps.ae674 : HeapMem.oe674 (.text:ti_sysbios_heaps_HeapMem_alloc__E)
                  993c8680    00000660     ti.sysbios.knl.ae674 : Task.oe674 (.text:ti_sysbios_knl_Task_Instance_finalize__F)
                  993c8ce0    00000580     norflash.obj (.text)
                  993c9260    000004c0     ti.sysbios.family.c64p.ae674 : Hwi.oe674 (.text:ti_sysbios_family_c64p_Hwi_dispatchC__I)
                  993c9720    00000480     ti.sdo.ipc.ae674 : Notify.oe674 (.text:ti_sdo_ipc_Notify_Instance_init__F)
                  993c9ba0    00000480     ti.sysbios.knl.ae674 : Semaphore.oe674 (.text:ti_sysbios_knl_Semaphore_pend__E)
                  993ca020    00000480     Dsp_pe674.oe674 (.text:xdc_runtime_System_printfExtend__I)
                  993ca4a0    00000440     ti.uia.runtime.ae674 : LoggerSM.oe674 (.text:ti_uia_runtime_LoggerSM_write__I)
                  993ca8e0    00000420     ti.sysbios.knl.ae674 : Clock.oe674 (.text:ti_sysbios_knl_Clock_Instance_init__F)
                  993cad00    00000420                          : Task.oe674 (.text:ti_sysbios_knl_Task_setPri__E)
                  993cb120    000003e0                          : Swi.oe674 (.text:ti_sysbios_knl_Swi_run__I)
                  993cb500    000003a0     ti.sdo.ipc.ae674 : SharedRegion.oe674 (.text:SharedRegion_getEntry)
                  993cb8a0    00000320     ti.sysbios.knl.ae674 : Task.oe674 (.text:ti_sysbios_knl_Task_sleep__E)
                  993cbbc0    000002e0     ti.sysbios.timers.dmtimer.ae674 : Timer.oe674 (.text:deviceConfig)
                  993cbea0    000002c0     ti.sysbios.knl.ae674 : Clock.oe674 (.text:ti_sysbios_knl_Clock_workFunc__E)
                  993cc160    000002a0                          : Semaphore.oe674 (.text:ti_sysbios_knl_Semaphore_Instance_init__F)
                  993cc400    000002a0                          : Task.oe674 (.text:ti_sysbios_knl_Task_schedule__I)
                  993cc6a0    000002a0                          : Task.oe674 (.text:ti_sysbios_knl_Task_startup__E)
                  993cc940    00000280     ti.targets.rts6000.ae674 : Core-mem.oe674 (.text:xdc_runtime_Core_createObject__I)
                  993ccbc0    00000280                              : Error.oe674 (.text:xdc_runtime_Error_raiseX__F)
                  993cce40    00000260     rts6740_elf.lib : imath64.obj (.text:__c6xabi_divull)
                  993cd0a0    00000260     ti.sysbios.gates.ae674 : GateMutexPri.oe674 (.text:ti_sysbios_gates_GateMutexPri_enter__E)
                  993cd300    00000260     ti.targets.rts6000.ae674 : Startup.oe674 (.text:xdc_runtime_Startup_startMods__I)
                  993cd560    00000240     ti.sysbios.heaps.ae674 : HeapMem.oe674 (.text:ti_sysbios_heaps_HeapMem_Instance_init__F)
                  993cd7a0    00000240     ti.sysbios.timers.dmtimer.ae674 : Timer.oe674 (.text:ti_sysbios_timers_dmtimer_Timer_checkFreq__I)
                  993cd9e0    00000240     ti.uia.runtime.ae674 : LoggerSM.oe674 (.text:ti_uia_runtime_LoggerSM_write8__E)
                  993cdc20    00000200     ti.sysbios.family.c64p.ae674 : Hwi_disp_always.oe674 (.text:_ti_sysbios_family_c64p_Hwi_dispatchAlways)
                  993cde20    00000200     ti.sysbios.knl.ae674 : Swi.oe674 (.text:ti_sysbios_knl_Swi_post__E)
                  993ce020    00000200                          : Swi.oe674 (.text:ti_sysbios_knl_Swi_schedule__I)
                  993ce220    00000200                          : Task.oe674 (.text:ti_sysbios_knl_Task_exit__E)
                  993ce420    00000200     ti.sysbios.timers.dmtimer.ae674 : Timer.oe674 (.text:ti_sysbios_timers_dmtimer_Timer_setPeriodMicroSecs__E)
                  993ce620    000001e0     ti.sysbios.knl.ae674 : Task.oe674 (.text:ti_sysbios_knl_Task_postInit__I)
                  993ce800    000001e0                          : Task.oe674 (.text:ti_sysbios_knl_Task_unblockI__E)
                  993ce9e0    000001e0     ti.uia.runtime.ae674 : LoggerSM.oe674 (.text:ti_uia_runtime_LoggerSM_write0__E)
                  993cebc0    000001e0                          : LoggerSM.oe674 (.text:ti_uia_runtime_LoggerSM_write1__E)
                  993ceda0    000001e0                          : LoggerSM.oe674 (.text:ti_uia_runtime_LoggerSM_write4__E)
                  993cef80    000001c0     mathlib.ae674 : logdp.oe674 (.text:optasm)
                  993cf140    000001c0     sharemem.obj (.text)
                  993cf300    000001c0     ti.sdo.ipc.ae674 : Notify.oe674 (.text:ti_sdo_ipc_Notify_Module_startup__F)
                  993cf4c0    000001c0     ti.sysbios.family.c64p.ae674 : Hwi.oe674 (.text:ti_sysbios_family_c64p_Hwi_Instance_finalize__F)
                  993cf680    000001c0                                  : Hwi.oe674 (.text:ti_sysbios_family_c64p_Hwi_Module_startup__F)
                  993cf840    000001c0                                  : Hwi.oe674 (.text:ti_sysbios_family_c64p_Hwi_reconfig__E)
                  993cfa00    000001c0     ti.sysbios.gates.ae674 : GateMutex.oe674 (.text:ti_sysbios_gates_GateMutex_enter__E)
                  993cfbc0    000001c0     ti.uia.runtime.ae674 : LoggerSM.oe674 (.text:ti_uia_runtime_LoggerSM_write2__E)
                  993cfd80    000001a0     ti.sysbios.knl.ae674 : Clock.oe674 (.text:ti_sysbios_knl_Clock_Instance_finalize__F)
                  993cff20    000001a0                          : Semaphore.oe674 (.text:ti_sysbios_knl_Semaphore_post__E)
                  993d00c0    00000180     mathlib.ae674 : cosdp.oe674 (.text:optasm)
                  993d0240    00000180                   : expdp.oe674 (.text:optasm)
                  993d03c0    00000180                   : sindp.oe674 (.text:optasm)
                  993d0540    00000180     ti.sysbios.family.c64p.ae674 : Exception_asm.oe674 (.text)
                  993d06c0    00000180                                  : Exception.oe674 (.text:ti_sysbios_family_c64p_Exception_externalHandler__I)
                  993d0840    00000180                                  : Exception.oe674 (.text:ti_sysbios_family_c64p_Exception_internalHandler__I)
                  993d09c0    00000180     ti.sysbios.gates.ae674 : GateSwi.oe674 (.text:ti_sysbios_gates_GateSwi_enter__E)
                  993d0b40    00000180     ti.sysbios.knl.ae674 : Task.oe674 (.text:ti_sysbios_knl_Task_Module_startup__F)
                  993d0cc0    00000180                          : Task.oe674 (.text:ti_sysbios_knl_Task_blockI__E)
                  993d0e40    00000180                          : Task.oe674 (.text:ti_sysbios_knl_Task_checkStacks__E)
                  993d0fc0    00000180     ti.sysbios.timers.dmtimer.ae674 : Timer.oe674 (.text:ti_sysbios_timers_dmtimer_Timer_start__E)
                  993d1140    00000180     Dsp_pe674.oe674 (.text:xdc_runtime_Registry_findById__E)
                  993d12c0    00000180     ti.targets.rts6000.ae674 : Text.oe674 (.text:xdc_runtime_Text_putSite__F)
                  993d1440    00000160     ti.sysbios.knl.ae674 : Swi.oe674 (.text:ti_sysbios_knl_Swi_Module_startup__F)
                  993d15a0    00000140     boot.ae674 : autoinit.oe674 (.text:_auto_init_elf)
                  993d16e0    00000140     mathlib.ae674 : powdp.oe674 (.text:optasm)
                  993d1820    00000120     ti.sysbios.family.c64p.ae674 : Cache.oe674 (.text:block)
                  993d1940    00000120                                  : Exception.oe674 (.text:decodeMpfsr)
                  993d1a60    00000120     ti.sysbios.timers.dmtimer.ae674 : Timer.oe674 (.text:initDevice)
                  993d1b80    00000120     ti.sdo.ipc.ae674 : MessageQ.oe674 (.text:ti_sdo_ipc_MessageQ_Module_startup__F)
                  993d1ca0    00000120                      : Notify.oe674 (.text:ti_sdo_ipc_Notify_Instance_finalize__F)
                  993d1dc0    00000120     ti.sysbios.family.c64p.ae674 : Hwi.oe674 (.text:ti_sysbios_family_c64p_Hwi_Instance_init__F)
                  993d1ee0    00000120     ti.sysbios.knl.ae674 : Clock.oe674 (.text:ti_sysbios_knl_Clock_startI__E)
                  993d2000    00000120                          : Swi.oe674 (.text:ti_sysbios_knl_Swi_restoreHwi__E)
                  993d2120    00000120     ti.uia.runtime.ae674 : LoggerSM.oe674 (.text:ti_uia_runtime_LoggerSM_setFilterLevel__E)
                  993d2240    00000120     ti.targets.rts6000.ae674 : Text.oe674 (.text:xdc_runtime_Text_putLab__F)
                  993d2360    00000100     ti.sysbios.ae674 : BIOS.oe674 (.text:rtsUnlock)
                  993d2460    00000100     Dsp_pe674.oe674 (.text:ti_sdo_ipc_Notify_Object__create__S)
                  993d2560    00000100     ti.sdo.ipc.gates.ae674 : GateHWSpinlock.oe674 (.text:ti_sdo_ipc_gates_GateHWSpinlock_Module_startup__F)
                  993d2660    00000100     ti.sdo.utils.ae674 : NameServer.oe674 (.text:ti_sdo_utils_NameServer_postInit__I)
                  993d2760    00000100     Dsp_pe674.oe674 (.text:ti_sysbios_family_c64p_Hwi_Object__create__S)
                  993d2860    00000100     ti.sysbios.timers.dmtimer.ae674 : Timer.oe674 (.text:ti_sysbios_timers_dmtimer_Timer_getExpiredCounts__E)
                  993d2960    00000100                                     : Timer.oe674 (.text:ti_sysbios_timers_dmtimer_Timer_setNextTick__E)
                  993d2a60    00000100     ti.uia.runtime.ae674 : LoggerSM.oe674 (.text:ti_uia_runtime_LoggerSM_getFilterLevel__E)
                  993d2b60    00000100     ti.targets.rts6000.ae674 : Core-mem.oe674 (.text:xdc_runtime_Core_deleteObject__I)
                  993d2c60    00000100                              : Startup.oe674 (.text:xdc_runtime_Startup_exec__F)
                  993d2d60    00000100                              : Text.oe674 (.text:xdc_runtime_Text_putMod__F)
                  993d2e60    00000100                              : Text.oe674 (.text:xdc_runtime_Text_visitRope2__I)
                  993d2f60    000000e0     ti.uia.runtime.ae674 : LoggerSM.oe674 (.text:LoggerSM_overwriteDecoded)
                  993d3040    000000e0                          : LoggerSM.oe674 (.text:LoggerSM_setupBuffer)
                  993d3120    000000e0     rts6740_elf.lib : divi.obj (.text:__divi)
                  993d3200    000000e0                     : atoi.obj (.text:atoi)
                  993d32e0    000000e0                     : memset.obj (.text:memset)
                  993d33c0    000000e0     ti.sysbios.family.c64p.ae674 : Hwi.oe674 (.text:postInit)
                  993d34a0    000000e0     ti.sdo.utils.ae674 : NameServer.oe674 (.text:ti_sdo_utils_NameServer_Module_startup__F)
                  993d3580    000000e0     ti.sysbios.family.c64p.ae674 : Cache.oe674 (.text:ti_sysbios_family_c64p_Cache_Module_startup__F)
                  993d3660    000000e0                                  : Exception.oe674 (.text:ti_sysbios_family_c64p_Exception_Module_startup__F)
                  993d3740    000000e0     ti.sysbios.gates.ae674 : GateMutexPri.oe674 (.text:ti_sysbios_gates_GateMutexPri_leave__E)
                  993d3820    000000e0     ti.sysbios.heaps.ae674 : HeapMem.oe674 (.text:ti_sysbios_heaps_HeapMem_getStats__E)
                  993d3900    000000e0     ti.sysbios.knl.ae674 : Clock.oe674 (.text:ti_sysbios_knl_Clock_logTick__E)
                  993d39e0    000000e0                          : Clock.oe674 (.text:ti_sysbios_knl_Clock_start__E)
                  993d3ac0    000000e0                          : Swi.oe674 (.text:ti_sysbios_knl_Swi_postInit__I)
                  993d3ba0    000000e0     Dsp_pe674.oe674 (.text:ti_sysbios_knl_Task_Object__create__S)
                  993d3c80    000000e0     ti.targets.rts6000.ae674 : Error.oe674 (.text:xdc_runtime_Error_print__F)
                  993d3d60    000000e0                              : Memory.oe674 (.text:xdc_runtime_Memory_alloc__F)
                  993d3e40    000000e0     Dsp_pe674.oe674 (.text:xdc_runtime_knl_GateThread_Object__create__S)
                  993d3f20    000000c0     rts6740_elf.lib : trgdrv.obj (.text:HOSTwrite)
                  993d3fe0    000000c0                     : dtor_list.obj (.text:_Z11__TI_atexitPFYvPvES_S_)
                  993d40a0    000000c0                     : dtor_list.obj (.text:__cxa_finalize)
                  993d4160    000000c0                     : divu.obj (.text:__divu)
                  993d4220    000000c0                     : remi.obj (.text:__remi)
                  993d42e0    000000c0     cputimer.obj (.text)
                  993d43a0    000000c0     ti.uia.runtime.ae674 : LoggerSM.oe674 (.text:eraseRecords)
                  993d4460    000000c0     rts6740_elf.lib : exit.obj (.text:exit)
                  993d4520    000000c0     ti.sysbios.family.c64p.ae674 : Cache.oe674 (.text:getEmifCtrlAddr)
                  993d45e0    000000c0     mathlib.ae674 : sqrtdp.oe674 (.text:optasm)
                  993d46a0    000000c0     ti.sysbios.family.c64p.ae674 : Hwi.oe674 (.text:ti_sysbios_family_c64p_Hwi_eventMap__E)
                  993d4760    000000c0     ti.sysbios.knl.ae674 : Clock.oe674 (.text:ti_sysbios_knl_Clock_getTicks__E)
                  993d4820    000000c0     ti.sysbios.timers.dmtimer.ae674 : Timer.oe674 (.text:ti_sysbios_timers_dmtimer_Timer_Module_startup__F)
                  993d48e0    000000c0     ti.targets.rts6000.ae674 : System.oe674 (.text:xdc_runtime_System_formatNum__I)
                  993d49a0    000000a0     rts6740_elf.lib : remu.obj (.text:__remu)
                  993d4a40    000000a0     boot.ae674 : boot.oe674 (.text:_c_int00)
                  993d4ae0    000000a0     ti.sysbios.family.c64p.ae674 : Hwi_asm.oe674 (.text:_ti_sysbios_family_c64p_Hwi_plug__E)
                  993d4b80    000000a0     Dsp_pe674.oe674 (.text:malloc)
                  993d4c20    000000a0     ti.sysbios.family.c64p.ae674 : Cache.oe674 (.text:marInit)
                  993d4cc0    000000a0     rts6740_elf.lib : memcpy64.obj (.text:memcpy)
                  993d4d60    000000a0     ti.sysbios.family.c62.ae674 : TaskSupport.oe674 (.text:ti_sysbios_family_c62_TaskSupport_start__E)
                  993d4e00    000000a0     ti.sysbios.family.c64p.ae674 : Cache.oe674 (.text:ti_sysbios_family_c64p_Cache_setMar__E)
                  993d4ea0    000000a0                                  : Cache.oe674 (.text:ti_sysbios_family_c64p_Cache_setSize__E)
                  993d4f40    000000a0     Dsp_pe674.oe674 (.text:ti_sysbios_knl_Clock_Object__create__S)
                  993d4fe0    000000a0     ti.sysbios.knl.ae674 : Idle.oe674 (.text:ti_sysbios_knl_Idle_run__E)
                  993d5080    000000a0     Dsp_pe674.oe674 (.text:ti_sysbios_knl_Semaphore_Object__create__S)
                  993d5120    000000a0     ti.sysbios.knl.ae674 : Swi.oe674 (.text:ti_sysbios_knl_Swi_restore__E)
                  993d51c0    000000a0     ti.sysbios.timers.dmtimer.ae674 : Timer.oe674 (.text:ti_sysbios_timers_dmtimer_Timer_startup__E)
                  993d5260    000000a0                                     : Timer.oe674 (.text:ti_sysbios_timers_dmtimer_Timer_stop__E)
                  993d5300    000000a0     ti.targets.rts6000.ae674 : Assert.oe674 (.text:xdc_runtime_Assert_raise__I)
                  993d53a0    000000a0                              : SysMin.oe674 (.text:xdc_runtime_SysMin_abort__F)
                  993d5440    000000a0                              : SysMin.oe674 (.text:xdc_runtime_SysMin_flush__F)
                  993d54e0    000000a0     Dsp_pe674.oe674 (.text:xdc_runtime_SysMin_output__I)
                  993d5580    000000a0     ti.targets.rts6000.ae674 : SysMin.oe674 (.text:xdc_runtime_SysMin_putch__F)
                  993d5620    00000080     rts6740_elf.lib : fixdu.obj (.text:__c6xabi_fixdu)
                  993d56a0    00000080                     : llshift.obj (.text:__c6xabi_llshl)
                  993d5720    00000080     ti.sysbios.family.c62.ae674 : TaskSupport_asm.oe674 (.text:_ti_sysbios_family_c62_TaskSupport_swap__E)
                  993d57a0    00000080     ti.sysbios.family.c64p.ae674 : Cache.oe674 (.text:all)
                  993d5820    00000080     mathlib.ae674 : divdp.oe674 (.text:optasm)
                  993d58a0    00000080     rts6740_elf.lib : trgmsg.obj (.text:readmsg)
                  993d5920    00000080     Dsp_pe674.oe674 (.text:ti_sdo_ipc_MessageQ_Object__get__S)
                  993d59a0    00000080     Dsp_pe674.oe674 (.text:ti_sdo_utils_List_Object__create__S)
                  993d5a20    00000080     Dsp_pe674.oe674 (.text:ti_sdo_utils_NameServer_Object__get__S)
                  993d5aa0    00000080     ti.sysbios.family.c64p.ae674 : Cache.oe674 (.text:ti_sysbios_family_c64p_Cache_wait__E)
                  993d5b20    00000080                                  : Hwi.oe674 (.text:ti_sysbios_family_c64p_Hwi_getEventId__E)
                  993d5ba0    00000080     Dsp_pe674.oe674 (.text:ti_sysbios_gates_GateAll_Object__create__S)
                  993d5c20    00000080     Dsp_pe674.oe674 (.text:ti_sysbios_gates_GateHwi_Object__create__S)
                  993d5ca0    00000080     Dsp_pe674.oe674 (.text:ti_sysbios_gates_GateMutexPri_Object__create__S)
                  993d5d20    00000080     ti.sysbios.gates.ae674 : GateMutexPri.oe674 (.text:ti_sysbios_gates_GateMutexPri_insertPri__I)
                  993d5da0    00000080     Dsp_pe674.oe674 (.text:ti_sysbios_gates_GateMutex_Object__create__S)
                  993d5e20    00000080     Dsp_pe674.oe674 (.text:ti_sysbios_gates_GateSwi_Object__create__S)
                  993d5ea0    00000080     ti.sysbios.hal.ae674 : Hwi_stack.oe674 (.text:ti_sysbios_hal_Hwi_checkStack:ti_sysbios_hal_Hwi_checkStack)
                  993d5f20    00000080     Dsp_pe674.oe674 (.text:ti_sysbios_heaps_HeapMem_Object__create__S)
                  993d5fa0    00000080     Dsp_pe674.oe674 (.text:ti_sysbios_heaps_HeapMem_Object__get__S)
                  993d6020    00000080     ti.sysbios.heaps.ae674 : HeapMem.oe674 (.text:ti_sysbios_heaps_HeapMem_init__I)
                  993d60a0    00000080     Dsp_pe674.oe674 (.text:ti_sysbios_knl_Clock_doTick__I)
                  993d6120    00000080     Dsp_pe674.oe674 (.text:ti_sysbios_knl_Queue_Object__create__S)
                  993d61a0    00000080     ti.sysbios.knl.ae674 : Semaphore.oe674 (.text:ti_sysbios_knl_Semaphore_Instance_finalize__F)
                  993d6220    00000080     Dsp_pe674.oe674 (.text:ti_sysbios_knl_Swi_Object__get__S)
                  993d62a0    00000080     Dsp_pe674.oe674 (.text:ti_sysbios_knl_Task_Object__get__S)
                  993d6320    00000080     ti.sysbios.knl.ae674 : Task.oe674 (.text:ti_sysbios_knl_Task_restore__E)
                  993d63a0    00000080     ti.sysbios.timers.dmtimer.ae674 : Timer.oe674 (.text:ti_sysbios_timers_dmtimer_Timer_stub__E)
                  993d6420    00000080     Dsp_pe674.oe674 (.text:ti_sysbios_xdcruntime_GateThreadSupport_Object__create__S)
                  993d64a0    00000080     Dsp_pe674.oe674 (.text:ti_uia_runtime_LoggerSM_Object__create__S)
                  993d6520    00000080     ti.targets.rts6000.ae674 : Core-label.oe674 (.text:xdc_runtime_Core_assignLabel__I)
                  993d65a0    00000080                              : Core-params.oe674 (.text:xdc_runtime_Core_assignParams__I)
                  993d6620    00000080     Dsp_pe674.oe674 (.text:xdc_runtime_GateNull_Object__create__S)
                  993d66a0    00000080     ti.targets.rts6000.ae674 : System.oe674 (.text:xdc_runtime_System_atexit__F)
                  993d6720    00000080                              : System.oe674 (.text:xdc_runtime_System_rtsExit__I)
                  993d67a0    00000080                              : Text.oe674 (.text:xdc_runtime_Text_printVisFxn__I)
                  993d6820    00000080                              : Text.oe674 (.text:xdc_runtime_Text_xprintf__I)
                  993d68a0    00000060     spi.obj (.text:SPI_WaitTransEnd)
                  993d6900    00000060     rts6740_elf.lib : imath64.obj (.text:_subcull)
                  993d6960    00000060     Dsp_pe674.oe674 (.text:free)
                  993d69c0    00000060     ti.sysbios.timers.dmtimer.ae674 : Timer.oe674 (.text:postInit)
                  993d6a20    00000060     ti.sysbios.knl.ae674 : Task.oe674 (.text:processVitalTaskFlag)
                  993d6a80    00000060     ti.sysbios.ae674 : BIOS.oe674 (.text:rtsLock)
                  993d6ae0    00000060     rts6740_elf.lib : strcpy.obj (.text:strcpy)
                  993d6b40    00000060     ti.sdo.ipc.ae674 : Notify.oe674 (.text:ti_sdo_ipc_Notify_create)
                  993d6ba0    00000060     Dsp_pe674.oe674 (.text:ti_sdo_utils_List_Object__get__S)
                  993d6c00    00000060     ti.sdo.utils.ae674 : List.oe674 (.text:ti_sdo_utils_List_enqueue__E)
                  993d6c60    00000060     ti.sysbios.ae674 : BIOS.oe674 (.text:ti_sysbios_BIOS_errorRaiseHook__I)
                  993d6cc0    00000060     Dsp_pe674.oe674 (.text:ti_sysbios_BIOS_exitFunc__I)
                  993d6d20    00000060     ti.sysbios.family.c64p.ae674 : Exception.oe674 (.text:ti_sysbios_family_c64p_Exception_nmiHandler__I)
                  993d6d80    00000060                                  : Hwi.oe674 (.text:ti_sysbios_family_c64p_Hwi_disableIER__E)
                  993d6de0    00000060                                  : Hwi.oe674 (.text:ti_sysbios_family_c64p_Hwi_enableIER__E)
                  993d6e40    00000060     Dsp_pe674.oe674 (.text:ti_sysbios_gates_GateAll_Handle__label__S)
                  993d6ea0    00000060     Dsp_pe674.oe674 (.text:ti_sysbios_gates_GateAll_Object__delete__S)
                  993d6f00    00000060     ti.sysbios.gates.ae674 : GateAll.oe674 (.text:ti_sysbios_gates_GateAll_enter__E)
                  993d6f60    00000060     Dsp_pe674.oe674 (.text:ti_sysbios_gates_GateHwi_Handle__label__S)
                  993d6fc0    00000060     Dsp_pe674.oe674 (.text:ti_sysbios_gates_GateHwi_Object__delete__S)
                  993d7020    00000060     Dsp_pe674.oe674 (.text:ti_sysbios_gates_GateMutexPri_Handle__label__S)
                  993d7080    00000060     ti.sysbios.gates.ae674 : GateMutexPri.oe674 (.text:ti_sysbios_gates_GateMutexPri_Instance_init__F)
                  993d70e0    00000060     Dsp_pe674.oe674 (.text:ti_sysbios_gates_GateMutexPri_Object__delete__S)
                  993d7140    00000060     Dsp_pe674.oe674 (.text:ti_sysbios_gates_GateMutex_Handle__label__S)
                  993d71a0    00000060     Dsp_pe674.oe674 (.text:ti_sysbios_gates_GateMutex_Object__delete__S)
                  993d7200    00000060     Dsp_pe674.oe674 (.text:ti_sysbios_gates_GateSwi_Handle__label__S)
                  993d7260    00000060     Dsp_pe674.oe674 (.text:ti_sysbios_gates_GateSwi_Object__delete__S)
                  993d72c0    00000060     ti.sysbios.gates.ae674 : GateSwi.oe674 (.text:ti_sysbios_gates_GateSwi_query__F)
                  993d7320    00000060     Dsp_pe674.oe674 (.text:ti_sysbios_heaps_HeapMem_Handle__label__S)
                  993d7380    00000060     Dsp_pe674.oe674 (.text:ti_sysbios_heaps_HeapMem_Object__delete__S)
                  993d73e0    00000060     ti.sysbios.knl.ae674 : Clock.oe674 (.text:ti_sysbios_knl_Clock_Module_startup__F)
                  993d7440    00000060                          : Clock.oe674 (.text:ti_sysbios_knl_Clock_setupTimerToSkipTicks__E)
                  993d74a0    00000060     Dsp_pe674.oe674 (.text:ti_sysbios_knl_Queue_Object__get__S)
                  993d7500    00000060     ti.sysbios.knl.ae674 : Queue.oe674 (.text:ti_sysbios_knl_Queue_enqueue__E)
                  993d7560    00000060                          : Queue.oe674 (.text:ti_sysbios_knl_Queue_put__E)
                  993d75c0    00000060                          : Semaphore.oe674 (.text:ti_sysbios_knl_Semaphore_pendTimeout__I)
                  993d7620    00000060     Dsp_pe674.oe674 (.text:ti_sysbios_knl_Task_Object__next__S)
                  993d7680    00000060     ti.sysbios.knl.ae674 : Task.oe674 (.text:ti_sysbios_knl_Task_restoreHwi__E)
                  993d76e0    00000060                          : Task.oe674 (.text:ti_sysbios_knl_Task_sleepTimeout__I)
                  993d7740    00000060     ti.sysbios.timers.dmtimer.ae674 : Timer.oe674 (.text:ti_sysbios_timers_dmtimer_Timer_getCount__E)
                  993d77a0    00000060                                     : Timer.oe674 (.text:ti_sysbios_timers_dmtimer_Timer_getFreq__E)
                  993d7800    00000060                                     : Timer.oe674 (.text:ti_sysbios_timers_dmtimer_Timer_getPeriod__E)
                  993d7860    00000060     Dsp_pe674.oe674 (.text:ti_sysbios_xdcruntime_GateThreadSupport_Object__delete__S)
                  993d78c0    00000060     Dsp_pe674.oe674 (.text:ti_uia_runtime_LoggerSM_Handle__label__S)
                  993d7920    00000060     Dsp_pe674.oe674 (.text:ti_uia_runtime_LoggerSM_Object__delete__S)
                  993d7980    00000060     rts6740_elf.lib : trgmsg.obj (.text:writemsg)
                  993d79e0    00000060     Dsp_pe674.oe674 (.text:xdc_runtime_GateNull_Handle__label__S)
                  993d7a40    00000060     Dsp_pe674.oe674 (.text:xdc_runtime_GateNull_Object__delete__S)
                  993d7aa0    00000060     ti.targets.rts6000.ae674 : Memory.oe674 (.text:xdc_runtime_Memory_calloc__F)
                  993d7b00    00000060                              : SysMin.oe674 (.text:xdc_runtime_SysMin_Module_startup__F)
                  993d7b60    00000060                              : SysMin.oe674 (.text:xdc_runtime_SysMin_exit__F)
                  993d7bc0    00000060                              : System.oe674 (.text:xdc_runtime_System_aprintf_va__F)
                  993d7c20    00000060                              : System.oe674 (.text:xdc_runtime_System_printf_va__F)
                  993d7c80    00000060                              : Text.oe674 (.text:xdc_runtime_Text_cordText__F)
                  993d7ce0    00000060     Dsp_pe674.oe674 (.text:xdc_runtime_knl_GateThread_Handle__label__S)
                  993d7d40    00000060     Dsp_pe674.oe674 (.text:xdc_runtime_knl_GateThread_Object__delete__S)
                  993d7da0    00000040     ti.uia.runtime.ae674 : LoggerSM.oe674 (.text:LoggerSM_getFreeSize)
                  993d7de0    00000040     rts6740_elf.lib : llshift.obj (.text:__c6xabi_llshru)
                  993d7e20    00000040                     : strasg.obj (.text:__strasgi_64plus)
                  993d7e60    00000040                     : args_main.obj (.text:_args_main)
                  993d7ea0    00000040     ti.sysbios.family.c62.ae674 : TaskSupport_asm.oe674 (.text:_ti_sysbios_family_c62_TaskSupport_buildTaskStack)
                  993d7ee0    00000040     ti.sysbios.family.c64p.ae674 : Hwi_asm_switch.oe674 (.text:_ti_sysbios_family_xxx_Hwi_switchToIsrStack)
                  993d7f20    00000040     ti.sysbios.timers.dmtimer.ae674 : Timer.oe674 (.text:checkOverflow)
                  993d7f60    00000040     ti.sysbios.family.c64p.ae674 : Cache.oe674 (.text:emifRange)
                  993d7fa0    00000040     ti.sdo.ipc.ae674 : Notify.oe674 (.text:ti_sdo_ipc_interfaces_INotifyDriver_setNotifyHandle)
                  993d7fe0    00000040     Dsp_pe674.oe674 (.text:ti_sdo_utils_List_Object__destruct__S)
                  993d8020    00000040     ti.sdo.ipc.ae674 : Notify.oe674 (.text:ti_sdo_utils_List_construct)
                  993d8060    00000040     ti.sdo.utils.ae674 : List.oe674 (.text:ti_sdo_utils_List_put__E)
                  993d80a0    00000040                        : MultiProc.oe674 (.text:ti_sdo_utils_MultiProc_getClusterId__F)
                  993d80e0    00000040                        : NameServer.oe674 (.text:ti_sdo_utils_NameServer_Instance_State_freeList)
                  993d8120    00000040     Dsp_pe674.oe674 (.text:ti_sdo_utils_NameServer_Module__startupDone__F)
                  993d8160    00000040     ti.sysbios.ae674 : BIOS.oe674 (.text:ti_sysbios_BIOS_getCpuFreq__E)
                  993d81a0    00000040                      : BIOS.oe674 (.text:ti_sysbios_BIOS_registerRTSLock__I)
                  993d81e0    00000040                      : BIOS.oe674 (.text:ti_sysbios_BIOS_removeRTSLock__I)
                  993d8220    00000040                      : BIOS.oe674 (.text:ti_sysbios_BIOS_setThreadType__E)
                  993d8260    00000040     Dsp_pe674.oe674 (.text:ti_sysbios_BIOS_startFunc__I)
                  993d82a0    00000040     ti.sysbios.family.c62.ae674 : TaskSupport.oe674 (.text:ti_sysbios_family_c62_TaskSupport_checkStack__E)
                  993d82e0    00000040     ti.sysbios.family.c64p.ae674 : Cache.oe674 (.text:ti_sysbios_family_c64p_Cache_wbInv__E)
                  993d8320    00000040                                  : Exception.oe674 (.text:ti_sysbios_family_c64p_Exception_evtEvtClear__E)
                  993d8360    00000040                                  : Exception.oe674 (.text:ti_sysbios_family_c64p_Exception_evtExpMaskEnable__E)
                  993d83a0    00000040     Dsp_pe674.oe674 (.text:ti_sysbios_family_c64p_Hwi_Module__startupDone__F)
                  993d83e0    00000040     Dsp_pe674.oe674 (.text:ti_sysbios_family_c64p_Hwi_Params__init__S)
                  993d8420    00000040     ti.sysbios.family.c64p.ae674 : Hwi.oe674 (.text:ti_sysbios_family_c64p_Hwi_clearInterrupt__E)
                  993d8460    00000040                                  : Hwi.oe674 (.text:ti_sysbios_family_c64p_Hwi_getIsrStackAddress__I)
                  993d84a0    00000040     Dsp_pe674.oe674 (.text:ti_sysbios_family_c64p_ti81xx_TimerSupport_Module__startupDone__F)
                  993d84e0    00000040     ti.sysbios.gates.ae674 : GateAll.oe674 (.text:ti_sysbios_gates_GateAll_Instance_init__F)
                  993d8520    00000040                            : GateAll.oe674 (.text:ti_sysbios_gates_GateAll_leave__E)
                  993d8560    00000040                            : GateHwi.oe674 (.text:ti_sysbios_gates_GateHwi_enter__E)
                  993d85a0    00000040                            : GateMutexPri.oe674 (.text:ti_sysbios_gates_GateMutexPri_Instance_State_pendQ)
                  993d85e0    00000040                            : GateMutexPri.oe674 (.text:ti_sysbios_gates_GateMutexPri_Instance_finalize__F)
                  993d8620    00000040     Dsp_pe674.oe674 (.text:ti_sysbios_gates_GateMutexPri_Object__destruct__S)
                  993d8660    00000040     ti.sysbios.xdcruntime.ae674 : GateThreadSupport.oe674 (.text:ti_sysbios_gates_GateMutexPri_construct)
                  993d86a0    00000040     ti.sysbios.gates.ae674 : GateMutex.oe674 (.text:ti_sysbios_gates_GateMutex_Instance_State_sem)
                  993d86e0    00000040                            : GateMutex.oe674 (.text:ti_sysbios_gates_GateMutex_Instance_finalize__F)
                  993d8720    00000040                            : GateMutex.oe674 (.text:ti_sysbios_gates_GateMutex_Instance_init__F)
                  993d8760    00000040                            : GateMutex.oe674 (.text:ti_sysbios_gates_GateMutex_leave__E)
                  993d87a0    00000040     ti.sysbios.hal.ae674 : Hwi_stack.oe674 (.text:ti_sysbios_hal_Hwi_initStack:ti_sysbios_hal_Hwi_initStack)
                  993d87e0    00000040     Dsp_pe674.oe674 (.text:ti_sysbios_hal_Timer_Module__startupDone__F)
                  993d8820    00000040     ti.sysbios.heaps.ae674 : HeapMem.oe674 (.text:ti_sysbios_heaps_HeapMem_restore__E)
                  993d8860    00000040     Dsp_pe674.oe674 (.text:ti_sysbios_knl_Clock_Object__destruct__S)
                  993d88a0    00000040     Dsp_pe674.oe674 (.text:ti_sysbios_knl_Clock_Params__init__S)
                  993d88e0    00000040     ti.sysbios.knl.ae674 : Semaphore.oe674 (.text:ti_sysbios_knl_Clock_construct)
                  993d8920    00000040                          : Task.oe674 (.text:ti_sysbios_knl_Clock_construct)
                  993d8960    00000040     Dsp_pe674.oe674 (.text:ti_sysbios_knl_Queue_Object__destruct__S)
                  993d89a0    00000040     ti.sysbios.gates.ae674 : GateMutexPri.oe674 (.text:ti_sysbios_knl_Queue_construct)
                  993d89e0    00000040     ti.sysbios.knl.ae674 : Semaphore.oe674 (.text:ti_sysbios_knl_Queue_construct)
                  993d8a20    00000040                          : Queue.oe674 (.text:ti_sysbios_knl_Queue_dequeue__E)
                  993d8a60    00000040                          : Queue.oe674 (.text:ti_sysbios_knl_Queue_remove__E)
                  993d8aa0    00000040                          : Semaphore.oe674 (.text:ti_sysbios_knl_Semaphore_Instance_State_pendQ)
                  993d8ae0    00000040     Dsp_pe674.oe674 (.text:ti_sysbios_knl_Semaphore_Object__destruct__S)
                  993d8b20    00000040     ti.sysbios.gates.ae674 : GateMutex.oe674 (.text:ti_sysbios_knl_Semaphore_construct)
                  993d8b60    00000040     ti.sysbios.knl.ae674 : Swi.oe674 (.text:ti_sysbios_knl_Swi_disable__E)
                  993d8ba0    00000040     Dsp_pe674.oe674 (.text:ti_sysbios_knl_Task_Object__first__S)
                  993d8be0    00000040     Dsp_pe674.oe674 (.text:ti_sysbios_knl_Task_Params__init__S)
                  993d8c20    00000040     Dsp_pe674.oe674 (.text:ti_sysbios_knl_Task_SupportProxy_start__E)
                  993d8c60    00000040     ti.sysbios.knl.ae674 : Task.oe674 (.text:ti_sysbios_knl_Task_allBlockedFunction__I)
                  993d8ca0    00000040                          : Task.oe674 (.text:ti_sysbios_knl_Task_block__E)
                  993d8ce0    00000040                          : Task.oe674 (.text:ti_sysbios_knl_Task_disable__E)
                  993d8d20    00000040                          : Task.oe674 (.text:ti_sysbios_knl_Task_enter__I)
                  993d8d60    00000040                          : Task.oe674 (.text:ti_sysbios_knl_Task_unblock__E)
                  993d8da0    00000040     Dsp_pe674.oe674 (.text:ti_sysbios_timers_dmtimer_Timer_Module__startupDone__F)
                  993d8de0    00000040     ti.sysbios.xdcruntime.ae674 : GateThreadSupport.oe674 (.text:ti_sysbios_xdcruntime_GateThreadSupport_Instance_State_gate)
                  993d8e20    00000040                                 : GateThreadSupport.oe674 (.text:ti_sysbios_xdcruntime_GateThreadSupport_Instance_finalize__F)
                  993d8e60    00000040                                 : GateThreadSupport.oe674 (.text:ti_sysbios_xdcruntime_GateThreadSupport_Instance_init__F)
                  993d8ea0    00000040     ti.uia.runtime.ae674 : LoggerSM.oe674 (.text:ti_uia_runtime_LoggerSM_Module_startup__F)
                  993d8ee0    00000040                          : LoggerSM.oe674 (.text:ti_uia_runtime_LoggerSM_disable__E)
                  993d8f20    00000040                          : LoggerSM.oe674 (.text:ti_uia_runtime_LoggerSM_enable__E)
                  993d8f60    00000040     ti.targets.rts6000.ae674 : Error.oe674 (.text:xdc_runtime_Error_check__F)
                  993d8fa0    00000040                              : Error.oe674 (.text:xdc_runtime_Error_init__F)
                  993d8fe0    00000040     Dsp_pe674.oe674 (.text:xdc_runtime_Error_raiseX__E)
                  993d9020    00000040     Dsp_pe674.oe674 (.text:xdc_runtime_IHeap_alloc)
                  993d9060    00000040     Dsp_pe674.oe674 (.text:xdc_runtime_IHeap_free)
                  993d90a0    00000040     Dsp_pe674.oe674 (.text:xdc_runtime_Memory_HeapProxy_alloc__E)
                  993d90e0    00000040     Dsp_pe674.oe674 (.text:xdc_runtime_Memory_alloc__E)
                  993d9120    00000040     Dsp_pe674.oe674 (.text:xdc_runtime_Memory_calloc__E)
                  993d9160    00000040     ti.targets.rts6000.ae674 : Memory.oe674 (.text:xdc_runtime_Memory_free__F)
                  993d91a0    00000040                              : Registry.oe674 (.text:xdc_runtime_Registry_findById__F)
                  993d91e0    00000040     Dsp_pe674.oe674 (.text:xdc_runtime_Startup_exec__I)
                  993d9220    00000040     ti.targets.rts6000.ae674 : System.oe674 (.text:xdc_runtime_System_abort__F)
                  993d9260    00000040     Dsp_pe674.oe674 (.text:xdc_runtime_System_aprintf__E)
                  993d92a0    00000040     Dsp_pe674.oe674 (.text:xdc_runtime_System_asprintf__E)
                  993d92e0    00000040     Dsp_pe674.oe674 (.text:xdc_runtime_System_printf__E)
                  993d9320    00000040     Dsp_pe674.oe674 (.text:xdc_runtime_System_sprintf__E)
                  993d9360    00000040     Dsp_pe674.oe674 (.text:xdc_runtime_Text_putMod__E)
                  993d93a0    00000040     ti.targets.rts6000.ae674 : Text.oe674 (.text:xdc_runtime_Text_ropeText__F)
                  993d93e0    00000040     Dsp_pe674.oe674 (.text:xdc_runtime_Text_visitRope__I)
                  993d9420    00000040     ti.targets.rts6000.ae674 : GateThread.oe674 (.text:xdc_runtime_knl_GateThread_Instance_finalize__F)
                  993d9460    00000040                              : GateThread.oe674 (.text:xdc_runtime_knl_GateThread_Instance_init__F)
                  993d94a0    00000040     Dsp_pe674.oe674 (.text:xdc_runtime_knl_GateThread_Proxy_Object__create__S)
                  993d94e0    00000040     ti.sdo.ipc.ae674 : MessageQ.oe674 (.text:xdc_runtime_knl_GateThread_create)
                  993d9520    00000020     ti.sdo.utils.ae674 : MultiProc.oe674 (.text:MultiProc_self)
                  993d9540    00000020     rts6740_elf.lib : dtor_list.obj (.text:__cxa_atexit)
                  993d9560    00000020                     : dtor_list.obj (.text:__cxa_ia64_exit)
                  993d9580    00000020     ti.targets.rts6000.ae674 : xdc_noinit.oe674 (.text:__xdc__init)
                  993d95a0    00000020     rts6740_elf.lib : _lock.obj (.text:_nop)
                  993d95c0    00000020                     : _lock.obj (.text:_register_lock)
                  993d95e0    00000020                     : _lock.obj (.text:_register_unlock)
                  993d9600    00000020     ti.sysbios.family.c62.ae674 : TaskSupport_asm.oe674 (.text:_ti_sysbios_family_c62_TaskSupport_glue)
                  993d9620    00000020     ti.sysbios.family.c64p.ae674 : Hwi_asm_switch.oe674 (.text:_ti_sysbios_family_xxx_Hwi_switchToTaskStack)
                  993d9640    00000020     rts6740_elf.lib : exit.obj (.text:abort)
                  993d9660    00000020                     : dtor_list.obj (.text:atexit)
                  993d9680    00000020     mathlib.ae674 : powdp.oe674 (.text)
                  993d96a0    00000020     ti.sysbios.ae674 : BIOS.oe674 (.text:nullFunc)
                  993d96c0    00000020     Dsp_pe674.oe674 (.text:ti_sdo_ipc_MessageQ_Module_startup__E)
                  993d96e0    00000020     ti.sdo.ipc.ae674 : MessageQ.oe674 (.text:ti_sdo_ipc_MessageQ_Object_get)
                  993d9700    00000020     Dsp_pe674.oe674 (.text:ti_sdo_ipc_Notify_Module_startup__E)
                  993d9720    00000020     Dsp_pe674.oe674 (.text:ti_sdo_ipc_gates_GateHWSpinlock_Module_startup__E)
                  993d9740    00000020     ti.sdo.utils.ae674 : List.oe674 (.text:ti_sdo_utils_List_Instance_init__F)
                  993d9760    00000020     ti.sdo.ipc.ae674 : Notify.oe674 (.text:ti_sdo_utils_List_Object_get)
                  993d9780    00000020                      : Notify.oe674 (.text:ti_sdo_utils_List_destruct)
                  993d97a0    00000020                      : Notify.oe674 (.text:ti_sdo_utils_List_struct)
                  993d97c0    00000020     Dsp_pe674.oe674 (.text:ti_sdo_utils_MultiProc_getClusterId__E)
                  993d97e0    00000020     Dsp_pe674.oe674 (.text:ti_sdo_utils_NameServer_Module__startupDone__S)
                  993d9800    00000020     Dsp_pe674.oe674 (.text:ti_sdo_utils_NameServer_Module_startup__E)
                  993d9820    00000020     ti.sdo.utils.ae674 : NameServer.oe674 (.text:ti_sdo_utils_NameServer_Object_get)
                  993d9840    00000020     Dsp_pe674.oe674 (.text:ti_sysbios_BIOS_RtsGateProxy_enter__E)
                  993d9860    00000020     Dsp_pe674.oe674 (.text:ti_sysbios_BIOS_RtsGateProxy_leave__E)
                  993d9880    00000020     ti.sysbios.ae674 : BIOS.oe674 (.text:ti_sysbios_BIOS_exit__E)
                  993d98a0    00000020                      : BIOS.oe674 (.text:ti_sysbios_BIOS_getThreadType__E)
                  993d98c0    00000020                      : BIOS.oe674 (.text:ti_sysbios_BIOS_start__E)
                  993d98e0    00000020     Dsp_pe674.oe674 (.text:ti_sysbios_family_c62_TaskSupport_Module__startupDone__S)
                  993d9900    00000020     ti.sysbios.family.c62.ae674 : TaskSupport.oe674 (.text:ti_sysbios_family_c62_TaskSupport_getStackAlignment__E)
                  993d9920    00000020     Dsp_pe674.oe674 (.text:ti_sysbios_family_c64p_Cache_Module_startup__E)
                  993d9940    00000020     ti.sysbios.family.c64p.ae674 : Cache.oe674 (.text:ti_sysbios_family_c64p_Cache_invL1pAll__E)
                  993d9960    00000020     Dsp_pe674.oe674 (.text:ti_sysbios_family_c64p_Exception_Module_startup__E)
                  993d9980    00000020     Dsp_pe674.oe674 (.text:ti_sysbios_family_c64p_Hwi_Module__startupDone__S)
                  993d99a0    00000020     Dsp_pe674.oe674 (.text:ti_sysbios_family_c64p_Hwi_Module_startup__E)
                  993d99c0    00000020     ti.sysbios.family.c64p.ae674 : Hwi.oe674 (.text:ti_sysbios_family_c64p_Hwi_disableInterrupt__E)
                  993d99e0    00000020                                  : Hwi.oe674 (.text:ti_sysbios_family_c64p_Hwi_enableInterrupt__E)
                  993d9a00    00000020                                  : Hwi_startup.oe674 (.text:ti_sysbios_family_c64p_Hwi_startup__E)
                  993d9a20    00000020                                  : Hwi.oe674 (.text:ti_sysbios_family_c64p_Hwi_switchFromBootStack__E)
                  993d9a40    00000020                                  : Hwi.oe674 (.text:ti_sysbios_family_c64p_Hwi_unPluggedInterrupt__I)
                  993d9a60    00000020     Dsp_pe674.oe674 (.text:ti_sysbios_family_c64p_TimestampProvider_Module_startup__E)
                  993d9a80    00000020     ti.sysbios.family.c64p.ae674 : TimestampProvider.oe674 (.text:ti_sysbios_family_c64p_TimestampProvider_Module_startup__F)
                  993d9aa0    00000020                                  : TimestampProvider.oe674 (.text:ti_sysbios_family_c64p_TimestampProvider_get32__E)
                  993d9ac0    00000020                                  : TimestampProvider.oe674 (.text:ti_sysbios_family_c64p_TimestampProvider_getFreq__E)
                  993d9ae0    00000020     Dsp_pe674.oe674 (.text:ti_sysbios_family_c64p_ti81xx_TimerSupport_Module__startupDone__S)
                  993d9b00    00000020     Dsp_pe674.oe674 (.text:ti_sysbios_family_c64p_ti81xx_TimerSupport_Module_startup__E)
                  993d9b20    00000020     ti.sysbios.family.c64p.ti81xx.ae674 : TimerSupport.oe674 (.text:ti_sysbios_family_c64p_ti81xx_TimerSupport_Module_startup__F)
                  993d9b40    00000020                                         : TimerSupport.oe674 (.text:ti_sysbios_family_c64p_ti81xx_TimerSupport_enable__E)
                  993d9b60    00000020     Dsp_pe674.oe674 (.text:ti_sysbios_gates_GateAll_query__E)
                  993d9b80    00000020     ti.sysbios.gates.ae674 : GateAll.oe674 (.text:ti_sysbios_gates_GateAll_query__F)
                  993d9ba0    00000020                            : GateHwi.oe674 (.text:ti_sysbios_gates_GateHwi_Instance_init__F)
                  993d9bc0    00000020                            : GateHwi.oe674 (.text:ti_sysbios_gates_GateHwi_leave__E)
                  993d9be0    00000020     Dsp_pe674.oe674 (.text:ti_sysbios_gates_GateHwi_query__E)
                  993d9c00    00000020     ti.sysbios.gates.ae674 : GateHwi.oe674 (.text:ti_sysbios_gates_GateHwi_query__F)
                  993d9c20    00000020     ti.sysbios.xdcruntime.ae674 : GateThreadSupport.oe674 (.text:ti_sysbios_gates_GateMutexPri_destruct)
                  993d9c40    00000020     Dsp_pe674.oe674 (.text:ti_sysbios_gates_GateMutexPri_query__E)
                  993d9c60    00000020     ti.sysbios.gates.ae674 : GateMutexPri.oe674 (.text:ti_sysbios_gates_GateMutexPri_query__F)
                  993d9c80    00000020     ti.sysbios.xdcruntime.ae674 : GateThreadSupport.oe674 (.text:ti_sysbios_gates_GateMutexPri_struct)
                  993d9ca0    00000020     Dsp_pe674.oe674 (.text:ti_sysbios_gates_GateMutex_query__E)
                  993d9cc0    00000020     ti.sysbios.gates.ae674 : GateMutex.oe674 (.text:ti_sysbios_gates_GateMutex_query__F)
                  993d9ce0    00000020                            : GateSwi.oe674 (.text:ti_sysbios_gates_GateSwi_Instance_init__F)
                  993d9d00    00000020                            : GateSwi.oe674 (.text:ti_sysbios_gates_GateSwi_leave__E)
                  993d9d20    00000020     Dsp_pe674.oe674 (.text:ti_sysbios_gates_GateSwi_query__E)
                  993d9d40    00000020     Dsp_pe674.oe674 (.text:ti_sysbios_hal_Hwi_HwiProxy_Module__startupDone__S)
                  993d9d60    00000020     Dsp_pe674.oe674 (.text:ti_sysbios_hal_Hwi_HwiProxy_clearInterrupt__E)
                  993d9d80    00000020     Dsp_pe674.oe674 (.text:ti_sysbios_hal_Hwi_HwiProxy_disableInterrupt__E)
                  993d9da0    00000020     Dsp_pe674.oe674 (.text:ti_sysbios_hal_Hwi_HwiProxy_enableInterrupt__E)
                  993d9dc0    00000020     Dsp_pe674.oe674 (.text:ti_sysbios_hal_Hwi_HwiProxy_startup__E)
                  993d9de0    00000020     Dsp_pe674.oe674 (.text:ti_sysbios_hal_Hwi_HwiProxy_switchFromBootStack__E)
                  993d9e00    00000020     Dsp_pe674.oe674 (.text:ti_sysbios_hal_Hwi_Module_startup__E)
                  993d9e20    00000020     ti.sysbios.hal.ae674 : Hwi.oe674 (.text:ti_sysbios_hal_Hwi_Module_startup__F)
                  993d9e40    00000020                          : Hwi.oe674 (.text:ti_sysbios_hal_Hwi_clearInterrupt__E)
                  993d9e60    00000020                          : Hwi.oe674 (.text:ti_sysbios_hal_Hwi_disableInterrupt__E)
                  993d9e80    00000020                          : Hwi.oe674 (.text:ti_sysbios_hal_Hwi_enableInterrupt__E)
                  993d9ea0    00000020                          : Hwi_startup.oe674 (.text:ti_sysbios_hal_Hwi_startup__E)
                  993d9ec0    00000020                          : Hwi.oe674 (.text:ti_sysbios_hal_Hwi_switchFromBootStack__E)
                  993d9ee0    00000020     Dsp_pe674.oe674 (.text:ti_sysbios_hal_Timer_Module__startupDone__S)
                  993d9f00    00000020     Dsp_pe674.oe674 (.text:ti_sysbios_hal_Timer_Module_startup__E)
                  993d9f20    00000020     ti.sysbios.hal.ae674 : Timer.oe674 (.text:ti_sysbios_hal_Timer_Module_startup__F)
                  993d9f40    00000020     Dsp_pe674.oe674 (.text:ti_sysbios_hal_Timer_TimerProxy_Module__startupDone__S)
                  993d9f60    00000020     Dsp_pe674.oe674 (.text:ti_sysbios_hal_Timer_TimerProxy_getExpiredCounts__E)
                  993d9f80    00000020     Dsp_pe674.oe674 (.text:ti_sysbios_hal_Timer_TimerProxy_getPeriod__E)
                  993d9fa0    00000020     Dsp_pe674.oe674 (.text:ti_sysbios_hal_Timer_TimerProxy_setNextTick__E)
                  993d9fc0    00000020     Dsp_pe674.oe674 (.text:ti_sysbios_hal_Timer_TimerProxy_startup__E)
                  993d9fe0    00000020     ti.sysbios.hal.ae674 : Timer.oe674 (.text:ti_sysbios_hal_Timer_getExpiredCounts__E)
                  993da000    00000020                          : Timer.oe674 (.text:ti_sysbios_hal_Timer_getPeriod__E)
                  993da020    00000020                          : Timer.oe674 (.text:ti_sysbios_hal_Timer_setNextTick__E)
                  993da040    00000020                          : Timer.oe674 (.text:ti_sysbios_hal_Timer_startup__E)
                  993da060    00000020     Dsp_pe674.oe674 (.text:ti_sysbios_heaps_HeapMem_Module_GateProxy_enter__E)
                  993da080    00000020     Dsp_pe674.oe674 (.text:ti_sysbios_heaps_HeapMem_Module_GateProxy_leave__E)
                  993da0a0    00000020     Dsp_pe674.oe674 (.text:ti_sysbios_heaps_HeapMem_Module_GateProxy_query__E)
                  993da0c0    00000020     ti.sysbios.heaps.ae674 : HeapMem.oe674 (.text:ti_sysbios_heaps_HeapMem_Object_get)
                  993da0e0    00000020                            : HeapMem.oe674 (.text:ti_sysbios_heaps_HeapMem_isBlocking__E)
                  993da100    00000020     Dsp_pe674.oe674 (.text:ti_sysbios_knl_Clock_Module_State_clockQ)
                  993da120    00000020     ti.sysbios.knl.ae674 : Clock.oe674 (.text:ti_sysbios_knl_Clock_Module_State_clockQ)
                  993da140    00000020     Dsp_pe674.oe674 (.text:ti_sysbios_knl_Clock_Module_startup__E)
                  993da160    00000020     ti.sysbios.knl.ae674 : Semaphore.oe674 (.text:ti_sysbios_knl_Clock_Params_init)
                  993da180    00000020                          : Task.oe674 (.text:ti_sysbios_knl_Clock_Params_init)
                  993da1a0    00000020                          : Semaphore.oe674 (.text:ti_sysbios_knl_Clock_destruct)
                  993da1c0    00000020                          : Task.oe674 (.text:ti_sysbios_knl_Clock_destruct)
                  993da1e0    00000020                          : Clock.oe674 (.text:ti_sysbios_knl_Clock_getTickPeriod__E)
                  993da200    00000020                          : Clock.oe674 (.text:ti_sysbios_knl_Clock_getTimerHandle__E)
                  993da220    00000020                          : Semaphore.oe674 (.text:ti_sysbios_knl_Clock_handle)
                  993da240    00000020                          : Task.oe674 (.text:ti_sysbios_knl_Clock_handle)
                  993da260    00000020                          : Semaphore.oe674 (.text:ti_sysbios_knl_Clock_struct)
                  993da280    00000020                          : Task.oe674 (.text:ti_sysbios_knl_Clock_struct)
                  993da2a0    00000020                          : Idle.oe674 (.text:ti_sysbios_knl_Idle_loop__E)
                  993da2c0    00000020                          : Queue.oe674 (.text:ti_sysbios_knl_Queue_Instance_init__F)
                  993da2e0    00000020                          : Task.oe674 (.text:ti_sysbios_knl_Queue_Object_get)
                  993da300    00000020     ti.sysbios.gates.ae674 : GateMutexPri.oe674 (.text:ti_sysbios_knl_Queue_destruct)
                  993da320    00000020     ti.sysbios.knl.ae674 : Semaphore.oe674 (.text:ti_sysbios_knl_Queue_destruct)
                  993da340    00000020                          : Queue.oe674 (.text:ti_sysbios_knl_Queue_elemClear__E)
                  993da360    00000020                          : Queue.oe674 (.text:ti_sysbios_knl_Queue_empty__E)
                  993da380    00000020                          : Queue.oe674 (.text:ti_sysbios_knl_Queue_head__E)
                  993da3a0    00000020                          : Queue.oe674 (.text:ti_sysbios_knl_Queue_insert__E)
                  993da3c0    00000020                          : Queue.oe674 (.text:ti_sysbios_knl_Queue_next__E)
                  993da3e0    00000020     ti.sysbios.gates.ae674 : GateMutexPri.oe674 (.text:ti_sysbios_knl_Queue_struct)
                  993da400    00000020     ti.sysbios.knl.ae674 : Semaphore.oe674 (.text:ti_sysbios_knl_Queue_struct)
                  993da420    00000020     ti.sysbios.gates.ae674 : GateMutex.oe674 (.text:ti_sysbios_knl_Semaphore_destruct)
                  993da440    00000020                            : GateMutex.oe674 (.text:ti_sysbios_knl_Semaphore_struct)
                  993da460    00000020     Dsp_pe674.oe674 (.text:ti_sysbios_knl_Swi_Module_startup__E)
                  993da480    00000020     ti.sysbios.knl.ae674 : Swi.oe674 (.text:ti_sysbios_knl_Swi_Object_get)
                  993da4a0    00000020                          : Swi.oe674 (.text:ti_sysbios_knl_Swi_enabled__E)
                  993da4c0    00000020                          : Swi.oe674 (.text:ti_sysbios_knl_Swi_startup__E)
                  993da4e0    00000020                          : Task.oe674 (.text:ti_sysbios_knl_Task_Module_State_inactiveQ)
                  993da500    00000020                          : Task.oe674 (.text:ti_sysbios_knl_Task_Module_State_terminatedQ)
                  993da520    00000020     Dsp_pe674.oe674 (.text:ti_sysbios_knl_Task_Module_startup__E)
                  993da540    00000020     ti.sysbios.knl.ae674 : Task.oe674 (.text:ti_sysbios_knl_Task_Object_first)
                  993da560    00000020                          : Task.oe674 (.text:ti_sysbios_knl_Task_Object_get)
                  993da580    00000020                          : Task.oe674 (.text:ti_sysbios_knl_Task_Object_next)
                  993da5a0    00000020     Dsp_pe674.oe674 (.text:ti_sysbios_knl_Task_SupportProxy_Module__startupDone__S)
                  993da5c0    00000020     Dsp_pe674.oe674 (.text:ti_sysbios_knl_Task_SupportProxy_checkStack__E)
                  993da5e0    00000020     Dsp_pe674.oe674 (.text:ti_sysbios_knl_Task_SupportProxy_getStackAlignment__E)
                  993da600    00000020     Dsp_pe674.oe674 (.text:ti_sysbios_knl_Task_SupportProxy_swap__E)
                  993da620    00000020     ti.sysbios.knl.ae674 : Task.oe674 (.text:ti_sysbios_knl_Task_getPri__E)
                  993da640    00000020                          : Task.oe674 (.text:ti_sysbios_knl_Task_handle)
                  993da660    00000020                          : Task.oe674 (.text:ti_sysbios_knl_Task_self__E)
                  993da680    00000020     Dsp_pe674.oe674 (.text:ti_sysbios_timers_dmtimer_Timer_Module__startupDone__S)
                  993da6a0    00000020     Dsp_pe674.oe674 (.text:ti_sysbios_timers_dmtimer_Timer_Module_startup__E)
                  993da6c0    00000020     Dsp_pe674.oe674 (.text:ti_sysbios_timers_dmtimer_Timer_TimerSupportProxy_Module__startupDone__S)
                  993da6e0    00000020     Dsp_pe674.oe674 (.text:ti_sysbios_timers_dmtimer_Timer_TimerSupportProxy_enable__E)
                  993da700    00000020     Dsp_pe674.oe674 (.text:ti_sysbios_xdcruntime_GateThreadSupport_enter__E)
                  993da720    00000020     ti.sysbios.xdcruntime.ae674 : GateThreadSupport.oe674 (.text:ti_sysbios_xdcruntime_GateThreadSupport_enter__F)
                  993da740    00000020     Dsp_pe674.oe674 (.text:ti_sysbios_xdcruntime_GateThreadSupport_leave__E)
                  993da760    00000020     ti.sysbios.xdcruntime.ae674 : GateThreadSupport.oe674 (.text:ti_sysbios_xdcruntime_GateThreadSupport_leave__F)
                  993da780    00000020     Dsp_pe674.oe674 (.text:ti_sysbios_xdcruntime_GateThreadSupport_query__E)
                  993da7a0    00000020     ti.sysbios.xdcruntime.ae674 : GateThreadSupport.oe674 (.text:ti_sysbios_xdcruntime_GateThreadSupport_query__F)
                  993da7c0    00000020     Dsp_pe674.oe674 (.text:ti_uia_runtime_LoggerSM_Module_startup__E)
                  993da7e0    00000020     Dsp_pe674.oe674 (.text:xdc_iargToPtr)
                  993da800    00000020     Dsp_pe674.oe674 (.text:xdc_runtime_Error_check__E)
                  993da820    00000020     Dsp_pe674.oe674 (.text:xdc_runtime_Error_init__E)
                  993da840    00000020     Dsp_pe674.oe674 (.text:xdc_runtime_Error_print__E)
                  993da860    00000020     Dsp_pe674.oe674 (.text:xdc_runtime_GateNull_enter__E)
                  993da880    00000020     ti.targets.rts6000.ae674 : GateNull.oe674 (.text:xdc_runtime_GateNull_enter__F)
                  993da8a0    00000020     Dsp_pe674.oe674 (.text:xdc_runtime_GateNull_leave__E)
                  993da8c0    00000020     ti.targets.rts6000.ae674 : GateNull.oe674 (.text:xdc_runtime_GateNull_leave__F)
                  993da8e0    00000020     Dsp_pe674.oe674 (.text:xdc_runtime_GateNull_query__E)
                  993da900    00000020     ti.targets.rts6000.ae674 : GateNull.oe674 (.text:xdc_runtime_GateNull_query__F)
                  993da920    00000020     Dsp_pe674.oe674 (.text:xdc_runtime_Gate_enterSystem__E)
                  993da940    00000020     ti.targets.rts6000.ae674 : Gate.oe674 (.text:xdc_runtime_Gate_enterSystem__F)
                  993da960    00000020     Dsp_pe674.oe674 (.text:xdc_runtime_Gate_leaveSystem__E)
                  993da980    00000020     ti.targets.rts6000.ae674 : Gate.oe674 (.text:xdc_runtime_Gate_leaveSystem__F)
                  993da9a0    00000020     Dsp_pe674.oe674 (.text:xdc_runtime_Memory_HeapProxy_free__E)
                  993da9c0    00000020     Dsp_pe674.oe674 (.text:xdc_runtime_Memory_free__E)
                  993da9e0    00000020     Dsp_pe674.oe674 (.text:xdc_runtime_Startup_Module__startupDone__S)
                  993daa00    00000020     Dsp_pe674.oe674 (.text:xdc_runtime_Startup_exec__E)
                  993daa20    00000020     Dsp_pe674.oe674 (.text:xdc_runtime_Startup_reset__I)
                  993daa40    00000020     Dsp_pe674.oe674 (.text:xdc_runtime_SysMin_Module_startup__E)
                  993daa60    00000020     Dsp_pe674.oe674 (.text:xdc_runtime_SysMin_abort__E)
                  993daa80    00000020     Dsp_pe674.oe674 (.text:xdc_runtime_SysMin_exit__E)
                  993daaa0    00000020     Dsp_pe674.oe674 (.text:xdc_runtime_SysMin_putch__E)
                  993daac0    00000020     Dsp_pe674.oe674 (.text:xdc_runtime_SysMin_ready__E)
                  993daae0    00000020     ti.targets.rts6000.ae674 : SysMin.oe674 (.text:xdc_runtime_SysMin_ready__F)
                  993dab00    00000020     Dsp_pe674.oe674 (.text:xdc_runtime_System_Module_GateProxy_enter__E)
                  993dab20    00000020     Dsp_pe674.oe674 (.text:xdc_runtime_System_Module_GateProxy_leave__E)
                  993dab40    00000020     Dsp_pe674.oe674 (.text:xdc_runtime_System_Module_startup__E)
                  993dab60    00000020     ti.targets.rts6000.ae674 : System.oe674 (.text:xdc_runtime_System_Module_startup__F)
                  993dab80    00000020     Dsp_pe674.oe674 (.text:xdc_runtime_System_SupportProxy_abort__E)
                  993daba0    00000020     Dsp_pe674.oe674 (.text:xdc_runtime_System_SupportProxy_exit__E)
                  993dabc0    00000020     Dsp_pe674.oe674 (.text:xdc_runtime_System_SupportProxy_putch__E)
                  993dabe0    00000020     Dsp_pe674.oe674 (.text:xdc_runtime_System_SupportProxy_ready__E)
                  993dac00    00000020     Dsp_pe674.oe674 (.text:xdc_runtime_System_abort__E)
                  993dac20    00000020     ti.targets.rts6000.ae674 : System.oe674 (.text:xdc_runtime_System_asprintf_va__F)
                  993dac40    00000020     Dsp_pe674.oe674 (.text:xdc_runtime_System_atexit__E)
                  993dac60    00000020     Dsp_pe674.oe674 (.text:xdc_runtime_System_exit__E)
                  993dac80    00000020     ti.targets.rts6000.ae674 : System.oe674 (.text:xdc_runtime_System_exit__F)
                  993daca0    00000020                              : System.oe674 (.text:xdc_runtime_System_lastFxn__I)
                  993dacc0    00000020                              : System.oe674 (.text:xdc_runtime_System_sprintf_va__F)
                  993dace0    00000020     Dsp_pe674.oe674 (.text:xdc_runtime_System_vsprintf__E)
                  993dad00    00000020     ti.targets.rts6000.ae674 : System.oe674 (.text:xdc_runtime_System_vsprintf__F)
                  993dad20    00000020     Dsp_pe674.oe674 (.text:xdc_runtime_Text_cordText__E)
                  993dad40    00000020     Dsp_pe674.oe674 (.text:xdc_runtime_Text_putLab__E)
                  993dad60    00000020     Dsp_pe674.oe674 (.text:xdc_runtime_Text_putSite__E)
                  993dad80    00000020     Dsp_pe674.oe674 (.text:xdc_runtime_Text_ropeText__E)
                  993dada0    00000020     Dsp_pe674.oe674 (.text:xdc_runtime_Timestamp_SupportProxy_get32__E)
                  993dadc0    00000020     Dsp_pe674.oe674 (.text:xdc_runtime_Timestamp_SupportProxy_getFreq__E)
                  993dade0    00000020     Dsp_pe674.oe674 (.text:xdc_runtime_Timestamp_get32__E)
                  993dae00    00000020     ti.targets.rts6000.ae674 : Timestamp.oe674 (.text:xdc_runtime_Timestamp_get32__F)
                  993dae20    00000020     Dsp_pe674.oe674 (.text:xdc_runtime_Timestamp_getFreq__E)
                  993dae40    00000020     ti.targets.rts6000.ae674 : Timestamp.oe674 (.text:xdc_runtime_Timestamp_getFreq__F)
                  993dae60    00000020     ti.sdo.ipc.ae674 : MessageQ.oe674 (.text:xdc_runtime_knl_GateThread_Handle_upCast)
                  993dae80    00000020     Dsp_pe674.oe674 (.text:xdc_runtime_knl_GateThread_Module__startupDone__S)
                  993daea0    00000020     Dsp_pe674.oe674 (.text:xdc_runtime_knl_GateThread_Proxy_Object__delete__S)
                  993daec0    00000020     Dsp_pe674.oe674 (.text:xdc_runtime_knl_GateThread_Proxy_enter__E)
                  993daee0    00000020     Dsp_pe674.oe674 (.text:xdc_runtime_knl_GateThread_Proxy_leave__E)
                  993daf00    00000020     Dsp_pe674.oe674 (.text:xdc_runtime_knl_GateThread_Proxy_query__E)
                  993daf20    00000020     Dsp_pe674.oe674 (.text:xdc_runtime_knl_GateThread_enter__E)
                  993daf40    00000020     ti.targets.rts6000.ae674 : GateThread.oe674 (.text:xdc_runtime_knl_GateThread_enter__F)
                  993daf60    00000020     Dsp_pe674.oe674 (.text:xdc_runtime_knl_GateThread_leave__E)
                  993daf80    00000020     ti.targets.rts6000.ae674 : GateThread.oe674 (.text:xdc_runtime_knl_GateThread_leave__F)
                  993dafa0    00000020     Dsp_pe674.oe674 (.text:xdc_runtime_knl_GateThread_query__E)
                  993dafc0    00000020     ti.targets.rts6000.ae674 : GateThread.oe674 (.text:xdc_runtime_knl_GateThread_query__F)

.stack     0    993dafe0    00020000     UNINITIALIZED
                  993dafe0    00000008     boot.ae674 : boot.oe674 (.stack)
                  993dafe8    0001fff8     --HOLE--

.const.2   0    993fafe0    00004398     
                  993fafe0    00002960     Dsp_pe674.oe674 (.const:xdc_runtime_Text_charTab__A)
                  993fd940    000005b8     ti.sysbios.family.c64p.ae674 : Exception.oe674 (.const)
                  993fdef8    0000027c     main_dsp.obj (.const:.string)
                  993fe174    00000278     int_code.obj (.const:.string)
                  993fe3ec    00000004     ti.targets.rts6000.ae674 : Assert.oe674 (.const:.string)
                  993fe3f0    00000180     Dsp_pe674.oe674 (.const:xdc_runtime_Text_nodeTab__A)
                  993fe570    00000101     rts6740_elf.lib : ctype.obj (.const:.string:_ctypes_)
                  993fe671    00000001     --HOLE-- [fill = 0]
                  993fe672    00000002     Dsp_pe674.oe674 (.const:ti_sdo_ipc_Notify_Module__id__C)
                  993fe674    000000a0     Dsp_pe674.oe674 (.const:.string)
                  993fe714    00000088     spi.obj (.const:.string)
                  993fe79c    00000058     ti.targets.rts6000.ae674 : Error.oe674 (.const:.string)
                  993fe7f4    0000004c     ti.uia.runtime.ae674 : LoggerSM.oe674 (.const:.string)
                  993fe840    00000048     Dsp_pe674.oe674 (.const:xdc_runtime_Startup_sfxnTab__A)
                  993fe888    00000044     sci.obj (.const:.string)
                  993fe8cc    00000040     ti.targets.rts6000.ae674 : Text.oe674 (.const:.string)
                  993fe90c    0000003c     Dsp_pe674.oe674 (.const:ti_uia_runtime_LoggerSM_Module__FXNS__C)
                  993fe948    00000038     Dsp_pe674.oe674 (.const:ti_sysbios_knl_Task_Object__PARAMS__C)
                  993fe980    00000030     Dsp_pe674.oe674 (.const:ti_sysbios_family_c64p_Hwi_Object__PARAMS__C)
                  993fe9b0    0000002c     ti.targets.rts6000.ae674 : Startup.oe674 (.const:.string)
                  993fe9dc    00000028     Dsp_pe674.oe674 (.const:ti_sysbios_heaps_HeapMem_Module__FXNS__C)
                  993fea04    00000024     Dsp_pe674.oe674 (.const:ti_sysbios_gates_GateAll_Module__FXNS__C)
                  993fea28    00000024     Dsp_pe674.oe674 (.const:ti_sysbios_gates_GateHwi_Module__FXNS__C)
                  993fea4c    00000024     Dsp_pe674.oe674 (.const:ti_sysbios_gates_GateMutexPri_Module__FXNS__C)
                  993fea70    00000024     Dsp_pe674.oe674 (.const:ti_sysbios_gates_GateMutex_Module__FXNS__C)
                  993fea94    00000024     Dsp_pe674.oe674 (.const:ti_sysbios_gates_GateSwi_Module__FXNS__C)
                  993feab8    00000024     Dsp_pe674.oe674 (.const:ti_sysbios_knl_Clock_Object__PARAMS__C)
                  993feadc    00000024     Dsp_pe674.oe674 (.const:ti_sysbios_knl_Semaphore_Object__PARAMS__C)
                  993feb00    00000024     Dsp_pe674.oe674 (.const:xdc_runtime_GateNull_Module__FXNS__C)
                  993feb24    00000004     Dsp_pe674.oe674 (.const:ti_sdo_ipc_Ipc_A_nullArgument__C)
                  993feb28    00000024     Dsp_pe674.oe674 (.const:xdc_runtime_Startup_sfxnRts__A)
                  993feb4c    00000024     Dsp_pe674.oe674 (.const:xdc_runtime_knl_GateThread_Module__FXNS__C)
                  993feb70    00000020     ti.targets.rts6000.ae674 : Core-mem.oe674 (.const:.string)
                  993feb90    00000020     Dsp_pe674.oe674 (.const:ti_sdo_ipc_Notify_Object__DESC__C)
                  993febb0    00000020     Dsp_pe674.oe674 (.const:ti_sdo_utils_List_Object__DESC__C)
                  993febd0    00000020     Dsp_pe674.oe674 (.const:ti_sysbios_family_c64p_Hwi_Object__DESC__C)
                  993febf0    00000020     Dsp_pe674.oe674 (.const:ti_sysbios_gates_GateAll_Object__DESC__C)
                  993fec10    00000020     Dsp_pe674.oe674 (.const:ti_sysbios_gates_GateHwi_Object__DESC__C)
                  993fec30    00000020     Dsp_pe674.oe674 (.const:ti_sysbios_gates_GateMutexPri_Object__DESC__C)
                  993fec50    00000020     Dsp_pe674.oe674 (.const:ti_sysbios_gates_GateMutex_Object__DESC__C)
                  993fec70    00000020     Dsp_pe674.oe674 (.const:ti_sysbios_gates_GateSwi_Object__DESC__C)
                  993fec90    00000020     Dsp_pe674.oe674 (.const:ti_sysbios_heaps_HeapMem_Object__DESC__C)
                  993fecb0    00000020     Dsp_pe674.oe674 (.const:ti_sysbios_heaps_HeapMem_Object__PARAMS__C)
                  993fecd0    00000020     Dsp_pe674.oe674 (.const:ti_sysbios_knl_Clock_Object__DESC__C)
                  993fecf0    00000020     Dsp_pe674.oe674 (.const:ti_sysbios_knl_Queue_Object__DESC__C)
                  993fed10    00000020     Dsp_pe674.oe674 (.const:ti_sysbios_knl_Semaphore_Object__DESC__C)
                  993fed30    00000020     Dsp_pe674.oe674 (.const:ti_sysbios_knl_Task_Object__DESC__C)
                  993fed50    00000020     Dsp_pe674.oe674 (.const:ti_sysbios_xdcruntime_GateThreadSupport_Object__DESC__C)
                  993fed70    00000020     Dsp_pe674.oe674 (.const:ti_uia_runtime_LoggerSM_Object__DESC__C)
                  993fed90    00000020     Dsp_pe674.oe674 (.const:xdc_runtime_GateNull_Object__DESC__C)
                  993fedb0    00000020     Dsp_pe674.oe674 (.const:xdc_runtime_knl_GateThread_Object__DESC__C)
                  993fedd0    0000001c     RUN_NC.obj (.const:.string)
                  993fedec    00000018     Dsp_pe674.oe674 (.const:ti_sdo_ipc_Notify_Object__PARAMS__C)
                  993fee04    00000018     Dsp_pe674.oe674 (.const:ti_sdo_utils_List_Object__PARAMS__C)
                  993fee1c    00000018     Dsp_pe674.oe674 (.const:ti_sysbios_gates_GateAll_Object__PARAMS__C)
                  993fee34    00000018     Dsp_pe674.oe674 (.const:ti_sysbios_gates_GateHwi_Object__PARAMS__C)
                  993fee4c    00000018     Dsp_pe674.oe674 (.const:ti_sysbios_gates_GateMutexPri_Object__PARAMS__C)
                  993fee64    00000018     Dsp_pe674.oe674 (.const:ti_sysbios_gates_GateMutex_Object__PARAMS__C)
                  993fee7c    00000018     Dsp_pe674.oe674 (.const:ti_sysbios_gates_GateSwi_Object__PARAMS__C)
                  993fee94    00000018     Dsp_pe674.oe674 (.const:ti_sysbios_knl_Queue_Object__PARAMS__C)
                  993feeac    00000004     Dsp_pe674.oe674 (.const:ti_sdo_ipc_MessageQ_Object__count__C)
                  993feeb0    00000018     Dsp_pe674.oe674 (.const:ti_sysbios_knl_Task_hooks__A)
                  993feec8    00000018     Dsp_pe674.oe674 (.const:ti_sysbios_xdcruntime_GateThreadSupport_Object__PARAMS__C)
                  993feee0    00000018     Dsp_pe674.oe674 (.const:ti_uia_runtime_LoggerSM_Object__PARAMS__C)
                  993feef8    00000018     Dsp_pe674.oe674 (.const:xdc_runtime_GateNull_Object__PARAMS__C)
                  993fef10    00000018     Dsp_pe674.oe674 (.const:xdc_runtime_knl_GateThread_Object__PARAMS__C)
                  993fef28    00000011     ti.targets.rts6000.ae674 : System.oe674 (.const:digtohex)
                  993fef39    00000001     --HOLE-- [fill = 0]
                  993fef3a    00000002     Dsp_pe674.oe674 (.const:ti_sdo_ipc_Notify_numLines__C)
                  993fef3c    0000000c     Dsp_pe674.oe674 (.const:ti_sysbios_family_c64p_Cache_initSize__C)
                  993fef48    00000008     Dsp_pe674.oe674 (.const:ti_sdo_ipc_gates_GateHWSpinlock_reservedMaskArr__A)
                  993fef50    00000008     Dsp_pe674.oe674 (.const:ti_sysbios_family_c64p_Hwi_hooks__C)
                  993fef58    00000008     Dsp_pe674.oe674 (.const:ti_sysbios_knl_Idle_funcList__C)
                  993fef60    00000008     Dsp_pe674.oe674 (.const:ti_sysbios_knl_Swi_hooks__C)
                  993fef68    00000008     Dsp_pe674.oe674 (.const:ti_sysbios_knl_Task_hooks__C)
                  993fef70    00000008     Dsp_pe674.oe674 (.const:xdc_runtime_Startup_firstFxns__A)
                  993fef78    00000008     Dsp_pe674.oe674 (.const:xdc_runtime_Startup_firstFxns__C)
                  993fef80    00000008     Dsp_pe674.oe674 (.const:xdc_runtime_Startup_lastFxns__C)
                  993fef88    00000004     Dsp_pe674.oe674 (.const:ti_sdo_ipc_MessageQ_Object__table__C)
                  993fef8c    00000004     Dsp_pe674.oe674 (.const:ti_sdo_ipc_Notify_A_alreadyRegistered__C)
                  993fef90    00000004     Dsp_pe674.oe674 (.const:ti_sdo_ipc_Notify_A_invArgument__C)
                  993fef94    00000004     Dsp_pe674.oe674 (.const:ti_sdo_ipc_Notify_Module__diagsEnabled__C)
                  993fef98    00000004     Dsp_pe674.oe674 (.const:ti_sdo_ipc_Notify_Module__diagsIncluded__C)
                  993fef9c    00000004     Dsp_pe674.oe674 (.const:ti_sdo_ipc_Notify_Module__diagsMask__C)
                  993fefa0    00000004     Dsp_pe674.oe674 (.const:ti_sdo_ipc_Notify_Object__heap__C)
                  993fefa4    00000004     Dsp_pe674.oe674 (.const:ti_sdo_ipc_Notify_numEvents__C)
                  993fefa8    00000004     Dsp_pe674.oe674 (.const:ti_sdo_ipc_SharedRegion_A_idTooLarge__C)
                  993fefac    00000004     Dsp_pe674.oe674 (.const:ti_sdo_ipc_SharedRegion_Module__diagsEnabled__C)
                  993fefb0    00000004     Dsp_pe674.oe674 (.const:ti_sdo_ipc_SharedRegion_Module__diagsIncluded__C)
                  993fefb4    00000004     Dsp_pe674.oe674 (.const:ti_sdo_ipc_SharedRegion_Module__diagsMask__C)
                  993fefb8    00000004     Dsp_pe674.oe674 (.const:ti_sdo_ipc_gates_GateHWSpinlock_baseAddr__C)
                  993fefbc    00000004     Dsp_pe674.oe674 (.const:ti_sdo_ipc_gates_GateHWSpinlock_numLocks__C)
                  993fefc0    00000004     Dsp_pe674.oe674 (.const:ti_sdo_ipc_gates_GateHWSpinlock_reservedMaskArr__C)
                  993fefc4    00000004     Dsp_pe674.oe674 (.const:ti_sdo_utils_List_Object__count__C)
                  993fefc8    00000004     Dsp_pe674.oe674 (.const:ti_sdo_utils_List_Object__table__C)
                  993fefcc    00000004     Dsp_pe674.oe674 (.const:ti_sdo_utils_MultiProc_A_invalidMultiProcId__C)
                  993fefd0    00000004     Dsp_pe674.oe674 (.const:ti_sdo_utils_NameServer_Instance_State_freeList__O)
                  993fefd4    00000004     Dsp_pe674.oe674 (.const:ti_sdo_utils_NameServer_Object__count__C)
                  993fefd8    00000004     Dsp_pe674.oe674 (.const:ti_sdo_utils_NameServer_Object__table__C)
                  993fefdc    00000004     Dsp_pe674.oe674 (.const:ti_sysbios_BIOS_Module__diagsEnabled__C)
                  993fefe0    00000004     Dsp_pe674.oe674 (.const:ti_sysbios_BIOS_Module__diagsIncluded__C)
                  993fefe4    00000004     Dsp_pe674.oe674 (.const:ti_sysbios_BIOS_Module__diagsMask__C)
                  993fefe8    00000004     Dsp_pe674.oe674 (.const:ti_sysbios_BIOS_installedErrorHook__C)
                  993fefec    00000004     Dsp_pe674.oe674 (.const:ti_sysbios_family_c62_TaskSupport_stackAlignment__C)
                  993feff0    00000004     Dsp_pe674.oe674 (.const:ti_sysbios_family_c64p_Cache_EMIFA_BASE__C)
                  993feff4    00000004     Dsp_pe674.oe674 (.const:ti_sysbios_family_c64p_Cache_EMIFA_CFG__C)
                  993feff8    00000004     Dsp_pe674.oe674 (.const:ti_sysbios_family_c64p_Cache_EMIFA_LENGTH__C)
[...]
99400598   ti_sdo_ipc_Notify_Module_State_0_notifyHandles__A
994005a8   ti_sdo_ipc_transports_TransportShmSetup_Module_State_0_handles__A
994005b8   ti_sysbios_gates_GateAll_Object__table__V
994005c8   _cleanup_ptr
994005cc   _dtors_ptr
994005d0   __TI_enable_exit_profile_output
994005d8   ti_sysbios_gates_GateSwi_Object__table__V
994005e8   ti_sysbios_timers_dmtimer_Timer_Module_State_0_handles__A
994005f4   _lock
994005f8   _unlock
99400600   ti_sysbios_hal_Hwi_Object__table__V
99400608   ti_sysbios_hal_Timer_Object__table__V
99400610   ti_sdo_ipc_GateMP_Module_State_0_remoteCustom2Gates__A
99400618   ti_sdo_ipc_Notify_Module_State_0_notifyHandles_0__A
99400620   ti_sdo_ipc_Notify_Module_State_0_notifyHandles_1__A
99400628   ti_sdo_ipc_Notify_Module_State_0_notifyHandles_2__A
99400630   ti_sdo_ipc_Notify_Module_State_0_notifyHandles_3__A
99400638   ti_sysbios_gates_GateHwi_Object__table__V
99400640   ti_uia_runtime_LoggerSM_Object__table__V
99400648   xdc_runtime_GateNull_Object__table__V
99400650   __TI_STATIC_BASE
99400650   psEepromPara_Arm
99400654   psEepromPara_Dsp
99400658   psParaArm_Cfg
9940065c   psParaArm_Ctrl
99400660   psParaDsp_Ctrl
99400664   psDSPPacketIn_InfoEvent
99400668   psDSPPacketOut_InfoEvent
9940066c   psDSPPacketIn
99400670   psDSPPacketOut
99400674   psDSPCodeSTD
99400678   psDSPCodeSPC
9940067c   psDSPCodeSPCSub
99400680   psDSPInfoDgn
99400684   psGCodeBuffer
99400688   AverageCounter
994006b4   STM32_TxIndex
994006b8   STM32_TxTotal
994006bc   STM32_RxIndex
994006c0   STM32_RxTotal
994006c4   STM32_TxRXCounter
994006c8   STM32_RXCounter
994006dc   hwipwr
994006e0   hwi10
994006e4   hwi11
994006e8   hwi12
994006ec   hwi13
994006f0   clk2
994006f4   task1
994006f8   task2
99400720   DeltaStepAxis19_Bak
99400724   DeltaStepAxis19_CPS
99400730   psSHMEvent
99400738   DA_CONVERTCnt
9940073c   DA_MirrorCycleCnt
99400740   PositionValueDivideOffsetRef
99400748   LensPositionOverCounter
9940074c   LensPositionOverCounter_2
99400750   LensMotionOverCounter
99400754   LensMotionOverCounter_2
99400758   ENCODER_Axis1_Low
9940075c   ENCODER_Axis1_High
99400760   ENCODER_Axis2_Low
99400764   ENCODER_Axis2_High
99400768   ENCODER_Axis3_Low
9940076c   ENCODER_Axis3_High
99400770   ENCODER_Axis4_Low
99400774   ENCODER_Axis4_High
99400778   ENCODER_Axis5_Low
9940077c   ENCODER_Axis5_High
99400780   ENCODER_Axis6_Low
99400784   ENCODER_Axis6_High
99400788   ENCODER_Axis7_Low
9940078c   ENCODER_Axis7_High
99400790   ENCODER_Axis8_Low
99400794   ENCODER_Axis8_High
99400798   ENCODER_Axis9_Low
9940079c   ENCODER_Axis9_High
994007a0   ENCODER_Axis10_Low
994007a4   ENCODER_Axis10_High
994007a8   ENCODER_Axis11_Low
994007ac   ENCODER_Axis11_High
994007b0   ENCODER_Axis12_Low
994007b4   ENCODER_Axis12_High
994007b8   ENCODER_Axis13_Low
994007bc   ENCODER_Axis13_High
994007c0   ENCODER_Axis14_Low
994007c4   ENCODER_Axis14_High
994007c8   ENCODER_Axis15_Low
994007cc   ENCODER_Axis15_High
994007d0   ENCODER_Axis16_Low
994007d4   ENCODER_Axis16_High
994007d8   ENCODER_Axis17_Low
994007dc   ENCODER_Axis17_High
994007e0   ENCODER_Axis18_Low
994007e4   ENCODER_Axis18_High
994007e8   ENCODER_Axis19_Low
994007ec   ENCODER_Axis19_High
994007f0   ENCODER_Axis20_Low
994007f4   ENCODER_Axis20_High
994007f8   ENCODER_Axis21_Low
994007fc   ENCODER_Axis21_High
99400800   ENCODER_Axis22_Low
99400804   ENCODER_Axis22_High
99400808   ENCODER_Axis23_Low
9940080c   ENCODER_Axis23_High
99400810   ENCODER_Axis24_Low
99400814   ENCODER_Axis24_High
99400818   SERVO_OVER1
9940081c   SERVO_OVER2
99400820   SERVO_ALARM1
99400824   SERVO_ALARM2
99400828   SERVO_COIN1
9940082c   SERVO_COIN2
99400830   HARDLIMIT_POSITIVE1
99400834   HARDLIMIT_POSITIVE2
99400838   HARDLIMIT_NEGATIVE1
9940083c   HARDLIMIT_NEGATIVE2
99400840   ENCODER1_REF
99400844   ENCODER2_REF
99400848   AD0
9940084c   AD1
99400850   AD2
99400854   AD3
99400858   AD4
9940085c   AD5
99400860   AD6
99400864   AD7
99400868   IO_IN1
9940086c   IO_IN2
99400870   IO_IN3
99400874   IO_IN4
99400878   READ_GPIO_UART0
9940087c   READ_GPIO_UART1
99400880   READ_GPIO_UART2
99400884   READ_GPIO_UART3
99400888   READ_GPIO_UART4
9940088c   READ_GPIO_UART5
99400890   READ_GPIO_UART6
99400894   READ_GPIO_UART7
99400898   READ_RS232_1
9940089c   READ_RS232_2
994008a0   READ_RS232_3
994008a4   READ_RS232_4
994008a8   READ_RS485_1
994008ac   READ_RS485_2
994008b0   READ_RS490_1
994008b4   READ_RS490_2
994008b8   READ_I2C_1
994008bc   READ_I2C_2
994008c0   READ_I2C_3
994008c4   READ_I2C_4
994008c8   READ_COM_ReadSign
994008cc   READ_COM_ReadSign2
994008d0   READ_STM32_Data
994008d4   READ_STM32_ReadSign
994008d8   READ_Baudrate_Uart_1_2
994008dc   READ_Baudrate_Uart_3_4
994008e0   READ_Baudrate_Uart_5_6
994008e4   READ_Baudrate_Uart_7_8
994008e8   READ_Baudrate_RS232_1_2
994008ec   READ_Baudrate_RS232_3_4
994008f0   READ_Baudrate_RS485_1_2
994008f4   READ_Baudrate_RS490_1_2
994008f8   ABSENCODER_Dir_Axis1
994008fc   ABSENCODER_RotateRingTotalNuberChar0_Axis1
99400900   ABSENCODER_RotateRingTotalNuberChar1_Axis1
99400904   ABSENCODER_RotateRingTotalNuberChar2_Axis1
99400908   ABSENCODER_RotateRingTotalNuberChar3_Axis1
9940090c   ABSENCODER_RotateRingTotalNuberChar4_Axis1
99400910   ABSENCODER_RingValueChar0_Axis1
99400914   ABSENCODER_RingValueChar1_Axis1
99400918   ABSENCODER_RingValueChar2_Axis1
9940091c   ABSENCODER_RingValueChar3_Axis1
99400920   ABSENCODER_RingValueChar4_Axis1
99400924   ABSENCODER_RingValueChar5_Axis1
99400928   ABSENCODER_RingValueChar6_Axis1
9940092c   ABSENCODER_RingValueChar7_Axis1
99400930   ABSENCODER_Dir_Axis2
99400934   ABSENCODER_RotateRingTotalNuberChar0_Axis2
99400938   ABSENCODER_RotateRingTotalNuberChar1_Axis2
9940093c   ABSENCODER_RotateRingTotalNuberChar2_Axis2
99400940   ABSENCODER_RotateRingTotalNuberChar3_Axis2
99400944   ABSENCODER_RotateRingTotalNuberChar4_Axis2
99400948   ABSENCODER_RingValueChar0_Axis2
9940094c   ABSENCODER_RingValueChar1_Axis2
99400950   ABSENCODER_RingValueChar2_Axis2
99400954   ABSENCODER_RingValueChar3_Axis2
99400958   ABSENCODER_RingValueChar4_Axis2
9940095c   ABSENCODER_RingValueChar5_Axis2
99400960   ABSENCODER_RingValueChar6_Axis2
99400964   ABSENCODER_RingValueChar7_Axis2
99400968   ABSENCODER_Dir_Axis3
9940096c   ABSENCODER_RotateRingTotalNuberChar0_Axis3
99400970   ABSENCODER_RotateRingTotalNuberChar1_Axis3
99400974   ABSENCODER_RotateRingTotalNuberChar2_Axis3
99400978   ABSENCODER_RotateRingTotalNuberChar3_Axis3
9940097c   ABSENCODER_RotateRingTotalNuberChar4_Axis3
99400980   ABSENCODER_RingValueChar0_Axis3
99400984   ABSENCODER_RingValueChar1_Axis3
99400988   ABSENCODER_RingValueChar2_Axis3
9940098c   ABSENCODER_RingValueChar3_Axis3
99400990   ABSENCODER_RingValueChar4_Axis3
99400994   ABSENCODER_RingValueChar5_Axis3
99400998   ABSENCODER_RingValueChar6_Axis3
9940099c   ABSENCODER_RingValueChar7_Axis3
994009a0   ABSENCODER_Dir_Axis4
994009a4   ABSENCODER_RotateRingTotalNuberChar0_Axis4
994009a8   ABSENCODER_RotateRingTotalNuberChar1_Axis4
994009ac   ABSENCODER_RotateRingTotalNuberChar2_Axis4
994009b0   ABSENCODER_RotateRingTotalNuberChar3_Axis4
994009b4   ABSENCODER_RotateRingTotalNuberChar4_Axis4
994009b8   ABSENCODER_RingValueChar0_Axis4
994009bc   ABSENCODER_RingValueChar1_Axis4
994009c0   ABSENCODER_RingValueChar2_Axis4
994009c4   ABSENCODER_RingValueChar3_Axis4
994009c8   ABSENCODER_RingValueChar4_Axis4
994009cc   ABSENCODER_RingValueChar5_Axis4
994009d0   ABSENCODER_RingValueChar6_Axis4
994009d4   ABSENCODER_RingValueChar7_Axis4
994009d8   ABSENCODER_Dir_Axis5
994009dc   ABSENCODER_RotateRingTotalNuberChar0_Axis5
994009e0   ABSENCODER_RotateRingTotalNuberChar1_Axis5
994009e4   ABSENCODER_RotateRingTotalNuberChar2_Axis5
994009e8   ABSENCODER_RotateRingTotalNuberChar3_Axis5
994009ec   ABSENCODER_RotateRingTotalNuberChar4_Axis5
994009f0   ABSENCODER_RingValueChar0_Axis5
994009f4   ABSENCODER_RingValueChar1_Axis5
994009f8   ABSENCODER_RingValueChar2_Axis5
994009fc   ABSENCODER_RingValueChar3_Axis5
99400a00   ABSENCODER_RingValueChar4_Axis5
99400a04   ABSENCODER_RingValueChar5_Axis5
99400a08   ABSENCODER_RingValueChar6_Axis5
99400a0c   ABSENCODER_RingValueChar7_Axis5
99400a10   ABSENCODER_Dir_Axis6
99400a14   ABSENCODER_RotateRingTotalNuberChar0_Axis6
99400a18   ABSENCODER_RotateRingTotalNuberChar1_Axis6
99400a1c   ABSENCODER_RotateRingTotalNuberChar2_Axis6
99400a20   ABSENCODER_RotateRingTotalNuberChar3_Axis6
99400a24   ABSENCODER_RotateRingTotalNuberChar4_Axis6
99400a28   ABSENCODER_RingValueChar0_Axis6
99400a2c   ABSENCODER_RingValueChar1_Axis6
99400a30   ABSENCODER_RingValueChar2_Axis6
99400a34   ABSENCODER_RingValueChar3_Axis6
99400a38   ABSENCODER_RingValueChar4_Axis6
99400a3c   ABSENCODER_RingValueChar5_Axis6
99400a40   ABSENCODER_RingValueChar6_Axis6
99400a44   ABSENCODER_RingValueChar7_Axis6
99400a48   ABSENCODER_Dir_Axis7
99400a4c   ABSENCODER_RotateRingTotalNuberChar0_Axis7
99400a50   ABSENCODER_RotateRingTotalNuberChar1_Axis7
99400a54   ABSENCODER_RotateRingTotalNuberChar2_Axis7
99400a58   ABSENCODER_RotateRingTotalNuberChar3_Axis7
99400a5c   ABSENCODER_RotateRingTotalNuberChar4_Axis7
99400a60   ABSENCODER_RingValueChar0_Axis7
99400a64   ABSENCODER_RingValueChar1_Axis7
99400a68   ABSENCODER_RingValueChar2_Axis7
99400a6c   ABSENCODER_RingValueChar3_Axis7
99400a70   ABSENCODER_RingValueChar4_Axis7
99400a74   ABSENCODER_RingValueChar5_Axis7
99400a78   ABSENCODER_RingValueChar6_Axis7
99400a7c   ABSENCODER_RingValueChar7_Axis7
99400a80   ABSENCODER_Dir_Axis8
99400a84   ABSENCODER_RotateRingTotalNuberChar0_Axis8
99400a88   ABSENCODER_RotateRingTotalNuberChar1_Axis8
99400a8c   ABSENCODER_RotateRingTotalNuberChar2_Axis8
99400a90   ABSENCODER_RotateRingTotalNuberChar3_Axis8
99400a94   ABSENCODER_RotateRingTotalNuberChar4_Axis8
99400a98   ABSENCODER_RingValueChar0_Axis8
99400a9c   ABSENCODER_RingValueChar1_Axis8
99400aa0   ABSENCODER_RingValueChar2_Axis8
99400aa4   ABSENCODER_RingValueChar3_Axis8
99400aa8   ABSENCODER_RingValueChar4_Axis8
99400aac   ABSENCODER_RingValueChar5_Axis8
99400ab0   ABSENCODER_RingValueChar6_Axis8
99400ab4   ABSENCODER_RingValueChar7_Axis8
99400ab8   ABSENCODER_Dir_Axis9
99400abc   ABSENCODER_RotateRingTotalNuberChar0_Axis9
99400ac0   ABSENCODER_RotateRingTotalNuberChar1_Axis9
99400ac4   ABSENCODER_RotateRingTotalNuberChar2_Axis9
99400ac8   ABSENCODER_RotateRingTotalNuberChar3_Axis9
99400acc   ABSENCODER_RotateRingTotalNuberChar4_Axis9
99400ad0   ABSENCODER_RingValueChar0_Axis9
99400ad4   ABSENCODER_RingValueChar1_Axis9
99400ad8   ABSENCODER_RingValueChar2_Axis9
99400adc   ABSENCODER_RingValueChar3_Axis9
99400ae0   ABSENCODER_RingValueChar4_Axis9
99400ae4   ABSENCODER_RingValueChar5_Axis9
99400ae8   ABSENCODER_RingValueChar6_Axis9
99400aec   ABSENCODER_RingValueChar7_Axis9
99400af0   ABSENCODER_Dir_Axis10
99400af4   ABSENCODER_RotateRingTotalNuberChar0_Axis10
99400af8   ABSENCODER_RotateRingTotalNuberChar1_Axis10
99400afc   ABSENCODER_RotateRingTotalNuberChar2_Axis10
99400b00   ABSENCODER_RotateRingTotalNuberChar3_Axis10
99400b04   ABSENCODER_RotateRingTotalNuberChar4_Axis10
99400b08   ABSENCODER_RingValueChar0_Axis10
99400b0c   ABSENCODER_RingValueChar1_Axis10
99400b10   ABSENCODER_RingValueChar2_Axis10
99400b14   ABSENCODER_RingValueChar3_Axis10
99400b18   ABSENCODER_RingValueChar4_Axis10
99400b1c   ABSENCODER_RingValueChar5_Axis10
99400b20   ABSENCODER_RingValueChar6_Axis10
99400b24   ABSENCODER_RingValueChar7_Axis10
99400b28   ABSENCODER_Dir_Axis11
99400b2c   ABSENCODER_RotateRingTotalNuberChar0_Axis11
99400b30   ABSENCODER_RotateRingTotalNuberChar1_Axis11
99400b34   ABSENCODER_RotateRingTotalNuberChar2_Axis11
99400b38   ABSENCODER_RotateRingTotalNuberChar3_Axis11
99400b3c   ABSENCODER_RotateRingTotalNuberChar4_Axis11
99400b40   ABSENCODER_RingValueChar0_Axis11
99400b44   ABSENCODER_RingValueChar1_Axis11
99400b48   ABSENCODER_RingValueChar2_Axis11
99400b4c   ABSENCODER_RingValueChar3_Axis11
99400b50   ABSENCODER_RingValueChar4_Axis11
99400b54   ABSENCODER_RingValueChar5_Axis11
99400b58   ABSENCODER_RingValueChar6_Axis11
99400b5c   ABSENCODER_RingValueChar7_Axis11
99400b60   ABSENCODER_Dir_Axis12
99400b64   ABSENCODER_RotateRingTotalNuberChar0_Axis12
99400b68   ABSENCODER_RotateRingTotalNuberChar1_Axis12
99400b6c   ABSENCODER_RotateRingTotalNuberChar2_Axis12
99400b70   ABSENCODER_RotateRingTotalNuberChar3_Axis12
99400b74   ABSENCODER_RotateRingTotalNuberChar4_Axis12
99400b78   ABSENCODER_RingValueChar0_Axis12
99400b7c   ABSENCODER_RingValueChar1_Axis12
99400b80   ABSENCODER_RingValueChar2_Axis12
99400b84   ABSENCODER_RingValueChar3_Axis12
99400b88   ABSENCODER_RingValueChar4_Axis12
99400b8c   ABSENCODER_RingValueChar5_Axis12
99400b90   ABSENCODER_RingValueChar6_Axis12
99400b94   ABSENCODER_RingValueChar7_Axis12
99400b98   ABSENCODER_Dir_Axis13
99400b9c   ABSENCODER_RotateRingTotalNuberChar0_Axis13
99400ba0   ABSENCODER_RotateRingTotalNuberChar1_Axis13
99400ba4   ABSENCODER_RotateRingTotalNuberChar2_Axis13
99400ba8   ABSENCODER_RotateRingTotalNuberChar3_Axis13
99400bac   ABSENCODER_RotateRingTotalNuberChar4_Axis13
99400bb0   ABSENCODER_RingValueChar0_Axis13
99400bb4   ABSENCODER_RingValueChar1_Axis13
99400bb8   ABSENCODER_RingValueChar2_Axis13
99400bbc   ABSENCODER_RingValueChar3_Axis13
99400bc0   ABSENCODER_RingValueChar4_Axis13
99400bc4   ABSENCODER_RingValueChar5_Axis13
99400bc8   ABSENCODER_RingValueChar6_Axis13
99400bcc   ABSENCODER_RingValueChar7_Axis13
99400bd0   ABSENCODER_Dir_Axis14
99400bd4   ABSENCODER_RotateRingTotalNuberChar0_Axis14
99400bd8   ABSENCODER_RotateRingTotalNuberChar1_Axis14
99400bdc   ABSENCODER_RotateRingTotalNuberChar2_Axis14
99400be0   ABSENCODER_RotateRingTotalNuberChar3_Axis14
99400be4   ABSENCODER_RotateRingTotalNuberChar4_Axis14
99400be8   ABSENCODER_RingValueChar0_Axis14
99400bec   ABSENCODER_RingValueChar1_Axis14
99400bf0   ABSENCODER_RingValueChar2_Axis14
99400bf4   ABSENCODER_RingValueChar3_Axis14
99400bf8   ABSENCODER_RingValueChar4_Axis14
99400bfc   ABSENCODER_RingValueChar5_Axis14
99400c00   ABSENCODER_RingValueChar6_Axis14
99400c04   ABSENCODER_RingValueChar7_Axis14
99400c08   PMT1_Low
99400c0c   PMT1_High
99400c10   PMT2_Low
99400c14   PMT2_High
99400c18   PWM_Axis1
99400c1c   PWM_Axis2
99400c20   PWM_Axis3
99400c24   PWM_Axis4
99400c28   PWM_Axis5
99400c2c   PWM_Axis6
99400c30   PWM_Axis7
99400c34   PWM_Axis8
99400c38   PWM_Axis9
99400c3c   PWM_Axis10
99400c40   PWM_Axis11
99400c44   PWM_Axis12
99400c48   PWM_Axis13
99400c4c   PWM_Axis14
99400c50   PWM_Axis15
99400c54   PWM_Axis16
99400c58   PWM_Axis17
99400c5c   PWM_Axis18
99400c60   PWM_Axis19
99400c64   PWM_Axis20
99400c68   PWM_Axis21
99400c6c   PWM_Axis22
99400c70   PWM_Axis23
99400c74   LPM_Axis1
99400c78   LPM_Axis2
99400c7c   LPM_Axis3
99400c80   LPM_Axis4
99400c84   LPM_Axis5
99400c88   LPM_Axis6
99400c8c   LPM_Axis7
99400c90   LPM_Axis8
99400c94   LPM_Axis9
99400c98   LPM_Axis10
99400c9c   LPM_Axis11
99400ca0   LPM_Axis12
99400ca4   LPM_Axis13
99400ca8   LPM_Axis14
99400cac   LPM_Axis15
99400cb0   LPM_Axis16
99400cb4   LPM_Axis17
99400cb8   LPM_Axis18
99400cbc   LPM_Axis19
99400cc0   LPM_Axis20
99400cc4   LPM_Axis21
99400cc8   LPM_Axis22
99400ccc   LPM_Axis23
99400cd0   LPM_Enable
99400cd4   SERVO_ON1
99400cd8   SERVO_ON2
99400cdc   SERVO_Dir1
99400ce0   SERVO_Dir2
99400ce4   ENCODER_Clear1
99400ce8   ENCODER_Clear2
99400cec   IO_OUT1
99400cf0   IO_OUT2
99400cf4   IO_OUT3
99400cf8   IO_OUT4
99400cfc   LED_OUT1
99400d00   LED_OUT2
99400d04   ABSENCODER_SEN
99400d08   WRITE_Baudrate_Uart_1_2
99400d0c   WRITE_Baudrate_Uart_3_4
99400d10   WRITE_Baudrate_Uart_5_6
99400d14   WRITE_Baudrate_Uart_7_8
99400d18   WRITE_Baudrate_RS232_1_2
99400d1c   WRITE_Baudrate_RS232_3_4
99400d20   WRITE_Baudrate_RS485_1_2
99400d24   WRITE_Baudrate_RS490_1_2
99400d28   WRITE_GPIO_UART0
99400d2c   WRITE_GPIO_UART1
99400d30   WRITE_GPIO_UART2
99400d34   WRITE_GPIO_UART3
99400d38   WRITE_GPIO_UART4
99400d3c   WRITE_GPIO_UART5
99400d40   WRITE_GPIO_UART6
99400d44   WRITE_GPIO_UART7
99400d48   WRITE_RS232_1
99400d4c   WRITE_RS232_2
99400d50   WRITE_RS232_3
99400d54   WRITE_RS232_4
99400d58   WRITE_RS485_1
99400d5c   WRITE_RS485_2
99400d60   WRITE_RS485_3
99400d64   WRITE_RS485_4
99400d68   WRITE_RS490_1
99400d6c   WRITE_RS490_2
99400d70   WRITE_I2C_1
99400d74   WRITE_I2C_2
99400d78   WRITE_I2C_3
99400d7c   WRITE_I2C_4
99400d80   COM_IN_FIFO_Clear
99400d84   COM_OUT_FIFO_Clear
99400d88   COM_IN_FIFO_Clear_2
99400d8c   COM_OUT_FIFO_Clear_2
99400d90   WRITE_STM32_Data
99400d94   STM32_IN_FIFO_Clear
99400d98   LED1_OUT_Time
99400d9c   LED2_OUT_Time
99400da0   LED_OUT_Ctrl
99400da4   DA_Convert_Ctrl
99400da8   DA_Convert_CS
99400dac   DA_Convert_Ctrl_2
99400db0   DA_Convert_Ctrl_2_Sync
99400db4   DA_Convert_CS_2
99400db8   AOTF_HighCount
99400dbc   AOTF_LowCount
99400dc0   AOTF_Phase
99400dc4   AOTF_Enable
99400dc8   Pockels_HighCount
99400dcc   Pockels_LowCount
99400dd0   Pockels_Phase
99400dd4   Pockels_Enable
99400dd8   PWM_HighCount
99400ddc   PWM_LowCount
99400de0   PWM_Phase
99400de4   PWM_Enable
99400de8   PWM2_HighCount
99400dec   PWM2_LowCount
99400df0   PWM2_Phase
99400df4   PWM2_Enable
99400df8   DA_Convert_Ctrl_3
99400dfc   DA_Convert_CS_3
99400e00   GPIO0_IRQSTATUS_RAW_0_REG
99400e04   GPIO0_IRQSTATUS_RAW_1_REG
99400e08   GPIO1_IRQSTATUS_RAW_0_REG
99400e0c   GPIO1_IRQSTATUS_RAW_1_REG
99400e10   GPIO0_IRQSTATUS_0_REG
99400e14   GPIO0_IRQSTATUS_1_REG
99400e18   GPIO1_IRQSTATUS_0_REG
99400e1c   GPIO1_IRQSTATUS_1_REG
99400ed6   JumpError
99400ed8   CompensationCnt
99400eda   MonitorInterPlationBufi
99400edc   MonitorBuffer1Cnt
99400ede   MonitorBuffer2Cnt
99400ee0   MonitorBuffer3Cnt
99400ee2   MonitorBuffer4Cnt
99400ee4   PositionPointerCnt
99400ee8   PositionPointerCnt_Bak
99400ef0   CameraScanStepperTotalNumber_X
99400ef8   OpticalFlashPointerCnt
99400efc   OpticalFlashPointerCnt_Bak
99400f00   CameraShutterStepperTotalNumber_X
99400f08   CameraShutterPointerCnt
99400f0c   CameraShutterPointerCnt_Bak
99400f30   check_cycle
99400f32   SampleCycle
99400f56   LensCompensationBufferCnt
99400f58   ServoOn2Counter
99400f60   PI
99401000   ti_sysbios_family_c64p_Hwi0
99401020   ti_sysbios_family_c64p_Hwi1
99401040   ti_sysbios_family_c64p_Hwi2
99401060   ti_sysbios_family_c64p_Hwi3
99401080   ti_sysbios_family_c64p_Hwi4
994010a0   ti_sysbios_family_c64p_Hwi5
994010c0   ti_sysbios_family_c64p_Hwi6
994010e0   ti_sysbios_family_c64p_Hwi7
99401100   ti_sysbios_family_c64p_Hwi8
99401120   ti_sysbios_family_c64p_Hwi9
99401140   ti_sysbios_family_c64p_Hwi10
99401160   ti_sysbios_family_c64p_Hwi11
99401180   ti_sysbios_family_c64p_Hwi12
994011a0   ti_sysbios_family_c64p_Hwi13
994011c0   ti_sysbios_family_c64p_Hwi14
994011e0   ti_sysbios_family_c64p_Hwi15
99401408   OneE2
994014a0   numnL2
99401520   HPisDP
99401580   HPisdp
994015e0   __CIOBUF_
99401700   __c_args__
99401800   _Ipc_ResetVector
99401808   Ipc_sr0MemorySetup
9e400000   ti_uia_runtime_LoggerSM_Module_State_0_sharedBuffer__A
ffffffff   __TI_pprof_out_hndl
ffffffff   __TI_prof_data_size
ffffffff   __TI_prof_data_start
ffffffff   __binit__
ffffffff   binit
UNDEFED    __TI_CINIT_Base
UNDEFED    __TI_CINIT_Limit
UNDEFED    __TI_Handler_Table_Base
UNDEFED    __TI_Handler_Table_Limit
UNDEFED    __TI_INITARRAY_Base
UNDEFED    __TI_INITARRAY_Limit

[2042 symbols]


DYNAMIC SYMBOLS: SORTED ALPHABETICALLY BY Name 

address    name
--------   ----
UNDEFED    
994003b8   TSK_idle
99401800   _Ipc_ResetVector
993fafe0   __TI_STACK_END
00020000   __TI_STACK_SIZE
99400650   __TI_STATIC_BASE
ffffffff   __TI_pprof_out_hndl
ffffffff   __TI_prof_data_size
ffffffff   __TI_prof_data_start
ffffffff   __binit__
99401700   __c_args__
00000064   _argsize
ffffffff   binit
00000001   xdc_runtime_Startup__EXECFXN__C
00000001   xdc_runtime_Startup__RESETFXN__C

[15 symbols]


IMPORTED and EXPORTED SYMBOLS: SORTED ALPHABETICALLY BY Name 

IMPORTED SYMBOLS

name                           size      Imported from
-----------------------------  --------  -------------

[0 symbols]


EXPORTED SYMBOLS

address    name
--------   ----
99401800   _Ipc_ResetVector
